******************************************************************************
                  TI ARM Linker PC v18.12.4                    
******************************************************************************
>> Linked Fri Mar  6 14:52:22 2020

OUTPUT FILE NAME:   <USB1352.out>
ENTRY POINT SYMBOL: "ResetISR"  address: 000022f9


MEMORY CONFIGURATION

         name            origin    length      used     unused   attr    fill
----------------------  --------  ---------  --------  --------  ----  --------
  FLASH                 00000000   00058000  00003bec  00054414  R  X
  GPRAM                 11000000   00002000  00000000  00002000  RW X
  SRAM                  20000000   00014000  00001e5d  000121a3  RW X


SEGMENT ALLOCATION MAP

run origin  load origin   length   init length attrs members
----------  ----------- ---------- ----------- ----- -------
00000000    00000000    00003b98   00003b98    r-x
  00000000    00000000    0000003c   0000003c    r-- .resetVecs
  0000003c    0000003c    000033d0   000033d0    r-x .text
  0000340c    0000340c    000005a8   000005a8    r-- .const
  000039b8    000039b8    000001e0   000001e0    r-- .cinit
00057fa8    00057fa8    00000058   00000058    r--
  00057fa8    00057fa8    00000058   00000058    r-- .ccfg
20000100    20000100    0000000c   00000000    rw-
  20000100    20000100    00000004   00000000    rw- .data:xdcRomConstPtr
  20000104    20000104    00000004   00000000    rw- .data:xdcRomExternFuncPtr
  20000108    20000108    00000004   00000000    rw- .data:xdcRomStatePtr
20000110    20000110    00001000   00000000    r--
  20000110    20000110    00001000   00000000    r-- .priheap
20001110    20001110    00000979   00000000    rw-
  20001110    20001110    00000538   00000000    rw- .data
  20001648    20001648    00000441   00000000    rw- .bss
20013c00    20013c00    00000400   00000000    rw-
  20013c00    20013c00    00000400   00000000    rw- .stack


SECTION ALLOCATION MAP

 output                                  attributes/
section   page    origin      length       input sections
--------  ----  ----------  ----------   ----------------
.binit     0    00000000    00000000     

.cinit     0    000039b8    000001e0     
                  000039b8    00000187     (.cinit..data.load) [load image, compression = lzss]
                  00003b3f    00000001     --HOLE-- [fill = 0]
                  00003b40    0000000c     (__TI_handler_table)
                  00003b4c    00000004     --HOLE-- [fill = 0]
                  00003b50    00000008     (.cinit..bss.load) [load image, compression = zero_init]
                  00003b58    00000008     (.cinit..data:xdcRomConstPtr.load) [load image, compression = lzss]
                  00003b60    00000008     (.cinit..data:xdcRomExternFuncPtr.load) [load image, compression = lzss]
                  00003b68    00000008     (.cinit..data:xdcRomStatePtr.load) [load image, compression = lzss]
                  00003b70    00000028     (__TI_cinit_table)

.init_array 
*          0    00000000    00000000     UNINITIALIZED

.ccfg      0    00057fa8    00000058     
                  00057fa8    00000058     ti_devices_config.obj (.ccfg:retain)

.data      0    20001110    00000538     UNINITIALIZED
                  20001110    00000110     drivers_cc13x2.aem4f : PowerCC26X2.oem4f (.data:PowerCC26X2_module)
                  20001220    0000010c     release_pem4f.oem4f (.data:ROM_stateStruct)
                  2000132c    00000088     rom_sysbios.aem4f : rom_sysbios.obj (.data:$O1$$)
                  200013b4    00000054     release_pem4f.oem4f (.data:ti_sysbios_gates_GateMutex_Object__table__V)
                  20001408    0000004c     release_pem4f.oem4f (.data:ti_sysbios_knl_Task_Object__table__V)
                  20001454    00000004     drivers_cc13x2.aem4f : GPIOCC26XX.oem4f (.data:gpioPinTable)
                  20001458    00000048     release_pem4f.oem4f (.data:ti_sysbios_family_arm_cc26xx_Timer_Object__table__V)
                  200014a0    00000030     release_pem4f.oem4f (.data:ti_sysbios_knl_Swi_Module_State_0_readyQ__A)
                  200014d0    00000030     release_pem4f.oem4f (.data:ti_sysbios_knl_Swi_Object__table__V)
                  20001500    00000030     release_pem4f.oem4f (.data:ti_sysbios_knl_Task_Module_State_0_readyQ__A)
                  20001530    00000020     release_pem4f.oem4f (.data:ti_sysbios_knl_Clock_Object__table__V)
                  20001550    00000020     release_pem4f.oem4f (.data:xdc_runtime_Error_IgnoreBlock)
                  20001570    00000018     release_pem4f.oem4f (.data:ti_sysbios_family_arm_m3_Hwi_Object__table__V)
                  20001588    00000018     release_pem4f.oem4f (.data:ti_sysbios_heaps_HeapMem_Object__table__V)
                  200015a0    0000000c     ti_drivers_config.obj (.data:gpioCallbackFunctions)
                  200015ac    0000000c     ti_drivers_config.obj (.data:gpioPinConfigs)
                  200015b8    00000008     rtsv7M4_T_le_v4SPD16_eabi.lib : _lock.c.obj (.data:$O1$$)
                  200015c0    00000008     drivers_cc13x2.aem4f : PINCC26XX.oem4f (.data)
                  200015c8    00000008     release_pem4f.oem4f (.data:ti_sysbios_family_arm_m3_Hwi_Module__root__V)
                  200015d0    00000008     release_pem4f.oem4f (.data:ti_sysbios_gates_GateHwi_Module__root__V)
                  200015d8    00000008     release_pem4f.oem4f (.data:ti_sysbios_gates_GateMutex_Module__root__V)
                  200015e0    00000008     release_pem4f.oem4f (.data:ti_sysbios_hal_Hwi_Module__root__V)
                  200015e8    00000008     release_pem4f.oem4f (.data:ti_sysbios_heaps_HeapMem_Module__root__V)
                  200015f0    00000008     release_pem4f.oem4f (.data:ti_sysbios_knl_Clock_Module__root__V)
                  200015f8    00000008     release_pem4f.oem4f (.data:ti_sysbios_knl_Event_Module__root__V)
                  20001600    00000008     release_pem4f.oem4f (.data:ti_sysbios_knl_Mailbox_Module__root__V)
                  20001608    00000008     release_pem4f.oem4f (.data:ti_sysbios_knl_Queue_Module__root__V)
                  20001610    00000008     release_pem4f.oem4f (.data:ti_sysbios_knl_Semaphore_Module__root__V)
                  20001618    00000008     release_pem4f.oem4f (.data:ti_sysbios_knl_Swi_Module__root__V)
                  20001620    00000008     release_pem4f.oem4f (.data:ti_sysbios_knl_Task_Module__root__V)
                  20001628    00000008     release_pem4f.oem4f (.data:xdc_runtime_System_Module_State_0_atexitHandlers__A)
                  20001630    00000005     drivers_cc13x2.aem4f : GPIOCC26XX.oem4f (.data)
                  20001635    00000001     --HOLE--
                  20001636    00000002     release_pem4f.oem4f (.data:ti_sysbios_family_arm_m3_Hwi_Module_State_0_excActive__A)
                  20001638    00000004     rtsv7M4_T_le_v4SPD16_eabi.lib : stkdepth_vars.c.obj (.data)
                  2000163c    00000004     release_pem4f.oem4f (.data:ti_sysbios_family_arm_m3_Hwi_Module_State_0_excContext__A)
                  20001640    00000004     release_pem4f.oem4f (.data:ti_sysbios_family_arm_m3_Hwi_Module_State_0_excStack__A)
                  20001644    00000004     release_pem4f.oem4f (.data:ti_sysbios_knl_Task_Module_State_0_idleTask__A)

.bss       0    20001648    00000441     UNINITIALIZED
                  20001648    00000200     release_pem4f.oem4f (.bss:taskStackSection)
                  20001848    000000d8     (.common:ti_sysbios_family_arm_m3_Hwi_dispatchTable)
                  20001920    0000007c     (.common:pinHandleTable)
                  2000199c    00000034     drivers_cc13x2.aem4f : PINCC26XX.oem4f (.bss:pinSwi)
                  200019d0    00000020                          : GPIOCC26XX.oem4f (.bss:gpioCallbackInfo)
                  200019f0    00000020                          : PINCC26XX.oem4f (.bss:pinGpioConfigTable)
                  20001a10    0000001c     driverlib.lib : osc.obj (.bss:$O1$$)
                  20001a2c    0000001c     drivers_cc13x2.aem4f : PINCC26XX.oem4f (.bss:pinHwi)
                  20001a48    0000001c                          : PINCC26XX.oem4f (.bss:pinSemaphore)
                  20001a64    0000000c                          : GPIOCC26XX.oem4f (.bss:gpioPinState)
                  20001a70    00000008                          : GPIOCC26XX.oem4f (.bss)
                  20001a78    00000004                          : PINCC26XX.oem4f (.bss)
                  20001a7c    00000004     (.common:ClockP_tickPeriod)
                  20001a80    00000004     (.common:PowerCC26XX_swiKey)
                  20001a84    00000004     (.common:PowerCC26XX_taskKey)
                  20001a88    00000001     (.common:driverlib_release_0_55938)

.stack     0    20013c00    00000400     UNINITIALIZED
                  20013c00    00000400     --HOLE--

.priheap   0    20000110    00001000     UNINITIALIZED
                  20000110    00001000     --HOLE--

.data:xdcRomConstPtr 
*          0    20000100    00000004     UNINITIALIZED
                  20000100    00000004     release_pem4f.oem4f (.data:xdcRomConstPtr)

.data:xdcRomExternFuncPtr 
*          0    20000104    00000004     UNINITIALIZED
                  20000104    00000004     release_pem4f.oem4f (.data:xdcRomExternFuncPtr)

.data:xdcRomStatePtr 
*          0    20000108    00000004     UNINITIALIZED
                  20000108    00000004     release_pem4f.oem4f (.data:xdcRomStatePtr)

.bootVecs 
*          0    00000000    00000008     DSECT
                  00000000    00000008     boot.aem4f : boot.oem4f (.bootVecs)

.resetVecs 
*          0    00000000    0000003c     
                  00000000    0000003c     release_pem4f.oem4f (.resetVecs)

.vecs      0    20000000    000000d8     NOLOAD SECTION
                  20000000    000000d8     release_pem4f.oem4f (.vecs)

xdc.meta   0    00000000    00000102     COPY SECTION
                  00000000    00000102     release_pem4f.oem4f (xdc.meta)

xdc.noload 
*          0    00000000    00000000     COPY SECTION

.text      0    0000003c    000033d0     
                  0000003c    000001c4     drivers_cc13x2.aem4f : PINCC26XX.oem4f (.text:PIN_init)
                  00000200    000001b6     rtsv7M4_T_le_v4SPD16_eabi.lib : fd_add_t2.asm.obj (.text)
                  000003b6    00000002                                   : _lock.c.obj (.text:_nop)
                  000003b8    000001a8     drivers_cc13x2.aem4f : PowerCC26X2.oem4f (.text:Power_sleep)
                  00000560    00000190                          : PowerCC26X2_calibrateRCOSC.oem4f (.text:calibrateRcoscHf1)
                  000006f0    0000018c                          : PowerCC26X2.oem4f (.text:Power_init)
                  0000087c    0000018c                          : PowerCC26X2_calibrateRCOSC.oem4f (.text:runCalibrateFsm)
                  00000a08    00000188     release_pem4f.oem4f (.text:xdc_runtime_System_printfExtend__I)
                  00000b90    00000110     drivers_cc13x2.aem4f : GPIOCC26XX.oem4f (.text:GPIO_setConfig)
                  00000ca0    00000100                          : PowerCC26X2.oem4f (.text:configureXOSCHF)
                  00000da0    000000fc     driverlib.lib : sys_ctrl.obj (.text:NOROM_SysCtrlStandby)
                  00000e9c    000000fc     rtsv7M4_T_le_v4SPD16_eabi.lib : fd_mul_t2.asm.obj (.text)
                  00000f98    000000f8     drivers_cc13x2.aem4f : PINCC26XX.oem4f (.text:PINCC26XX_setIoCfg)
                  00001090    000000ec     rom_sysbios.aem4f : rom_sysbios.obj (.text:pthread_create)
                  0000117c    000000c8     drivers_cc13x2.aem4f : PowerCC26X2.oem4f (.text:Power_releaseDependency)
                  00001244    000000c4                          : GPIOCC26XX.oem4f (.text:GPIO_init)
                  00001308    000000c4                          : PowerCC26X2.oem4f (.text:Power_setDependency)
                  000013cc    000000b4     dpl_cc13x2.aem4f : PowerCC26X2_tirtos.oem4f (.text:PowerCC26XX_standbyPolicy)
                  00001480    000000ac     drivers_cc13x2.aem4f : PINCC26XX.oem4f (.text:PIN_open)
                  0000152c    000000ac     driverlib.lib : setup.obj (.text:TrimAfterColdResetWakeupFromShutDown)
                  000015d8    000000a0     auto_init.aem4f : auto_init.oem4f (.text)
                  00001678    000000a0     rom_sysbios.aem4f : rom_sysbios.obj (.text:ti_sysbios_knl_Task_setPri__E)
                  00001718    0000009c     rtsv7M4_T_le_v4SPD16_eabi.lib : memcpy_t2.asm.obj (.text)
                  000017b4    00000098     driverlib.lib : setup.obj (.text:NOROM_SetupTrimDevice)
                  0000184c    00000096     rtsv7M4_T_le_v4SPD16_eabi.lib : ull_div_t2.asm.obj (.text)
                  000018e2    00000002     drivers_cc13x2.aem4f : PowerCC26X2.oem4f (.text:emptyClockFunc)
                  000018e4    00000088     driverlib.lib : osc.obj (.text:NOROM_OSCHF_AttemptToSwitchToXosc)
                  0000196c    00000088     rom_sysbios.aem4f : rom_sysbios.obj (.text:_pthread_removeThreadKeys)
                  000019f4    00000088     drivers_cc13x2.aem4f : PowerCC26X2_calibrateRCOSC.oem4f (.text:calibrateRcoscHf2)
                  00001a7c    00000088                          : PowerCC26X2.oem4f (.text:disableLFClockQualifiers)
                  00001b04    00000088                          : PowerCC26X2_calibrateRCOSC.oem4f (.text:updateSubSecInc)
                  00001b8c    00000086     rtsv7M4_T_le_v4SPD16_eabi.lib : fd_cmp_t2.asm.obj (.text:__aeabi_cdcmple)
                  00001c12    00000086                                   : fd_cmp_t2.asm.obj (.text:__aeabi_cdrcmple)
                  00001c98    00000084     CC1352P1_LAUNCHXL_fxns.obj (.text:CC1352P1_LAUNCHXL_sendExtFlashByte)
                  00001d1c    00000084     rom_sysbios.aem4f : rom_sysbios.obj (.text:ti_sysbios_family_arm_m3_Hwi_excHandlerMin__I)
                  00001da0    00000080                       : rom_sysbios.obj (.text:ti_sysbios_family_arm_cc26xx_Timer_start__E)
                  00001e20    0000007a     rtsv7M4_T_le_v4SPD16_eabi.lib : memset_t2.asm.obj (.text)
                  00001e9a    00000002                                   : div0.asm.obj (.text)
                  00001e9c    00000074     drivers_cc13x2.aem4f : PowerCC26X2_calibrateRCOSC.oem4f (.text:PowerCC26X2_auxISR)
                  00001f10    00000070                          : PINCC26XX.oem4f (.text:PIN_add)
                  00001f80    0000006d     rom_sysbios.aem4f : rom_sysbios.obj (.text:xdc_runtime_System_formatNum__I)
                  00001fed    00000001     --HOLE-- [fill = 0]
                  00001fee    00000002     release_pem4f.oem4f (.text:ti_sysbios_BIOS_nullFunc__I)
                  00001ff0    00000068     driverlib.lib : osc.obj (.text:NOROM_OSCHF_SwitchToRcOscTurnOffXosc)
                  00002058    00000068                   : sys_ctrl.obj (.text:NOROM_SysCtrlSetRechargeBeforePowerDown)
                  000020c0    00000068     rtsv7M4_T_le_v4SPD16_eabi.lib : copy_decompress_lzss.c.obj (.text:decompress:lzss:__TI_decompress_lzss)
                  00002128    00000064     main_tirtos.obj (.text:main)
                  0000218c    0000005c     drivers_cc13x2.aem4f : PINCC26XX.oem4f (.text:PIN_remove)
                  000021e8    0000005c     rom_sysbios.aem4f : rom_sysbios.obj (.text:ti_sysbios_heaps_HeapMem_initPrimary__I)
                  00002244    0000005c     release_pem4f.oem4f (.text:xdc_runtime_Startup_getState__I)
                  000022a0    00000058     drivers_cc13x2.aem4f : PowerCC26X2_calibrateRCOSC.oem4f (.text:PowerCC26X2_initiateCalibration)
                  000022f8    00000058     boot.aem4f : boot.oem4f (.text)
                  00002350    00000058     rom_sysbios.aem4f : rom_sysbios.obj (.text:pthread_exit)
                  000023a8    00000054     driverlib.lib : chipinfo.obj (.text:NOROM_ChipInfo_GetChipType)
                  000023fc    00000050     dpl_cc13x2.aem4f : ClockP_tirtos.oem4f (.text:ClockP_construct)
                  0000244c    0000004c     CC1352P1_LAUNCHXL_fxns.obj (.text:CC1352P1_LAUNCHXL_wakeUpExtFlash)
                  00002498    0000004c     rtsv7M4_T_le_v4SPD16_eabi.lib : cpy_tbl.c.obj (.text:copy_in)
                  000024e4    0000004c     drivers_cc13x2.aem4f : PowerCC26X2.oem4f (.text:switchXOSCHF)
                  00002530    00000048                          : PowerCC26X2_calibrateRCOSC.oem4f (.text:PowerCC26X2_RCOSC_clockFunc)
                  00002578    00000048     rtsv7M4_T_le_v4SPD16_eabi.lib : fd_toi_t2.asm.obj (.text)
                  000025c0    00000044     driverlib.lib : chipinfo.obj (.text:NOROM_ChipInfo_GetHwRevision)
                  00002604    00000044     drivers_cc13x2.aem4f : PINCC26XX.oem4f (.text:PIN_swi)
                  00002648    00000044     rtsv7M4_T_le_v4SPD16_eabi.lib : fd_tou_t2.asm.obj (.text)
                  0000268c    00000040     CC1352P1_LAUNCHXL_fxns.obj (.text:CC1352P1_LAUNCHXL_shutDownExtFlash)
                  000026cc    00000040     rtsv7M4_T_le_v4SPD16_eabi.lib : u_divt2.asm.obj (.text)
                  0000270c    00000040     rom_sysbios.aem4f : rom_sysbios.obj (.text:ti_sysbios_family_arm_cc26xx_Timer_setThreshold__I)
                  0000274c    0000003e     dpl_cc13x2.aem4f : HwiP_tirtos.oem4f (.text:HwiP_construct)
                  0000278a    00000002     rom_sysbios.aem4f : rom_sysbios.obj (.text:xdc_runtime_SysCallback_defaultAbort)
                  0000278c    0000003c     drivers_cc13x2.aem4f : PINCC26XX.oem4f (.text:PIN_setOutputValue)
                  000027c8    0000003c     dpl_cc13x2.aem4f : SwiP_tirtos.oem4f (.text:SwiP_construct)
                  00002804    0000003c     rom_sysbios.aem4f : rom_sysbios.obj (.text:sleep)
                  00002840    0000003c                       : rom_sysbios.obj (.text:ti_sysbios_family_arm_m3_Hwi_construct2__E)
                  0000287c    00000038     driverlib.lib : osc.obj (.text:NOROM_OSC_HPOSCRelativeFrequencyOffsetGet)
                  000028b4    00000038     drivers_cc13x2.aem4f : PINCC26XX.oem4f (.text:PIN_setConfig)
                  000028ec    00000038                          : PowerCC26X2.oem4f (.text:notify)
                  00002924    00000038     rtsv7M4_T_le_v4SPD16_eabi.lib : fs_tod_t2.asm.obj (.text)
                  0000295c    00000036     rom_sysbios.aem4f : rom_sysbios.obj (.text:ti_sysbios_family_arm_cc26xx_Timer_setNextTick__E)
                  00002992    00000002                       : rom_sysbios.obj (.text:xdc_runtime_SysCallback_defaultExit)
                  00002994    00000034     drivers_cc13x2.aem4f : GPIOCC26XX.oem4f (.text:GPIO_toggle)
                  000029c8    00000034     driverlib.lib : aux_sysif.obj (.text:NOROM_AUXSYSIFOpModeChange)
                  000029fc    00000034                   : sys_ctrl.obj (.text:NOROM_SysCtrlIdle)
                  00002a30    00000030     drivers_cc13x2.aem4f : GPIOCC26XX.oem4f (.text:GPIO_hwiIntFxn)
                  00002a60    00000030                          : GPIOCC26XX.oem4f (.text:GPIO_setCallback)
                  00002a90    00000030                          : PowerCC26X2.oem4f (.text:Power_releaseConstraint)
                  00002ac0    00000030                          : PowerCC26X2.oem4f (.text:Power_setConstraint)
                  00002af0    00000030     release_pem4f.oem4f (.text:ti_sysbios_BIOS_atExitFunc__I)
                  00002b20    00000030     release_pem4f.oem4f (.text:ti_sysbios_BIOS_startFunc__I)
                  00002b50    00000030     rom_sysbios.aem4f : rom_sysbios.obj (.text:ti_sysbios_family_arm_cc26xx_Timer_getCurrentTick__E)
                  00002b80    00000030                       : rom_sysbios.obj (.text:ti_sysbios_family_arm_cc26xx_Timer_initDevice__I)
                  00002bb0    0000002e     rtsv7M4_T_le_v4SPD16_eabi.lib : i_tofd_t2.asm.obj (.text)
                  00002bde    0000002c     dpl_cc13x2.aem4f : SemaphoreP_tirtos.oem4f (.text:SemaphoreP_constructBinary)
                  00002c0a    00000002     rom_sysbios.aem4f : rom_sysbios.obj (.text:xdc_runtime_SysCallback_defaultFlush)
                  00002c0c    0000002c     dpl_cc13x2.aem4f : SemaphoreP_tirtos.oem4f (.text:SemaphoreP_createBinary)
                  00002c38    0000002c     rom_sysbios.aem4f : rom_sysbios.obj (.text:_pthread_delete$45)
                  00002c64    0000002c                       : rom_sysbios.obj (.text:pthread_setcancelstate)
                  00002c90    0000002c                       : rom_sysbios.obj (.text:ti_sysbios_knl_Clock_getTicksUntilInterrupt__E)
                  00002cbc    00000028     driverlib.lib : osc.obj (.text:NOROM_OSCHF_TurnOnXosc)
                  00002ce4    00000028     drivers_cc13x2.aem4f : PowerCC26X2.oem4f (.text:oscillatorISR)
                  00002d0c    00000024     rom_sysbios.aem4f : rom_sysbios.obj (.text:_pthread_cleanupFxn)
                  00002d30    00000024     drivers_cc13x2.aem4f : PowerCC26X2_calibrateRCOSC.oem4f (.text:getTdcSemaphore)
                  00002d54    00000024     rom_sysbios.aem4f : rom_sysbios.obj (.text:pthread_attr_init)
                  00002d78    00000024     release_pem4f.oem4f (.text:ti_sysbios_BIOS_registerRTSLock__I)
                  00002d9c    00000024     release_pem4f.oem4f (.text:ti_sysbios_BIOS_removeRTSLock__I)
                  00002dc0    00000024     rom_sysbios.aem4f : rom_sysbios.obj (.text:ti_sysbios_family_arm_cc26xx_Timer_getMaxTicks__E)
                  00002de4    00000020     drivers_cc13x2.aem4f : PINCC26XX.oem4f (.text:PINCC26XX_setIoCfgMux)
                  00002e04    00000020     release_pem4f.oem4f (.text:ti_sysbios_BIOS_rtsLock__I)
                  00002e24    00000020     rom_sysbios.aem4f : rom_sysbios.obj (.text:ti_sysbios_family_arm_cc26xx_Timer_dynamicStub__E)
                  00002e44    00000020                       : rom_sysbios.obj (.text:xdc_runtime_Error_policyMin__E)
                  00002e64    0000001e     drivers_cc13x2.aem4f : PINCC26XX.oem4f (.text:PIN_close)
                  00002e82    0000001e                          : PowerCC26X2.oem4f (.text:Power_getTransitionLatency)
                  00002ea0    0000001c     ti_drivers_config.obj (.text:Board_init)
                  00002ebc    0000001c     driverlib.lib : chipinfo.obj (.text:NOROM_ChipInfo_GetChipFamily)
                  00002ed8    0000001c     drivers_cc13x2.aem4f : PINCC26XX.oem4f (.text:PIN_hwi)
                  00002ef4    0000001c     dpl_cc13x2.aem4f : PowerCC26X2_tirtos.oem4f (.text:PowerCC26XX_schedulerDisable)
                  00002f10    0000001c                      : PowerCC26X2_tirtos.oem4f (.text:PowerCC26XX_schedulerRestore)
                  00002f2c    0000001c     rom_sysbios.aem4f : rom_sysbios.obj (.text:ti_sysbios_knl_Swi_construct2__E)
                  00002f48    0000001c     release_pem4f.oem4f (.text:xdc_runtime_Startup_exec__I)
                  00002f64    0000001a     drivers_cc13x2.aem4f : PowerCC26X2.oem4f (.text:PowerCC26XX_calibrate)
                  00002f7e    0000001a     empty.obj (.text:mainThread)
                  00002f98    00000018     driverlib.lib : chipinfo.obj (.text:NOROM_ChipInfo_GetPackageType)
                  00002fb0    00000018     drivers_cc13x2.aem4f : PowerCC26X2.oem4f (.text:Power_idleFunc)
                  00002fc8    00000018     rtsv7M4_T_le_v4SPD16_eabi.lib : args_main.c.obj (.text:_args_main)
                  00002fe0    00000018                                   : ll_mul_t2.asm.obj (.text)
                  00002ff8    00000018     release_pem4f.oem4f (.text:ti_sysbios_BIOS_rtsUnlock__I)
                  00003010    00000018     rom_sysbios.aem4f : rom_sysbios.obj (.text:ti_sysbios_knl_Swi_or__E)
                  00003028    00000018                       : rom_sysbios.obj (.text:xdc_runtime_Error_init__E)
                  00003040    00000016     driverlib.lib : chipinfo.obj (.text:NOROM_ThisLibraryIsFor_CC13x2_CC26x2_HwRev20AndLater_HaltIfViolated)
                  00003056    00000016     rom_sysbios.aem4f : rom_sysbios.obj (.text:_pthread_cleanup_pop)
                  0000306c    00000016     release_pem4f.oem4f (.text:ti_sysbios_BIOS_exitFunc__I)
                  00003082    00000014     drivers_cc13x2.aem4f : PowerCC26X2_calibrateRCOSC.oem4f (.text:PowerCC26X2_calibrate)
                  00003096    00000014     rom_sysbios.aem4f : rom_sysbios.obj (.text:pthread_attr_setschedparam)
                  000030aa    00000002                       : rom_sysbios.obj (.text:xdc_runtime_SysCallback_defaultPutch)
                  000030ac    00000014     drivers_cc13x2.aem4f : PowerCC26X2.oem4f (.text:switchToTCXO)
                  000030c0    00000014     rom_sysbios.aem4f : rom_sysbios.obj (.text:ti_sysbios_family_arm_cc26xx_Timer_getCount64__E)
                  000030d4    00000014     release_pem4f.oem4f (.text:ti_sysbios_knl_Clock_doTick__I)
                  000030e8    00000012     dpl_cc13x2.aem4f : SemaphoreP_tirtos.oem4f (.text:SemaphoreP_pend)
                  000030fa    00000012     rom_sysbios.aem4f : rom_sysbios.obj (.text:_pthread_runStub$45)
                  0000310c    00000010     dpl_cc13x2.aem4f : HwiP_tirtos.oem4f (.text:HwiP_Params_init)
                  0000311c    00000010     drivers_cc13x2.aem4f : PINCC26XX.oem4f (.text:PINCC26XX_getPinCount)
                  0000312c    00000010     dpl_cc13x2.aem4f : SwiP_tirtos.oem4f (.text:SwiP_Params_init)
                  0000313c    0000000e     rtsv7M4_T_le_v4SPD16_eabi.lib : copy_decompress_none.c.obj (.text:decompress:none:__TI_decompress_none)
                  0000314a    0000000e     rom_sysbios.aem4f : rom_sysbios.obj (.text:pthread_attr_setdetachstate)
                  00003158    0000000e                       : rom_sysbios.obj (.text:ti_sysbios_family_arm_cc26xx_TimestampProvider_get32__E)
                  00003166    0000000c     driverlib.lib : cpu.obj (.text:NOROM_CPUcpsid)
                  00003172    0000000c                   : cpu.obj (.text:NOROM_CPUcpsie)
                  0000317e    0000000c     drivers_cc13x2.aem4f : PINCC26XX.oem4f (.text:PIN_registerIntCb)
                  0000318a    00000002     --HOLE-- [fill = 0]
                  0000318c    0000000c                          : PowerCC26X2.oem4f (.text:Power_getConstraintMask)
                  00003198    0000000c                          : PowerCC26X2.oem4f (.text:Power_getDependencyCount)
                  000031a4    0000000c     dpl_cc13x2.aem4f : SemaphoreP_tirtos.oem4f (.text:SemaphoreP_delete)
                  000031b0    0000000c     rtsv7M4_T_le_v4SPD16_eabi.lib : _lock.c.obj (.text:_register_lock)
                  000031bc    0000000c                                   : _lock.c.obj (.text:_register_unlock)
                  000031c8    0000000c                                   : copy_zero_init.c.obj (.text:decompress:ZI:__TI_zero_init)
                  000031d4    0000000c     rom_sysbios.aem4f : rom_sysbios.obj (.text:pthread_self)
                  000031e0    0000000c                       : rom_sysbios.obj (.text:ti_sysbios_knl_Queue_insert__E)
                  000031ec    0000000c                       : rom_sysbios.obj (.text:ti_sysbios_knl_Swi_getTrigger__E)
                  000031f8    0000000a     dpl_cc13x2.aem4f : ClockP_tirtos.oem4f (.text:ClockP_Params_init)
                  00003202    00000008     CC1352P1_LAUNCHXL_fxns.obj (.text:Board_initHook)
                  0000320a    00000008     release_pem4f.oem4f (.text:xdc_runtime_Text_visitRope__I)
                  00003212    00000006     driverlib.lib : cpu.obj (.text:NOROM_CPUdelay)
                  00003218    00000006     rom_sysbios.aem4f : rom_sysbios.obj (.text:pthread_attr_setstacksize)
                  0000321e    00000004     dpl_cc13x2.aem4f : PowerCC26X2_tirtos.oem4f (.text:CPUwfi)
                  00003222    00000004                      : ClockP_tirtos.oem4f (.text:ClockP_start)
                  00003226    00000004                      : HwiP_tirtos.oem4f (.text:HwiP_disable)
                  0000322a    00000004                      : SemaphoreP_tirtos.oem4f (.text:SemaphoreP_post)
                  0000322e    00000004                      : SwiP_tirtos.oem4f (.text:SwiP_disable)
                  00003232    00000004                      : SwiP_tirtos.oem4f (.text:SwiP_getTrigger)
                  00003236    00000004                      : SwiP_tirtos.oem4f (.text:SwiP_or)
                  0000323a    00000004     drivers_cc13x2.aem4f : PowerCC26X2.oem4f (.text:configureRFCoreClocks)
                  0000323e    00000004                          : PowerCC26X2.oem4f (.text:nopResourceHandler)
                  00003242    00000004     rom_sysbios.aem4f : rom_sysbios.obj (.text:ti_sysbios_knl_Task_getArg1__E)
                  00003246    00000004                       : rom_sysbios.obj (.text:ti_sysbios_knl_Task_getEnv__E)
                  0000324a    00000004     release_pem4f.oem4f (.text:xdc_runtime_Startup_reset__I)
                  0000324e    00000004     rom_sysbios.aem4f : rom_sysbios.obj (.text:xdc_runtime_SysCallback_defaultReady)
                  00003252    00000002     --HOLE-- [fill = 0]
                  00003254    00000008     (.tramp.ti_sysbios_family_arm_m3_Hwi_disableFxn__E.1)
                  0000325c    00000008     (.tramp.ti_sysbios_knl_Task_self__E.1)
                  00003264    00000008     (.tramp.ti_sysbios_knl_Semaphore_delete.1)
                  0000326c    00000008     (.tramp.ti_sysbios_knl_Clock_logTick__E.1)
                  00003274    00000008     (.tramp.ti_sysbios_knl_Swi_post__E.1)
                  0000327c    00000008     (.tramp.ti_sysbios_BIOS_RtsGateProxy_leave__E.1)
                  00003284    00000008     (.tramp.ti_sysbios_knl_Swi_construct.1)
                  0000328c    00000008     (.tramp.ti_sysbios_BIOS_RtsGateProxy_enter__E.1)
                  00003294    00000008     (.tramp.ti_sysbios_knl_Clock_TimerProxy_getCurrentTick__E.1)
                  0000329c    00000008     (.tramp.ti_sysbios_knl_Task_delete.1)
                  000032a4    00000008     (.tramp.ti_sysbios_knl_Semaphore_destruct.1)
                  000032ac    00000008     (.tramp.ti_sysbios_knl_Semaphore_create.1)
                  000032b4    00000008     (.tramp.ti_sysbios_knl_Task_startup__E.1)
                  000032bc    00000008     (.tramp.ti_sysbios_knl_Swi_startup__E.1)
                  000032c4    00000008     (.tramp.ti_sysbios_hal_Hwi_startup__E.1)
                  000032cc    00000008     (.tramp.ti_sysbios_family_arm_cc26xx_Timer_startup__E.1)
                  000032d4    00000008     (.tramp.xdc_runtime_System_atexit__E.1)
                  000032dc    00000008     (.tramp.ti_sysbios_BIOS_linkedWithIncorrectBootLibrary__E.1)
                  000032e4    00000008     (.tramp.xdc_runtime_Startup_rtsDone__E.1)
                  000032ec    00000008     (.tramp.ti_sysbios_knl_Swi_disable__E.1)
                  000032f4    00000008     (.tramp.ti_sysbios_family_arm_m3_Hwi_construct.1)
                  000032fc    00000008     (.tramp.ti_sysbios_knl_Task_sleep__E.1)
                  00003304    00000008     (.tramp.ti_sysbios_knl_Swi_Params__init__S.1)
                  0000330c    00000008     (.tramp.ti_sysbios_family_arm_m3_Hwi_Params__init__S.1)
                  00003314    00000008     (.tramp.ti_sysbios_knl_Clock_construct.1)
                  0000331c    00000008     (.tramp.ti_sysbios_knl_Clock_Params__init__S.1)
                  00003324    00000008     (.tramp.xdc_runtime_System_exit__E.1)
                  0000332c    00000008     (.tramp.ti_sysbios_heaps_HeapMem_restore__E.1)
                  00003334    00000008     (.tramp.ti_sysbios_heaps_HeapMem_Object__get__S.1)
                  0000333c    00000008     (.tramp.ti_sysbios_BIOS_start__E.1)
                  00003344    00000008     (.tramp.xdc_runtime_Error_raiseX__E.1)
                  0000334c    00000008     (.tramp.ti_sysbios_BIOS_setThreadType__E.1)
                  00003354    00000008     (.tramp.ti_sysbios_family_arm_m3_Hwi_excFillContext__I.1)
                  0000335c    00000008     (.tramp.ti_sysbios_knl_Semaphore_post__E.1)
                  00003364    00000008     (.tramp.xdc_runtime_Memory_free__E.1)
                  0000336c    00000008     (.tramp.ti_sysbios_knl_Queue_next__E.1)
                  00003374    00000008     (.tramp.ti_sysbios_knl_Queue_head__E.1)
                  0000337c    00000008     (.tramp.ti_sysbios_knl_Semaphore_pend__E.1)
                  00003384    00000008     (.tramp.ti_sysbios_knl_Task_restore__E.1)
                  0000338c    00000008     (.tramp.ti_sysbios_knl_Queue_enqueue__E.1)
                  00003394    00000008     (.tramp.ti_sysbios_knl_Queue_empty__E.1)
                  0000339c    00000008     (.tramp.ti_sysbios_knl_Queue_remove__E.1)
                  000033a4    00000008     (.tramp.ti_sysbios_knl_Task_disable__E.1)
                  000033ac    00000008     (.tramp.ti_sysbios_knl_Clock_stop__E.1)
                  000033b4    00000008     (.tramp.ti_sysbios_knl_Clock_start__E.1)
                  000033bc    00000008     (.tramp.ti_sysbios_knl_Clock_setTimeout__E.1)
                  000033c4    00000008     (.tramp.ti_sysbios_knl_Task_create.1)
                  000033cc    00000008     (.tramp.ti_sysbios_knl_Semaphore_construct.1)
                  000033d4    00000008     (.tramp.ti_sysbios_knl_Semaphore_Params__init__S.1)
                  000033dc    00000008     (.tramp.ti_sysbios_knl_Queue_construct.1)
                  000033e4    00000008     (.tramp.xdc_runtime_Memory_alloc__E.1)
                  000033ec    00000008     (.tramp.ti_sysbios_knl_Task_Params__init__S.1)
                  000033f4    00000008     (.tramp.ti_sysbios_family_arm_m3_Hwi_restoreFxn__E.1)
                  000033fc    00000008     (.tramp.xdc_runtime_System_doPrint__I.1)
                  00003404    00000008     (.tramp.ti_sysbios_knl_Swi_restore__E.1)

.const     0    0000340c    000005a8     
                  0000340c    000003b8     release_pem4f.oem4f (.const:ROM_constStruct)
                  000037c4    00000054     drivers_cc13x2.aem4f : PowerCC26X2.oem4f (.const:resourceDB)
                  00003818    00000048     release_pem4f.oem4f (.const:.string)
                  00003860    00000048     release_pem4f.oem4f (.const:ROM_externFuncPtrs)
                  000038a8    00000024     release_pem4f.oem4f (.const:xdc_runtime_Startup_sfxnTab__A)
                  000038cc    00000018     drivers_cc13x2.aem4f : GPIOCC26XX.oem4f (.const:interruptType)
                  000038e4    00000014     CC1352P1_LAUNCHXL_fxns.obj (.const:$P$T1$2)
                  000038f8    00000014     ti_drivers_config.obj (.const:GPIOCC26XX_config)
                  0000390c    00000014     ti_drivers_config.obj (.const:PowerCC26X2_config)
                  00003920    00000012     release_pem4f.oem4f (.const:xdc_runtime_Startup_sfxnRts__A)
                  00003932    00000001     release_pem4f.oem4f (.const:xdc_runtime_Text_charTab__A)
                  00003933    00000001     --HOLE-- [fill = 0]
                  00003934    00000010     ti_drivers_config.obj (.const:BoardGpioInitTable)
                  00003944    00000010     drivers_cc13x2.aem4f : GPIOCC26XX.oem4f (.const:outPinTypes)
                  00003954    0000000c                          : GPIOCC26XX.oem4f (.const:inPinTypes)
                  00003960    0000000c                          : GPIOCC26XX.oem4f (.const:outPinStrengths)
                  0000396c    0000000c     release_pem4f.oem4f (.const:xdc_runtime_Startup_firstFxns__A)
                  00003978    00000008     driverlib.lib : aux_sysif.obj (.const:$O1$$)
                  00003980    00000008     CC1352P1_LAUNCHXL_fxns.obj (.const:$P$T0$1)
                  00003988    00000008     ti_drivers_config.obj (.const:PINCC26XX_hwAttrs)
                  00003990    00000008     release_pem4f.oem4f (.const:ti_sysbios_family_arm_m3_Hwi_excHookFuncs__A)
                  00003998    00000008     release_pem4f.oem4f (.const:ti_sysbios_knl_Idle_funcList__A)
                  000039a0    00000004     release_pem4f.oem4f (.const:ti_sysbios_family_arm_m3_Hwi_E_exception__C)
                  000039a4    00000004     release_pem4f.oem4f (.const:ti_sysbios_heaps_HeapMem_primaryHeapBaseAddr__C)
                  000039a8    00000004     release_pem4f.oem4f (.const:ti_sysbios_heaps_HeapMem_primaryHeapEndAddr__C)
                  000039ac    00000004     release_pem4f.oem4f (.const:ti_sysbios_knl_Clock_tickPeriod__C)
                  000039b0    00000004     release_pem4f.oem4f (.const:ti_sysbios_knl_Task_Object__heap__C)

MODULE SUMMARY

       Module                             code    ro data   rw data
       ------                             ----    -------   -------
    .\
       CC1352P1_LAUNCHXL_fxns.obj         280     28        0      
       main_tirtos.obj                    100     0         0      
       empty.obj                          26      0         0      
    +--+----------------------------------+-------+---------+---------+
       Total:                             406     28        0      
                                                                   
    .\syscfg\
       ti_drivers_config.obj              28      64        24     
       ti_devices_config.obj              0       88        0      
    +--+----------------------------------+-------+---------+---------+
       Total:                             28      152       24     
                                                                   
    C:\Users\iron\workspace_v9\tirtos_builds_CC1352P1_LAUNCHXL_release_ccs\Debug\configPkg\package\cfg\
       release_pem4f.oem4f                792     1259      1830   
    +--+----------------------------------+-------+---------+---------+
       Total:                             792     1259      1830   
                                                                   
    C:/ti/simplelink_cc13x2_26x2_sdk_3_40_00_02/kernel/tirtos/packages/ti/dpl/lib/dpl_cc13x2.aem4f
       PowerCC26X2_tirtos.oem4f           240     0         8      
       SemaphoreP_tirtos.oem4f            122     0         0      
       ClockP_tirtos.oem4f                94      0         4      
       SwiP_tirtos.oem4f                  88      0         0      
       HwiP_tirtos.oem4f                  82      0         0      
    +--+----------------------------------+-------+---------+---------+
       Total:                             626     0         12     
                                                                   
    C:/ti/simplelink_cc13x2_26x2_sdk_3_40_00_02/source/ti/devices/cc13x2_cc26x2/driverlib/bin/ccs/driverlib.lib
       sys_ctrl.obj                       408     0         0      
       osc.obj                            336     0         28     
       setup.obj                          324     0         0      
       chipinfo.obj                       226     0         0      
       aux_sysif.obj                      52      8         0      
       cpu.obj                            30      0         0      
       driverlib_release.obj              0       0         1      
    +--+----------------------------------+-------+---------+---------+
       Total:                             1376    8         29     
                                                                   
    C:/ti/simplelink_cc13x2_26x2_sdk_3_40_00_02/source/ti/drivers/lib/drivers_cc13x2.aem4f
       PowerCC26X2.oem4f                  2010    84        272    
       PINCC26XX.oem4f                    1378    0         276    
       PowerCC26X2_calibrateRCOSC.oem4f   1400    0         0      
       GPIOCC26XX.oem4f                   616     64        61     
    +--+----------------------------------+-------+---------+---------+
       Total:                             5404    148       609    
                                                                   
    C:\Users\iron\workspace_v9\tirtos_builds_CC1352P1_LAUNCHXL_release_ccs\src\sysbios\rom_sysbios.aem4f
       rom_sysbios.obj                    1965    0         136    
    +--+----------------------------------+-------+---------+---------+
       Total:                             1965    0         136    
                                                                   
    C:\ti\ccs930\ccs\tools\compiler\ti-cgt-arm_18.12.4.LTS\lib\rtsv7M4_T_le_v4SPD16_eabi.lib
       fd_add_t2.asm.obj                  438     0         0      
       fd_cmp_t2.asm.obj                  268     0         0      
       fd_mul_t2.asm.obj                  252     0         0      
       memcpy_t2.asm.obj                  156     0         0      
       ull_div_t2.asm.obj                 150     0         0      
       memset_t2.asm.obj                  122     0         0      
       copy_decompress_lzss.c.obj         104     0         0      
       cpy_tbl.c.obj                      76      0         0      
       fd_toi_t2.asm.obj                  72      0         0      
       fd_tou_t2.asm.obj                  68      0         0      
       u_divt2.asm.obj                    64      0         0      
       fs_tod_t2.asm.obj                  56      0         0      
       i_tofd_t2.asm.obj                  46      0         0      
       _lock.c.obj                        26      0         8      
       args_main.c.obj                    24      0         0      
       ll_mul_t2.asm.obj                  24      0         0      
       copy_decompress_none.c.obj         14      0         0      
       copy_zero_init.c.obj               12      0         0      
       stkdepth_vars.c.obj                0       0         4      
       div0.asm.obj                       2       0         0      
    +--+----------------------------------+-------+---------+---------+
       Total:                             1974    0         12     
                                                                   
    C:\ti\simplelink_cc13x2_26x2_sdk_3_40_00_02\kernel\tirtos\packages\ti\targets\arm\rtsarm\lib\auto_init.aem4f
       auto_init.oem4f                    160     0         0      
    +--+----------------------------------+-------+---------+---------+
       Total:                             160     0         0      
                                                                   
    C:\ti\simplelink_cc13x2_26x2_sdk_3_40_00_02\kernel\tirtos\packages\ti\targets\arm\rtsarm\lib\boot.aem4f
       boot.oem4f                         88      0         0      
    +--+----------------------------------+-------+---------+---------+
       Total:                             88      0         0      
                                                                   
       Stack:                             0       0         1024   
       Linker Generated:                  440     475       0      
    +--+----------------------------------+-------+---------+---------+
       Grand Total:                       13259   2070      3676   


LINKER GENERATED COPY TABLES

__TI_cinit_table @ 00003b70 records: 5, size/record: 8, table size: 40
	.data: load addr=000039b8, load size=00000187 bytes, run addr=20001110, run size=00000538 bytes, compression=lzss
	.bss: load addr=00003b50, load size=00000008 bytes, run addr=20001648, run size=00000441 bytes, compression=zero_init
	.data:xdcRomConstPtr: load addr=00003b58, load size=00000008 bytes, run addr=20000100, run size=00000004 bytes, compression=lzss
	.data:xdcRomExternFuncPtr: load addr=00003b60, load size=00000008 bytes, run addr=20000104, run size=00000004 bytes, compression=lzss
	.data:xdcRomStatePtr: load addr=00003b68, load size=00000008 bytes, run addr=20000108, run size=00000004 bytes, compression=lzss


LINKER GENERATED HANDLER TABLE

__TI_handler_table @ 00003b40 records: 3, size/record: 4, table size: 12
	index: 0, handler: __TI_decompress_lzss
	index: 1, handler: __TI_decompress_none
	index: 2, handler: __TI_zero_init


FAR CALL TRAMPOLINES

callee name               trampoline name
   callee addr  tramp addr   call addr  call info
--------------  -----------  ---------  ----------------
ti_sysbios_family_arm_m3_Hwi_disableFxn__E  $Tramp$TT$L$PI$$ti_sysbios_family_arm_m3_Hwi_disableFxn__E
   1002eb55     00003254     00003226   dpl_cc13x2.aem4f : HwiP_tirtos.oem4f (.text:HwiP_disable)
ti_sysbios_knl_Task_self__E  $Tramp$TT$L$PI$$ti_sysbios_knl_Task_self__E
   1002eaf5     0000325c     000031d6   rom_sysbios.aem4f : rom_sysbios.obj (.text:pthread_self)
ti_sysbios_knl_Semaphore_delete  $Tramp$TT$L$PI$$ti_sysbios_knl_Semaphore_delete
   1002ecdb     00003264     000031aa   dpl_cc13x2.aem4f : SemaphoreP_tirtos.oem4f (.text:SemaphoreP_delete)
ti_sysbios_knl_Clock_logTick__E  $Tramp$TT$L$PI$$ti_sysbios_knl_Clock_logTick__E
   1002dbd7     0000326c     000030d6   release_pem4f.oem4f (.text:ti_sysbios_knl_Clock_doTick__I)
ti_sysbios_knl_Swi_post__E  $Tramp$TT$L$PI$$ti_sysbios_knl_Swi_post__E
   1002d891     00003274     00003024   rom_sysbios.aem4f : rom_sysbios.obj (.text:ti_sysbios_knl_Swi_or__E)
                             000030de   release_pem4f.oem4f (.text:ti_sysbios_knl_Clock_doTick__I)
ti_sysbios_BIOS_RtsGateProxy_leave__E  $Tramp$TT$L$PI$$ti_sysbios_BIOS_RtsGateProxy_leave__E
   1002ec7b     0000327c     00003006   release_pem4f.oem4f (.text:ti_sysbios_BIOS_rtsUnlock__I)
ti_sysbios_knl_Swi_construct  $Tramp$TT$L$PI$$ti_sysbios_knl_Swi_construct
   1002d719     00003284     00002f32   rom_sysbios.aem4f : rom_sysbios.obj (.text:ti_sysbios_knl_Swi_construct2__E)
ti_sysbios_BIOS_RtsGateProxy_enter__E  $Tramp$TT$L$PI$$ti_sysbios_BIOS_RtsGateProxy_enter__E
   1002ec77     0000328c     00002e0a   release_pem4f.oem4f (.text:ti_sysbios_BIOS_rtsLock__I)
ti_sysbios_knl_Clock_TimerProxy_getCurrentTick__E  $Tramp$TT$L$PI$$ti_sysbios_knl_Clock_TimerProxy_getCurrentTick__E
   1002eac5     00003294     00002ca2   rom_sysbios.aem4f : rom_sysbios.obj (.text:ti_sysbios_knl_Clock_getTicksUntilInterrupt__E)
ti_sysbios_knl_Task_delete  $Tramp$TT$L$PI$$ti_sysbios_knl_Task_delete
   1002ece7     0000329c     00002c4c   rom_sysbios.aem4f : rom_sysbios.obj (.text:_pthread_delete$45)
ti_sysbios_knl_Semaphore_destruct  $Tramp$TT$L$PI$$ti_sysbios_knl_Semaphore_destruct
   1002e6fd     000032a4     00002c40   rom_sysbios.aem4f : rom_sysbios.obj (.text:_pthread_delete$45)
ti_sysbios_knl_Semaphore_create  $Tramp$TT$L$PI$$ti_sysbios_knl_Semaphore_create
   1002dc49     000032ac     00002c2c   dpl_cc13x2.aem4f : SemaphoreP_tirtos.oem4f (.text:SemaphoreP_createBinary)
ti_sysbios_knl_Task_startup__E  $Tramp$TT$L$PI$$ti_sysbios_knl_Task_startup__E
   1002eceb     000032b4     00002b44   release_pem4f.oem4f (.text:ti_sysbios_BIOS_startFunc__I)
ti_sysbios_knl_Swi_startup__E  $Tramp$TT$L$PI$$ti_sysbios_knl_Swi_startup__E
   1002ec6b     000032bc     00002b40   release_pem4f.oem4f (.text:ti_sysbios_BIOS_startFunc__I)
ti_sysbios_hal_Hwi_startup__E  $Tramp$TT$L$PI$$ti_sysbios_hal_Hwi_startup__E
   1002ec31     000032c4     00002b3c   release_pem4f.oem4f (.text:ti_sysbios_BIOS_startFunc__I)
ti_sysbios_family_arm_cc26xx_Timer_startup__E  $Tramp$TT$L$PI$$ti_sysbios_family_arm_cc26xx_Timer_startup__E
   1002dcf1     000032cc     00002b38   release_pem4f.oem4f (.text:ti_sysbios_BIOS_startFunc__I)
xdc_runtime_System_atexit__E  $Tramp$TT$L$PI$$xdc_runtime_System_atexit__E
   1002f559     000032d4     00002b30   release_pem4f.oem4f (.text:ti_sysbios_BIOS_startFunc__I)
ti_sysbios_BIOS_linkedWithIncorrectBootLibrary__E  $Tramp$TT$L$PI$$ti_sysbios_BIOS_linkedWithIncorrectBootLibrary__E
   1002d01b     000032dc     00002b2a   release_pem4f.oem4f (.text:ti_sysbios_BIOS_startFunc__I)
xdc_runtime_Startup_rtsDone__E  $Tramp$TT$L$PI$$xdc_runtime_Startup_rtsDone__E
   1002f8e5     000032e4     00002b22   release_pem4f.oem4f (.text:ti_sysbios_BIOS_startFunc__I)
ti_sysbios_knl_Swi_disable__E  $Tramp$TT$L$PI$$ti_sysbios_knl_Swi_disable__E
   1002ea25     000032ec     00002af2   release_pem4f.oem4f (.text:ti_sysbios_BIOS_atExitFunc__I)
                             00002efe   dpl_cc13x2.aem4f : PowerCC26X2_tirtos.oem4f (.text:PowerCC26XX_schedulerDisable)
                             0000322e                    : SwiP_tirtos.oem4f (.text:SwiP_disable)
ti_sysbios_family_arm_m3_Hwi_construct  $Tramp$TT$L$PI$$ti_sysbios_family_arm_m3_Hwi_construct
   1002d421     000032f4     0000285a   rom_sysbios.aem4f : rom_sysbios.obj (.text:ti_sysbios_family_arm_m3_Hwi_construct2__E)
ti_sysbios_knl_Task_sleep__E  $Tramp$TT$L$PI$$ti_sysbios_knl_Task_sleep__E
   1002ce01     000032fc     0000282e   rom_sysbios.aem4f : rom_sysbios.obj (.text:sleep)
ti_sysbios_knl_Swi_Params__init__S  $Tramp$TT$L$PI$$ti_sysbios_knl_Swi_Params__init__S
   1002ebf1     00003304     000027e2   dpl_cc13x2.aem4f : SwiP_tirtos.oem4f (.text:SwiP_construct)
ti_sysbios_family_arm_m3_Hwi_Params__init__S  $Tramp$TT$L$PI$$ti_sysbios_family_arm_m3_Hwi_Params__init__S
   1002eb49     0000330c     00002768   dpl_cc13x2.aem4f : HwiP_tirtos.oem4f (.text:HwiP_construct)
ti_sysbios_knl_Clock_construct  $Tramp$TT$L$PI$$ti_sysbios_knl_Clock_construct
   1002dd8d     00003314     00002432   dpl_cc13x2.aem4f : ClockP_tirtos.oem4f (.text:ClockP_construct)
ti_sysbios_knl_Clock_Params__init__S  $Tramp$TT$L$PI$$ti_sysbios_knl_Clock_Params__init__S
   1002eb9d     0000331c     00002418   dpl_cc13x2.aem4f : ClockP_tirtos.oem4f (.text:ClockP_construct)
xdc_runtime_System_exit__E  $Tramp$TT$L$PI$$xdc_runtime_System_exit__E
   1002f7b1     00003324     00002338   boot.aem4f : boot.oem4f (.text)
                             0000307c   release_pem4f.oem4f (.text:ti_sysbios_BIOS_exitFunc__I)
ti_sysbios_heaps_HeapMem_restore__E  $Tramp$TT$L$PI$$ti_sysbios_heaps_HeapMem_restore__E
   1002eb13     0000332c     0000222c   rom_sysbios.aem4f : rom_sysbios.obj (.text:ti_sysbios_heaps_HeapMem_initPrimary__I)
ti_sysbios_heaps_HeapMem_Object__get__S  $Tramp$TT$L$PI$$ti_sysbios_heaps_HeapMem_Object__get__S
   1002e275     00003334     000021fc   rom_sysbios.aem4f : rom_sysbios.obj (.text:ti_sysbios_heaps_HeapMem_initPrimary__I)
ti_sysbios_BIOS_start__E  $Tramp$TT$L$PI$$ti_sysbios_BIOS_start__E
   1002eaa5     0000333c     0000217e   main_tirtos.obj (.text:main)
xdc_runtime_Error_raiseX__E  $Tramp$TT$L$PI$$xdc_runtime_Error_raiseX__E
   1002f739     00003344     00001d7e   rom_sysbios.aem4f : rom_sysbios.obj (.text:ti_sysbios_family_arm_m3_Hwi_excHandlerMin__I)
ti_sysbios_BIOS_setThreadType__E  $Tramp$TT$L$PI$$ti_sysbios_BIOS_setThreadType__E
   1002ea11     0000334c     00001d3e   rom_sysbios.aem4f : rom_sysbios.obj (.text:ti_sysbios_family_arm_m3_Hwi_excHandlerMin__I)
                             00002afc   release_pem4f.oem4f (.text:ti_sysbios_BIOS_atExitFunc__I)
                             00003076   release_pem4f.oem4f (.text:ti_sysbios_BIOS_exitFunc__I)
ti_sysbios_family_arm_m3_Hwi_excFillContext__I  $Tramp$TT$L$PI$$ti_sysbios_family_arm_m3_Hwi_excFillContext__I
   1002bda9     00003354     00001d38   rom_sysbios.aem4f : rom_sysbios.obj (.text:ti_sysbios_family_arm_m3_Hwi_excHandlerMin__I)
ti_sysbios_knl_Semaphore_post__E  $Tramp$TT$L$PI$$ti_sysbios_knl_Semaphore_post__E
   1002cd21     0000335c     000019da   rom_sysbios.aem4f : rom_sysbios.obj (.text:_pthread_removeThreadKeys)
                             00002380                     : rom_sysbios.obj (.text:pthread_exit)
                             0000322a   dpl_cc13x2.aem4f : SemaphoreP_tirtos.oem4f (.text:SemaphoreP_post)
xdc_runtime_Memory_free__E  $Tramp$TT$L$PI$$xdc_runtime_Memory_free__E
   1002f81d     00003364     000019d0   rom_sysbios.aem4f : rom_sysbios.obj (.text:_pthread_removeThreadKeys)
                             00002c58                     : rom_sysbios.obj (.text:_pthread_delete$45)
ti_sysbios_knl_Queue_next__E  $Tramp$TT$L$PI$$ti_sysbios_knl_Queue_next__E
   1002ecd7     0000336c     000019aa   rom_sysbios.aem4f : rom_sysbios.obj (.text:_pthread_removeThreadKeys)
ti_sysbios_knl_Queue_head__E  $Tramp$TT$L$PI$$ti_sysbios_knl_Queue_head__E
   1002ecd3     00003374     00001996   rom_sysbios.aem4f : rom_sysbios.obj (.text:_pthread_removeThreadKeys)
ti_sysbios_knl_Semaphore_pend__E  $Tramp$TT$L$PI$$ti_sysbios_knl_Semaphore_pend__E
   1002bfb1     0000337c     00001990   rom_sysbios.aem4f : rom_sysbios.obj (.text:_pthread_removeThreadKeys)
                             000030ea   dpl_cc13x2.aem4f : SemaphoreP_tirtos.oem4f (.text:SemaphoreP_pend)
ti_sysbios_knl_Task_restore__E  $Tramp$TT$L$PI$$ti_sysbios_knl_Task_restore__E
   1002df45     00003384     00001706   rom_sysbios.aem4f : rom_sysbios.obj (.text:ti_sysbios_knl_Task_setPri__E)
                             00001984                     : rom_sysbios.obj (.text:_pthread_removeThreadKeys)
                             000019e4                     : rom_sysbios.obj (.text:_pthread_removeThreadKeys)
                             00002392                     : rom_sysbios.obj (.text:pthread_exit)
                             00002d1c                     : rom_sysbios.obj (.text:_pthread_cleanupFxn)
                             00002f1e   dpl_cc13x2.aem4f : PowerCC26X2_tirtos.oem4f (.text:PowerCC26XX_schedulerRestore)
ti_sysbios_knl_Queue_enqueue__E  $Tramp$TT$L$PI$$ti_sysbios_knl_Queue_enqueue__E
   1002ebd9     0000338c     000016d8   rom_sysbios.aem4f : rom_sysbios.obj (.text:ti_sysbios_knl_Task_setPri__E)
ti_sysbios_knl_Queue_empty__E  $Tramp$TT$L$PI$$ti_sysbios_knl_Queue_empty__E
   1002eb21     00003394     000016c0   rom_sysbios.aem4f : rom_sysbios.obj (.text:ti_sysbios_knl_Task_setPri__E)
                             0000197c                     : rom_sysbios.obj (.text:_pthread_removeThreadKeys)
ti_sysbios_knl_Queue_remove__E  $Tramp$TT$L$PI$$ti_sysbios_knl_Queue_remove__E
   1002eb2f     0000339c     000016ba   rom_sysbios.aem4f : rom_sysbios.obj (.text:ti_sysbios_knl_Task_setPri__E)
                             000019b2                     : rom_sysbios.obj (.text:_pthread_removeThreadKeys)
                             000019b8                     : rom_sysbios.obj (.text:_pthread_removeThreadKeys)
ti_sysbios_knl_Task_disable__E  $Tramp$TT$L$PI$$ti_sysbios_knl_Task_disable__E
   1002ea4d     000033a4     00001680   rom_sysbios.aem4f : rom_sysbios.obj (.text:ti_sysbios_knl_Task_setPri__E)
                             00001972                     : rom_sysbios.obj (.text:_pthread_removeThreadKeys)
                             00002386                     : rom_sysbios.obj (.text:pthread_exit)
                             00002af6   release_pem4f.oem4f (.text:ti_sysbios_BIOS_atExitFunc__I)
                             00002d0e   rom_sysbios.aem4f : rom_sysbios.obj (.text:_pthread_cleanupFxn)
                             00002ef6   dpl_cc13x2.aem4f : PowerCC26X2_tirtos.oem4f (.text:PowerCC26XX_schedulerDisable)
ti_sysbios_knl_Clock_stop__E  $Tramp$TT$L$PI$$ti_sysbios_knl_Clock_stop__E
   1002e2c5     000033ac     0000142a   dpl_cc13x2.aem4f : PowerCC26X2_tirtos.oem4f (.text:PowerCC26XX_standbyPolicy)
ti_sysbios_knl_Clock_start__E  $Tramp$TT$L$PI$$ti_sysbios_knl_Clock_start__E
   1002e9e7     000033b4     0000141e   dpl_cc13x2.aem4f : PowerCC26X2_tirtos.oem4f (.text:PowerCC26XX_standbyPolicy)
                             00003222                    : ClockP_tirtos.oem4f (.text:ClockP_start)
ti_sysbios_knl_Clock_setTimeout__E  $Tramp$TT$L$PI$$ti_sysbios_knl_Clock_setTimeout__E
   1002ecc3     000033bc     00001418   dpl_cc13x2.aem4f : PowerCC26X2_tirtos.oem4f (.text:PowerCC26XX_standbyPolicy)
ti_sysbios_knl_Task_create  $Tramp$TT$L$PI$$ti_sysbios_knl_Task_create
   1002d529     000033c4     00001142   rom_sysbios.aem4f : rom_sysbios.obj (.text:pthread_create)
ti_sysbios_knl_Semaphore_construct  $Tramp$TT$L$PI$$ti_sysbios_knl_Semaphore_construct
   1002ddc1     000033cc     00001138   rom_sysbios.aem4f : rom_sysbios.obj (.text:pthread_create)
                             00002c00   dpl_cc13x2.aem4f : SemaphoreP_tirtos.oem4f (.text:SemaphoreP_constructBinary)
ti_sysbios_knl_Semaphore_Params__init__S  $Tramp$TT$L$PI$$ti_sysbios_knl_Semaphore_Params__init__S
   1002ebe5     000033d4     00001126   rom_sysbios.aem4f : rom_sysbios.obj (.text:pthread_create)
                             00002bf0   dpl_cc13x2.aem4f : SemaphoreP_tirtos.oem4f (.text:SemaphoreP_constructBinary)
                             00002c1c                    : SemaphoreP_tirtos.oem4f (.text:SemaphoreP_createBinary)
ti_sysbios_knl_Queue_construct  $Tramp$TT$L$PI$$ti_sysbios_knl_Queue_construct
   1002dee5     000033dc     0000111a   rom_sysbios.aem4f : rom_sysbios.obj (.text:pthread_create)
xdc_runtime_Memory_alloc__E  $Tramp$TT$L$PI$$xdc_runtime_Memory_alloc__E
   1002f289     000033e4     000010c2   rom_sysbios.aem4f : rom_sysbios.obj (.text:pthread_create)
ti_sysbios_knl_Task_Params__init__S  $Tramp$TT$L$PI$$ti_sysbios_knl_Task_Params__init__S
   1002ec09     000033ec     000010ae   rom_sysbios.aem4f : rom_sysbios.obj (.text:pthread_create)
ti_sysbios_family_arm_m3_Hwi_restoreFxn__E  $Tramp$TT$L$PI$$ti_sysbios_family_arm_m3_Hwi_restoreFxn__E
   1002ec47     000033f4     00000c02   drivers_cc13x2.aem4f : GPIOCC26XX.oem4f (.text:GPIO_setConfig)
                             00000c32                        : GPIOCC26XX.oem4f (.text:GPIO_setConfig)
                             0000105a                        : PINCC26XX.oem4f (.text:PINCC26XX_setIoCfg)
                             00001228                        : PowerCC26X2.oem4f (.text:Power_releaseDependency)
                             0000125e                        : GPIOCC26XX.oem4f (.text:GPIO_init)
                             00001264                        : GPIOCC26XX.oem4f (.text:GPIO_init)
                             000013b0                        : PowerCC26X2.oem4f (.text:Power_setDependency)
                             000022c6                        : PowerCC26X2_calibrateRCOSC.oem4f (.text:PowerCC26X2_initiateCalibration)
                             00002504                        : PowerCC26X2.oem4f (.text:switchXOSCHF)
                             000029ba                        : GPIOCC26XX.oem4f (.text:GPIO_toggle)
                             00002ab4                        : PowerCC26X2.oem4f (.text:Power_releaseConstraint)
                             00002ae4                        : PowerCC26X2.oem4f (.text:Power_setConstraint)
xdc_runtime_System_doPrint__I  $Tramp$TT$L$PI$$xdc_runtime_System_doPrint__I
   1002ecf1     000033fc     00000a52   release_pem4f.oem4f (.text:xdc_runtime_System_printfExtend__I)
ti_sysbios_knl_Swi_restore__E  $Tramp$TT$L$PI$$ti_sysbios_knl_Swi_restore__E
   1002db61     00003404     00000518   drivers_cc13x2.aem4f : PowerCC26X2.oem4f (.text:Power_sleep)
                             00002f16   dpl_cc13x2.aem4f : PowerCC26X2_tirtos.oem4f (.text:PowerCC26XX_schedulerRestore)

[55 trampolines]
[94 trampoline calls]


GLOBAL SYMBOLS: SORTED ALPHABETICALLY BY Name 

address   name                                                               
-------   ----                                                               
00003934  BoardGpioInitTable                                                 
00002ea1  Board_init                                                         
00003203  Board_initHook                                                     
00001c99  CC1352P1_LAUNCHXL_sendExtFlashByte                                 
0000268d  CC1352P1_LAUNCHXL_shutDownExtFlash                                 
0000244d  CC1352P1_LAUNCHXL_wakeUpExtFlash                                   
000031f9  ClockP_Params_init                                                 
000023fd  ClockP_construct                                                   
1002dc11  ClockP_getSystemTicks                                              
00003223  ClockP_start                                                       
20001a7c  ClockP_tickPeriod                                                  
000038f8  GPIOCC26XX_config                                                  
00002a31  GPIO_hwiIntFxn                                                     
00001245  GPIO_init                                                          
00002a61  GPIO_setCallback                                                   
00000b91  GPIO_setConfig                                                     
00002995  GPIO_toggle                                                        
00001000  HEAPSIZE                                                           
0000310d  HwiP_Params_init                                                   
0000274d  HwiP_construct                                                     
00003227  HwiP_disable                                                       
1002ec47  HwiP_restore                                                       
000029c9  NOROM_AUXSYSIFOpModeChange                                         
00003167  NOROM_CPUcpsid                                                     
00003173  NOROM_CPUcpsie                                                     
00003213  NOROM_CPUdelay                                                     
00002ebd  NOROM_ChipInfo_GetChipFamily                                       
000023a9  NOROM_ChipInfo_GetChipType                                         
000025c1  NOROM_ChipInfo_GetHwRevision                                       
00002f99  NOROM_ChipInfo_GetPackageType                                      
000018e5  NOROM_OSCHF_AttemptToSwitchToXosc                                  
00001ff1  NOROM_OSCHF_SwitchToRcOscTurnOffXosc                               
00002cbd  NOROM_OSCHF_TurnOnXosc                                             
0000287d  NOROM_OSC_HPOSCRelativeFrequencyOffsetGet                          
000017b5  NOROM_SetupTrimDevice                                              
000029fd  NOROM_SysCtrlIdle                                                  
00002059  NOROM_SysCtrlSetRechargeBeforePowerDown                            
00000da1  NOROM_SysCtrlStandby                                               
00003041  NOROM_ThisLibraryIsFor_CC13x2_CC26x2_HwRev20AndLater_HaltIfViolated
0000311d  PINCC26XX_getPinCount                                              
00003988  PINCC26XX_hwAttrs                                                  
00001f11  PIN_add                                                            
00002e65  PIN_close                                                          
0000003d  PIN_init                                                           
00001481  PIN_open                                                           
0000317f  PIN_registerIntCb                                                  
0000218d  PIN_remove                                                         
000028b5  PIN_setConfig                                                      
0000278d  PIN_setOutputValue                                                 
00002531  PowerCC26X2_RCOSC_clockFunc                                        
00001e9d  PowerCC26X2_auxISR                                                 
00003083  PowerCC26X2_calibrate                                              
0000390c  PowerCC26X2_config                                                 
000022a1  PowerCC26X2_initiateCalibration                                    
20001110  PowerCC26X2_module                                                 
00002f65  PowerCC26XX_calibrate                                              
00002ef5  PowerCC26XX_schedulerDisable                                       
00002f11  PowerCC26XX_schedulerRestore                                       
000013cd  PowerCC26XX_standbyPolicy                                          
20001a80  PowerCC26XX_swiKey                                                 
20001a84  PowerCC26XX_taskKey                                                
0000318d  Power_getConstraintMask                                            
00003199  Power_getDependencyCount                                           
00002e83  Power_getTransitionLatency                                         
00002fb1  Power_idleFunc                                                     
000006f1  Power_init                                                         
00002a91  Power_releaseConstraint                                            
0000117d  Power_releaseDependency                                            
00002ac1  Power_setConstraint                                                
00001309  Power_setDependency                                                
000003b9  Power_sleep                                                        
0000340c  ROM_constStruct                                                    
00003860  ROM_externFuncPtrs                                                 
20001220  ROM_stateStruct                                                    
000022f9  ResetISR                                                           
UNDEFED   SHT$$INIT_ARRAY$$Base                                              
UNDEFED   SHT$$INIT_ARRAY$$Limit                                             
00002bdf  SemaphoreP_constructBinary                                         
00002c0d  SemaphoreP_createBinary                                            
000031a5  SemaphoreP_delete                                                  
000030e9  SemaphoreP_pend                                                    
0000322b  SemaphoreP_post                                                    
0000312d  SwiP_Params_init                                                   
000027c9  SwiP_construct                                                     
0000322f  SwiP_disable                                                       
00003233  SwiP_getTrigger                                                    
00003237  SwiP_or                                                            
1002db61  SwiP_restore                                                       
00000000  __ASM__                                                            
0000007f  __ISA__                                                            
00000092  __PLAT__                                                           
20014000  __STACK_END                                                        
00000400  __STACK_SIZE                                                       
000000b9  __TARG__                                                           
00003b70  __TI_CINIT_Base                                                    
00003b98  __TI_CINIT_Limit                                                   
00003b40  __TI_Handler_Table_Base                                            
00003b4c  __TI_Handler_Table_Limit                                           
000015d9  __TI_auto_init                                                     
000020c1  __TI_decompress_lzss                                               
0000313d  __TI_decompress_none                                               
ffffffff  __TI_pprof_out_hndl                                                
ffffffff  __TI_prof_data_size                                                
ffffffff  __TI_prof_data_start                                               
00000000  __TI_static_base__                                                 
000031c9  __TI_zero_init                                                     
000000df  __TRDR__                                                           
00001b8d  __aeabi_cdcmpeq                                                    
00001b8d  __aeabi_cdcmple                                                    
00001c13  __aeabi_cdrcmple                                                   
00002579  __aeabi_d2iz                                                       
00002649  __aeabi_d2uiz                                                      
0000020b  __aeabi_dadd                                                       
00000e9d  __aeabi_dmul                                                       
00000201  __aeabi_dsub                                                       
00002925  __aeabi_f2d                                                        
00002bb1  __aeabi_i2d                                                        
00001e9b  __aeabi_idiv0                                                      
00001e9b  __aeabi_ldiv0                                                      
00002fe1  __aeabi_lmul                                                       
00001e21  __aeabi_memclr                                                     
00001e21  __aeabi_memclr4                                                    
00001e21  __aeabi_memclr8                                                    
00001719  __aeabi_memcpy                                                     
00001719  __aeabi_memcpy4                                                    
00001719  __aeabi_memcpy8                                                    
00001e23  __aeabi_memset                                                     
00001e23  __aeabi_memset4                                                    
00001e23  __aeabi_memset8                                                    
000026cd  __aeabi_uidiv                                                      
000026cd  __aeabi_uidivmod                                                   
0000184d  __aeabi_uldivmod                                                   
ffffffff  __binit__                                                          
ffffffff  __c_args__                                                         
00057fa8  __ccfg                                                             
20001110  __primary_heap_end__                                               
20000110  __primary_heap_start__                                             
20013c00  __stack                                                            
00002fc9  _args_main                                                         
000022f9  _c_int00                                                           
200015b8  _lock                                                              
000003b7  _nop                                                               
00002d0d  _pthread_cleanupFxn                                                
00003057  _pthread_cleanup_pop                                               
0000196d  _pthread_removeThreadKeys                                          
000031b1  _register_lock                                                     
000031bd  _register_unlock                                                   
200015bc  _unlock                                                            
ffffffff  binit                                                              
00002499  copy_in                                                            
20001a88  driverlib_release_0_55938                                          
200015a0  gpioCallbackFunctions                                              
200015ac  gpioPinConfigs                                                     
00003954  inPinTypes                                                         
00002129  main                                                               
00002f7f  mainThread                                                         
20001638  main_func_sp                                                       
00001719  memcpy                                                             
00001e29  memset                                                             
00003960  outPinStrengths                                                    
00003944  outPinTypes                                                        
20001920  pinHandleTable                                                     
200015c4  pinLowerBound                                                      
200015c0  pinUpperBound                                                      
00002d55  pthread_attr_init                                                  
0000314b  pthread_attr_setdetachstate                                        
00003097  pthread_attr_setschedparam                                         
00003219  pthread_attr_setstacksize                                          
00001091  pthread_create                                                     
00002351  pthread_exit                                                       
000031d5  pthread_self                                                       
00002c65  pthread_setcancelstate                                             
000037c4  resourceDB                                                         
00002805  sleep                                                              
1002fddb  strlen                                                             
20001260  ti_sysbios_BIOS_Module__state__V                                   
1002e4e1  ti_sysbios_BIOS_RtsGateProxy_Handle__label__S                      
1002eb79  ti_sysbios_BIOS_RtsGateProxy_Params__init__S                       
1002ec77  ti_sysbios_BIOS_RtsGateProxy_enter__E                              
1002ec7b  ti_sysbios_BIOS_RtsGateProxy_leave__E                              
1002ec9b  ti_sysbios_BIOS_RtsGateProxy_query__E                              
1002ec9b  ti_sysbios_BIOS_RtsGateProxy_query__E                              
00002af1  ti_sysbios_BIOS_atExitFunc__I                                      
0000306d  ti_sysbios_BIOS_exitFunc__I                                        
1002ea85  ti_sysbios_BIOS_exit__E                                            
1002e9fd  ti_sysbios_BIOS_getCpuFreq__E                                      
1002ea95  ti_sysbios_BIOS_getThreadType__E                                   
1002d01b  ti_sysbios_BIOS_linkedWithIncorrectBootLibrary__E                  
00001fef  ti_sysbios_BIOS_nullFunc__I                                        
00002d79  ti_sysbios_BIOS_registerRTSLock__I                                 
00002d9d  ti_sysbios_BIOS_removeRTSLock__I                                   
00002e05  ti_sysbios_BIOS_rtsLock__I                                         
00002ff9  ti_sysbios_BIOS_rtsUnlock__I                                       
1002ea11  ti_sysbios_BIOS_setThreadType__E                                   
00002b21  ti_sysbios_BIOS_startFunc__I                                       
1002eaa5  ti_sysbios_BIOS_start__E                                           
000017b5  ti_sysbios_family_arm_cc26xx_Boot_trimDevice                       
000034f6  ti_sysbios_family_arm_cc26xx_Timer_Module__id__C                   
1002e15d  ti_sysbios_family_arm_cc26xx_Timer_Module__startupDone__S          
20001324  ti_sysbios_family_arm_cc26xx_Timer_Module__state__V                
1002dfa5  ti_sysbios_family_arm_cc26xx_Timer_Module_startup__E               
20001458  ti_sysbios_family_arm_cc26xx_Timer_Object__table__V                
00002e25  ti_sysbios_family_arm_cc26xx_Timer_dynamicStub__E                  
0000352c  ti_sysbios_family_arm_cc26xx_Timer_funcHookCH1__C                  
0000358c  ti_sysbios_family_arm_cc26xx_Timer_funcHookCH2__C                  
000030c1  ti_sysbios_family_arm_cc26xx_Timer_getCount64__E                   
00002b51  ti_sysbios_family_arm_cc26xx_Timer_getCurrentTick__E               
1002ec7f  ti_sysbios_family_arm_cc26xx_Timer_getExpiredTicks__E              
00002dc1  ti_sysbios_family_arm_cc26xx_Timer_getMaxTicks__E                  
1002ec83  ti_sysbios_family_arm_cc26xx_Timer_getPeriod__E                    
00002b81  ti_sysbios_family_arm_cc26xx_Timer_initDevice__I                   
1002c709  ti_sysbios_family_arm_cc26xx_Timer_periodicStub__E                 
1002dfd1  ti_sysbios_family_arm_cc26xx_Timer_postInit__I                     
0000295d  ti_sysbios_family_arm_cc26xx_Timer_setNextTick__E                  
1002ec87  ti_sysbios_family_arm_cc26xx_Timer_setPeriod__E                    
0000270d  ti_sysbios_family_arm_cc26xx_Timer_setThreshold__I                 
00001da1  ti_sysbios_family_arm_cc26xx_Timer_start__E                        
00003564  ti_sysbios_family_arm_cc26xx_Timer_startupNeeded__C                
1002dcf1  ti_sysbios_family_arm_cc26xx_Timer_startup__E                      
2000124c  ti_sysbios_family_arm_cc26xx_TimestampProvider_Module__state__V    
1002e42d  ti_sysbios_family_arm_cc26xx_TimestampProvider_Module_startup__E   
00003159  ti_sysbios_family_arm_cc26xx_TimestampProvider_get32__E            
1002dffd  ti_sysbios_family_arm_cc26xx_TimestampProvider_get64__E            
1002eb3d  ti_sysbios_family_arm_cc26xx_TimestampProvider_getFreq__E          
00003704  ti_sysbios_family_arm_cc26xx_TimestampProvider_useClockTimer__C    
00003590  ti_sysbios_family_arm_m3_Hwi_E_NMI__C                              
00003694  ti_sysbios_family_arm_m3_Hwi_E_alreadyDefined__C                   
000035f4  ti_sysbios_family_arm_m3_Hwi_E_busFault__C                         
0000371c  ti_sysbios_family_arm_m3_Hwi_E_debugMon__C                         
000039a0  ti_sysbios_family_arm_m3_Hwi_E_exception__C                        
00003710  ti_sysbios_family_arm_m3_Hwi_E_hardFault__C                        
00003738  ti_sysbios_family_arm_m3_Hwi_E_hwiLimitExceeded__C                 
0000378c  ti_sysbios_family_arm_m3_Hwi_E_memFault__C                         
00003568  ti_sysbios_family_arm_m3_Hwi_E_noIsr__C                            
00003534  ti_sysbios_family_arm_m3_Hwi_E_reserved__C                         
00003720  ti_sysbios_family_arm_m3_Hwi_E_svCall__C                           
0000377c  ti_sysbios_family_arm_m3_Hwi_E_usageFault__C                       
1002e451  ti_sysbios_family_arm_m3_Hwi_Handle__label__S                      
1002ce71  ti_sysbios_family_arm_m3_Hwi_Instance_finalize__E                  
1002c79d  ti_sysbios_family_arm_m3_Hwi_Instance_init__E                      
20001636  ti_sysbios_family_arm_m3_Hwi_Module_State_0_excActive__A           
2000163c  ti_sysbios_family_arm_m3_Hwi_Module_State_0_excContext__A          
20001640  ti_sysbios_family_arm_m3_Hwi_Module_State_0_excStack__A            
000034f4  ti_sysbios_family_arm_m3_Hwi_Module__id__C                         
200015c8  ti_sysbios_family_arm_m3_Hwi_Module__root__V                       
1002e185  ti_sysbios_family_arm_m3_Hwi_Module__startupDone__S                
200012f0  ti_sysbios_family_arm_m3_Hwi_Module__state__V                      
1002d3c9  ti_sysbios_family_arm_m3_Hwi_Module_startup__E                     
0000354c  ti_sysbios_family_arm_m3_Hwi_NUM_INTERRUPTS__C                     
00003748  ti_sysbios_family_arm_m3_Hwi_Object__DESC__C                       
1002fc10  ti_sysbios_family_arm_m3_Hwi_Object__PARAMS__C                     
0000376c  ti_sysbios_family_arm_m3_Hwi_Object__count__C                      
1002e1ad  ti_sysbios_family_arm_m3_Hwi_Object__delete__S                     
1002e1d5  ti_sysbios_family_arm_m3_Hwi_Object__get__S                        
000034fc  ti_sysbios_family_arm_m3_Hwi_Object__table__C                      
20001570  ti_sysbios_family_arm_m3_Hwi_Object__table__V                      
1002eb49  ti_sysbios_family_arm_m3_Hwi_Params__init__S                       
00003780  ti_sysbios_family_arm_m3_Hwi_ccr__C                                
1002d421  ti_sysbios_family_arm_m3_Hwi_construct                             
00002841  ti_sysbios_family_arm_m3_Hwi_construct2__E                         
1002d1a1  ti_sysbios_family_arm_m3_Hwi_create                                
1002ec8b  ti_sysbios_family_arm_m3_Hwi_delete                                
1002e475  ti_sysbios_family_arm_m3_Hwi_destruct                              
1002eb55  ti_sysbios_family_arm_m3_Hwi_disableFxn__E                         
[...]
1002eac5  ti_sysbios_knl_Clock_TimerProxy_getCurrentTick__E                  
1002ead5  ti_sysbios_knl_Clock_TimerProxy_getMaxTicks__E                     
1002eae5  ti_sysbios_knl_Clock_TimerProxy_setNextTick__E                     
1002eaf5  ti_sysbios_knl_Task_self__E                                        
1002eb05  ti_sysbios_gates_GateMutex_leave__E                                
1002eb13  ti_sysbios_heaps_HeapMem_restore__E                                
1002eb21  ti_sysbios_knl_Queue_empty__E                                      
1002eb2f  ti_sysbios_knl_Queue_remove__E                                     
1002eb3d  ti_sysbios_family_arm_cc26xx_TimestampProvider_getFreq__E          
1002eb3d  xdc_runtime_Timestamp_SupportProxy_getFreq__E                      
1002eb3d  xdc_runtime_Timestamp_SupportProxy_getFreq__E                      
1002eb3d  xdc_runtime_Timestamp_getFreq__E                                   
1002eb3d  xdc_runtime_Timestamp_getFreq__E                                   
1002eb49  ti_sysbios_family_arm_m3_Hwi_Params__init__S                       
1002eb49  ti_sysbios_hal_Hwi_HwiProxy_Params__init__S                        
1002eb55  ti_sysbios_family_arm_m3_Hwi_disableFxn__E                         
1002eb61  ti_sysbios_family_arm_m3_Hwi_enableFxn__E                          
1002eb6d  ti_sysbios_gates_GateHwi_enter__E                                  
1002eb79  ti_sysbios_BIOS_RtsGateProxy_Params__init__S                       
1002eb79  ti_sysbios_gates_GateMutex_Params__init__S                         
1002eb79  ti_sysbios_heaps_HeapMem_Module_GateProxy_Params__init__S          
1002eb85  ti_sysbios_heaps_HeapTrack_Params__init__S                         
1002eb91  ti_sysbios_heaps_HeapTrack_isBlocking__E                           
1002eb9d  ti_sysbios_knl_Clock_Params__init__S                               
1002eba9  ti_sysbios_knl_Clock_getTimerHandle__E                             
1002ebb5  ti_sysbios_knl_Event_Params__init__S                               
1002ebc1  ti_sysbios_knl_Mailbox_Params__init__S                             
1002ebcd  ti_sysbios_knl_Queue_dequeue__E                                    
1002ebd9  ti_sysbios_knl_Queue_enqueue__E                                    
1002ebe5  ti_sysbios_knl_Semaphore_Params__init__S                           
1002ebf1  ti_sysbios_knl_Swi_Params__init__S                                 
1002ebfd  ti_sysbios_knl_Swi_self__E                                         
1002ec09  ti_sysbios_knl_Task_Params__init__S                                
1002ec15  ti_sysbios_hal_Hwi_Instance_finalize__E                            
1002ec1f  ti_sysbios_knl_Event_Instance_init__E                              
1002ec29  ti_sysbios_family_arm_m3_Hwi_doSwiRestore__I                       
1002ec31  ti_sysbios_family_arm_m3_Hwi_startup__E                            
1002ec31  ti_sysbios_hal_Hwi_HwiProxy_startup__E                             
1002ec31  ti_sysbios_hal_Hwi_HwiProxy_startup__E                             
1002ec31  ti_sysbios_hal_Hwi_startup__E                                      
1002ec31  ti_sysbios_hal_Hwi_startup__E                                      
1002ec39  ti_sysbios_knl_Idle_loop__E                                        
1002ec41  ti_sysbios_family_arm_m3_Hwi_doTaskRestore__I                      
1002ec47  HwiP_restore                                                       
1002ec47  ti_sysbios_family_arm_m3_Hwi_restoreFxn__E                         
1002ec4d  ti_sysbios_gates_GateHwi_leave__E                                  
1002ec53  ti_sysbios_gates_GateMutex_Instance_finalize__E                    
1002ec59  ti_sysbios_heaps_HeapMem_isBlocking__E                             
1002ec5f  ti_sysbios_knl_Queue_Instance_init__E                              
1002ec65  ti_sysbios_knl_Queue_elemClear__E                                  
1002ec6b  ti_sysbios_knl_Swi_startup__E                                      
1002ec71  ti_sysbios_knl_Task_enable__E                                      
1002ec77  ti_sysbios_BIOS_RtsGateProxy_enter__E                              
1002ec7b  ti_sysbios_BIOS_RtsGateProxy_leave__E                              
1002ec7f  ti_sysbios_family_arm_cc26xx_Timer_getExpiredTicks__E              
1002ec83  ti_sysbios_family_arm_cc26xx_Timer_getPeriod__E                    
1002ec87  ti_sysbios_family_arm_cc26xx_Timer_setPeriod__E                    
1002ec8b  ti_sysbios_family_arm_m3_Hwi_delete                                
1002ec8f  ti_sysbios_family_arm_m3_TaskSupport_Module__startupDone__S        
1002ec8f  ti_sysbios_knl_Task_SupportProxy_Module__startupDone__S            
1002ec93  ti_sysbios_gates_GateHwi_query__E                                  
1002ec93  xdc_runtime_Main_Module_GateProxy_query__E                         
1002ec93  xdc_runtime_System_Module_GateProxy_query__E                       
1002ec93  xdc_runtime_System_Module_GateProxy_query__E                       
1002ec97  ti_sysbios_gates_GateMutex_delete                                  
1002ec9b  ti_sysbios_BIOS_RtsGateProxy_query__E                              
1002ec9b  ti_sysbios_BIOS_RtsGateProxy_query__E                              
1002ec9b  ti_sysbios_gates_GateMutex_query__E                                
1002ec9b  ti_sysbios_heaps_HeapMem_Module_GateProxy_query__E                 
1002ec9b  ti_sysbios_heaps_HeapMem_Module_GateProxy_query__E                 
1002ec9f  ti_sysbios_hal_Hwi_HwiProxy_create                                 
1002eca3  ti_sysbios_hal_Hwi_HwiProxy_delete                                 
1002eca7  ti_sysbios_hal_Hwi_delete                                          
1002ecab  ti_sysbios_heaps_HeapMem_Module_GateProxy_enter__E                 
1002ecaf  ti_sysbios_heaps_HeapMem_Module_GateProxy_leave__E                 
1002ecb3  ti_sysbios_knl_Clock_TimerProxy_getExpiredTicks__E                 
1002ecb7  ti_sysbios_knl_Clock_TimerProxy_getPeriod__E                       
1002ecbb  ti_sysbios_knl_Clock_delete                                        
1002ecbf  ti_sysbios_knl_Clock_removeI__E                                    
1002ecc3  ti_sysbios_knl_Clock_setTimeout__E                                 
1002ecc7  ti_sysbios_knl_Event_delete                                        
1002eccb  ti_sysbios_knl_Mailbox_delete                                      
1002eccf  ti_sysbios_knl_Queue_delete                                        
1002ecd3  ti_sysbios_knl_Queue_head__E                                       
1002ecd7  ti_sysbios_knl_Queue_next__E                                       
1002ecdb  ti_sysbios_knl_Semaphore_delete                                    
1002ecdf  ti_sysbios_knl_Swi_delete                                          
1002ece3  ti_sysbios_knl_Swi_postInit__I                                     
1002ece7  ti_sysbios_knl_Task_delete                                         
1002eceb  ti_sysbios_knl_Task_startup__E                                     
1002ecf1  xdc_runtime_System_doPrint__I                                      
1002f055  xdc_runtime_Startup_startMods__I                                   
1002f15d  xdc_runtime_Text_putSite__E                                        
1002f1f7  xdc_runtime_Error_policySpin__E                                    
1002f1f9  xdc_runtime_Text_putMod__E                                         
1002f289  xdc_runtime_Memory_alloc__E                                        
1002f2f9  xdc_runtime_Core_createObject__I                                   
1002f367  xdc_runtime_Core_deleteObject__I                                   
1002f3c5  xdc_runtime_Text_putLab__E                                         
1002f421  xdc_runtime_Assert_raise__I                                        
1002f475  xdc_runtime_Startup_exec__E                                        
1002f4c9  xdc_runtime_Core_assignParams__I                                   
1002f511  xdc_runtime_Core_constructObject__I                                
1002f559  xdc_runtime_System_atexit__E                                       
1002f5a1  xdc_runtime_Text_xprintf__I                                        
1002f5e5  xdc_runtime_System_processAtExit__E                                
1002f625  xdc_runtime_System_putchar__I                                      
1002f659  xdc_runtime_Core_assignLabel__I                                    
1002f689  xdc_runtime_Text_printVisFxn__I                                    
1002f6b9  xdc_runtime_System_vprintf__E                                      
1002f6e5  xdc_runtime_Text_cordText__E                                       
1002f711  xdc_runtime_System_abort__E                                        
1002f739  xdc_runtime_Error_raiseX__E                                        
1002f759  xdc_runtime_Registry_findById__E                                   
1002f779  xdc_runtime_Error_check__E                                         
1002f795  xdc_runtime_Memory_valloc__E                                       
1002f7b1  xdc_runtime_System_exit__E                                         
1002f7cd  xdc_runtime_Text_ropeText__E                                       
1002f7e9  xdc_runtime_System_printf__E                                       
1002f803  xdc_runtime_Core_destructObject__I                                 
1002f81b  xdc_runtime_System_abortSpin__E                                    
1002f81d  xdc_runtime_Memory_free__E                                         
1002f831  xdc_runtime_Memory_getStats__E                                     
1002f845  xdc_runtime_SysCallback_abort__E                                   
1002f845  xdc_runtime_System_SupportProxy_abort__E                           
1002f859  xdc_runtime_SysCallback_exit__E                                    
1002f859  xdc_runtime_System_SupportProxy_exit__E                            
1002f86d  xdc_runtime_SysCallback_flush__E                                   
1002f86d  xdc_runtime_System_SupportProxy_flush__E                           
1002f86d  xdc_runtime_System_flush__E                                        
1002f881  xdc_runtime_SysCallback_putch__E                                   
1002f881  xdc_runtime_System_SupportProxy_putch__E                           
1002f895  xdc_runtime_SysCallback_ready__E                                   
1002f895  xdc_runtime_System_SupportProxy_ready__E                           
1002f8a9  xdc_runtime_Memory_getMaxDefaultTypeAlign__E                       
1002f8b9  xdc_runtime_System_vsnprintf__E                                    
1002f8c9  xdc_runtime_Timestamp_SupportProxy_get32__E                        
1002f8c9  xdc_runtime_Timestamp_SupportProxy_get32__E                        
1002f8c9  xdc_runtime_Timestamp_get32__E                                     
1002f8c9  xdc_runtime_Timestamp_get32__E                                     
1002f8d9  xdc_runtime_Memory_calloc__E                                       
1002f8e5  xdc_runtime_Startup_rtsDone__E                                     
1002f8f1  xdc_runtime_Memory_HeapProxy_alloc__E                              
1002f8fb  xdc_runtime_Memory_HeapProxy_free__E                               
1002f905  xdc_runtime_Memory_HeapProxy_getStats__E                           
1002f90f  xdc_runtime_Gate_leaveSystem__E                                    
1002f915  xdc_runtime_System_Module_startup__E                               
1002f91b  xdc_runtime_Gate_enterSystem__E                                    
1002f91f  xdc_runtime_SysCallback_Module__startupDone__S                     
1002f91f  xdc_runtime_System_SupportProxy_Module__startupDone__S             
1002f923  xdc_runtime_System_Module_GateProxy_enter__E                       
1002f927  xdc_runtime_System_Module_GateProxy_leave__E                       
1002f92b  xdc_runtime_System_printf_va__F                                    
1002f92f  xdc_runtime_System_exitSpin__E                                     
1002f931  ti_sysbios_family_arm_m3_Hwi_dispatch__I                           
1002fa11  ti_sysbios_family_arm_m3_Hwi_interruptsAreDisabledButShouldNotBe   
1002fa2d  ti_sysbios_family_arm_m3_TaskSupport_buildTaskStack                
1002fab9  ti_sysbios_family_arm_m3_Hwi_initStacks__E                         
1002fb11  ti_sysbios_family_arm_m3_Hwi_pendSV__I                             
1002fb35  ti_sysbios_family_arm_m3_Hwi_return                                
1002fb39  ti_sysbios_family_arm_m3_Hwi_excHandlerAsm__I                      
1002fb59  ti_sysbios_family_xxx_Hwi_switchAndRunFunc                         
1002fb77  ti_sysbios_family_arm_m3_TaskSupport_swap__E                       
1002fb77  ti_sysbios_knl_Task_SupportProxy_swap__E                           
1002fb77  ti_sysbios_knl_Task_SupportProxy_swap__E                           
1002fb83  ti_sysbios_knl_Task_swapReturn                                     
1002fb8f  ti_sysbios_family_arm_m3_TaskSupport_glue                          
1002fba0  ti_sysbios_knl_Task_Object__PARAMS__C                              
1002fbdc  ti_sysbios_knl_Mailbox_Object__PARAMS__C                           
1002fc10  ti_sysbios_family_arm_m3_Hwi_Object__PARAMS__C                     
1002fc40  ti_sysbios_hal_Hwi_Object__PARAMS__C                               
1002fc6c  ti_sysbios_knl_Swi_Object__PARAMS__C                               
1002fc94  ti_sysbios_heaps_HeapMem_Object__PARAMS__C                         
1002fcb8  ti_sysbios_knl_Clock_Object__PARAMS__C                             
1002fcdc  ti_sysbios_knl_Semaphore_Object__PARAMS__C                         
1002fd00  ti_sysbios_gates_GateHwi_Object__PARAMS__C                         
1002fd18  ti_sysbios_gates_GateMutex_Object__PARAMS__C                       
1002fd30  ti_sysbios_knl_Event_Object__PARAMS__C                             
1002fd48  ti_sysbios_knl_Queue_Object__PARAMS__C                             
1002fd80  ti_sysbios_heaps_HeapTrack_Object__PARAMS__C                       
1002fd9c  ti_sysbios_heaps_HeapTrack_Instance_State_trackQueue__O            
1002fda0  ti_sysbios_heaps_HeapTrack_Module__diagsEnabled__C                 
1002fda4  ti_sysbios_heaps_HeapTrack_Module__diagsIncluded__C                
1002fda8  ti_sysbios_heaps_HeapTrack_Module__diagsMask__C                    
1002fddb  strlen                                                             
20000000  ti_sysbios_family_arm_m3_Hwi_ramVectors                            
20000100  xdcRomConstPtr                                                     
20000104  xdcRomExternFuncPtr                                                
20000108  xdcRomStatePtr                                                     
20000110  __primary_heap_start__                                             
20001110  PowerCC26X2_module                                                 
20001110  __primary_heap_end__                                               
20001220  ROM_stateStruct                                                    
20001220  ti_sysbios_knl_Clock_Module__state__V                              
2000124c  ti_sysbios_family_arm_cc26xx_TimestampProvider_Module__state__V    
20001250  xdc_runtime_Startup_Module__state__V                               
20001258  xdc_runtime_Registry_Module__state__V                              
20001260  ti_sysbios_BIOS_Module__state__V                                   
20001284  ti_sysbios_knl_Swi_Module__state__V                                
200012a0  ti_sysbios_knl_Task_Module__state__V                               
200012e4  xdc_runtime_Memory_Module__state__V                                
200012e8  xdc_runtime_System_Module__state__V                                
200012f0  ti_sysbios_family_arm_m3_Hwi_Module__state__V                      
20001324  ti_sysbios_family_arm_cc26xx_Timer_Module__state__V                
200013b4  ti_sysbios_gates_GateMutex_Object__table__V                        
20001408  ti_sysbios_knl_Task_Object__table__V                               
20001458  ti_sysbios_family_arm_cc26xx_Timer_Object__table__V                
200014a0  ti_sysbios_knl_Swi_Module_State_0_readyQ__A                        
200014d0  ti_sysbios_knl_Swi_Object__table__V                                
20001500  ti_sysbios_knl_Task_Module_State_0_readyQ__A                       
20001530  ti_sysbios_knl_Clock_Object__table__V                              
20001550  xdc_runtime_Error_IgnoreBlock                                      
20001570  ti_sysbios_family_arm_m3_Hwi_Object__table__V                      
20001588  ti_sysbios_heaps_HeapMem_Object__table__V                          
200015a0  gpioCallbackFunctions                                              
200015ac  gpioPinConfigs                                                     
200015b8  _lock                                                              
200015bc  _unlock                                                            
200015c0  pinUpperBound                                                      
200015c4  pinLowerBound                                                      
200015c8  ti_sysbios_family_arm_m3_Hwi_Module__root__V                       
200015d0  ti_sysbios_gates_GateHwi_Module__root__V                           
200015d8  ti_sysbios_gates_GateMutex_Module__root__V                         
200015e0  ti_sysbios_hal_Hwi_Module__root__V                                 
200015e8  ti_sysbios_heaps_HeapMem_Module__root__V                           
200015f0  ti_sysbios_knl_Clock_Module__root__V                               
200015f8  ti_sysbios_knl_Event_Module__root__V                               
20001600  ti_sysbios_knl_Mailbox_Module__root__V                             
20001608  ti_sysbios_knl_Queue_Module__root__V                               
20001610  ti_sysbios_knl_Semaphore_Module__root__V                           
20001618  ti_sysbios_knl_Swi_Module__root__V                                 
20001620  ti_sysbios_knl_Task_Module__root__V                                
20001628  xdc_runtime_System_Module_State_0_atexitHandlers__A                
20001636  ti_sysbios_family_arm_m3_Hwi_Module_State_0_excActive__A           
20001638  main_func_sp                                                       
2000163c  ti_sysbios_family_arm_m3_Hwi_Module_State_0_excContext__A          
20001640  ti_sysbios_family_arm_m3_Hwi_Module_State_0_excStack__A            
20001644  ti_sysbios_knl_Task_Module_State_0_idleTask__A                     
20001648  ti_sysbios_knl_Task_Instance_State_0_stack__A                      
20001848  ti_sysbios_family_arm_m3_Hwi_dispatchTable                         
20001920  pinHandleTable                                                     
20001a7c  ClockP_tickPeriod                                                  
20001a80  PowerCC26XX_swiKey                                                 
20001a84  PowerCC26XX_taskKey                                                
20001a88  driverlib_release_0_55938                                          
20013c00  __stack                                                            
20014000  __STACK_END                                                        
e000e000  ti_sysbios_family_arm_m3_Hwi_nvic                                  
ffffffff  __TI_pprof_out_hndl                                                
ffffffff  __TI_prof_data_size                                                
ffffffff  __TI_prof_data_start                                               
ffffffff  __binit__                                                          
ffffffff  __c_args__                                                         
ffffffff  binit                                                              
UNDEFED   SHT$$INIT_ARRAY$$Base                                              
UNDEFED   SHT$$INIT_ARRAY$$Limit                                             

[799 symbols]
