******************************************************************************
                  TI ARM Linker PC v18.12.4                    
******************************************************************************
>> Linked Mon Mar 30 15:16:33 2020

OUTPUT FILE NAME:   <USB1352_S.out>
ENTRY POINT SYMBOL: "ResetISR"  address: 00005ded


MEMORY CONFIGURATION

         name            origin    length      used     unused   attr    fill
----------------------  --------  ---------  --------  --------  ----  --------
  FLASH                 00000000   00058000  00008684  0004f97c  R  X
  GPRAM                 11000000   00002000  00000000  00002000  RW X
  SRAM                  20000000   00014000  000044b1  0000fb4f  RW X


SEGMENT ALLOCATION MAP

run origin  load origin   length   init length attrs members
----------  ----------- ---------- ----------- ----- -------
00000000    00000000    00008630   00008630    r-x
  00000000    00000000    0000003c   0000003c    r-- .resetVecs
  0000003c    0000003c    00007ad4   00007ad4    r-x .text
  00007b10    00007b10    000007e4   000007e4    r-- .const
  000082f8    000082f8    00000338   00000338    r-- .cinit
00057fa8    00057fa8    00000058   00000058    r--
  00057fa8    00057fa8    00000058   00000058    r-- .ccfg
20000100    20000100    0000000c   00000000    rw-
  20000100    20000100    00000004   00000000    rw- .data:xdcRomConstPtr
  20000104    20000104    00000004   00000000    rw- .data:xdcRomExternFuncPtr
  20000108    20000108    00000004   00000000    rw- .data:xdcRomStatePtr
20000110    20000110    00001000   00000000    r--
  20000110    20000110    00001000   00000000    r-- .priheap
20001110    20001110    0000069d   00000000    rw-
  20001110    20001110    0000069d   00000000    rw- .data
20001830    20001830    00000010   00000000    rw-
  20001830    20001830    00000010   00000000    rw- .TI.bound:dmaSpi0RxControlTableEntry
20001840    20001840    00000010   00000000    rw-
  20001840    20001840    00000010   00000000    rw- .TI.bound:dmaSpi0TxControlTableEntry
20001900    20001900    00000010   00000000    rw-
  20001900    20001900    00000010   00000000    rw- .TI.bound:dmaSpi1RxControlTableEntry
20001910    20001910    00000010   00000000    rw-
  20001910    20001910    00000010   00000000    rw- .TI.bound:dmaSpi1TxControlTableEntry
20001a30    20001a30    00000010   00000000    rw-
  20001a30    20001a30    00000010   00000000    rw- .TI.bound:dmaSpi0RxAltControlTableEntry
20001a40    20001a40    00000010   00000000    rw-
  20001a40    20001a40    00000010   00000000    rw- .TI.bound:dmaSpi0TxAltControlTableEntry
20001b00    20001b00    00000010   00000000    rw-
  20001b00    20001b00    00000010   00000000    rw- .TI.bound:dmaSpi1RxAltControlTableEntry
20001b10    20001b10    000028c0   00000000    rw-
  20001b10    20001b10    00000010   00000000    rw- .TI.bound:dmaSpi1TxAltControlTableEntry
  20001b20    20001b20    000028b0   00000000    rw- .bss
20013c00    20013c00    00000400   00000000    rw-
  20013c00    20013c00    00000400   00000000    rw- .stack


SECTION ALLOCATION MAP

 output                                  attributes/
section   page    origin      length       input sections
--------  ----  ----------  ----------   ----------------
.binit     0    00000000    00000000     

.cinit     0    000082f8    00000338     
                  000082f8    0000025e     (.cinit..data.load) [load image, compression = lzss]
                  00008556    00000002     --HOLE-- [fill = 0]
                  00008558    0000000c     (__TI_handler_table)
                  00008564    00000004     --HOLE-- [fill = 0]
                  00008568    00000008     (.cinit..TI.bound:dmaSpi0RxAltControlTableEntry.load) [load image, compression = zero_init]
                  00008570    00000008     (.cinit..TI.bound:dmaSpi0RxControlTableEntry.load) [load image, compression = zero_init]
                  00008578    00000008     (.cinit..TI.bound:dmaSpi0TxAltControlTableEntry.load) [load image, compression = zero_init]
                  00008580    00000008     (.cinit..TI.bound:dmaSpi0TxControlTableEntry.load) [load image, compression = zero_init]
                  00008588    00000008     (.cinit..TI.bound:dmaSpi1RxAltControlTableEntry.load) [load image, compression = zero_init]
                  00008590    00000008     (.cinit..TI.bound:dmaSpi1RxControlTableEntry.load) [load image, compression = zero_init]
                  00008598    00000008     (.cinit..TI.bound:dmaSpi1TxAltControlTableEntry.load) [load image, compression = zero_init]
                  000085a0    00000008     (.cinit..TI.bound:dmaSpi1TxControlTableEntry.load) [load image, compression = zero_init]
                  000085a8    00000008     (.cinit..bss.load) [load image, compression = zero_init]
                  000085b0    00000008     (.cinit..data:xdcRomConstPtr.load) [load image, compression = lzss]
                  000085b8    00000008     (.cinit..data:xdcRomExternFuncPtr.load) [load image, compression = lzss]
                  000085c0    00000008     (.cinit..data:xdcRomStatePtr.load) [load image, compression = lzss]
                  000085c8    00000068     (__TI_cinit_table)

.init_array 
*          0    00000000    00000000     UNINITIALIZED

.ccfg      0    00057fa8    00000058     
                  00057fa8    00000058     ti_devices_config.obj (.ccfg:retain)

.data      0    20001110    0000069d     UNINITIALIZED
                  20001110    00000110     drivers_cc13x2.aem4f : PowerCC26X2.oem4f (.data:PowerCC26X2_module)
                  20001220    0000010c     release_pem4f.oem4f (.data:ROM_stateStruct)
                  2000132c    00000088     rom_sysbios.aem4f : rom_sysbios.obj (.data:$O1$$)
                  200013b4    00000060     usb1352_rf.obj (.data:usb1352_rf_data_rate_table)
                  20001414    00000054     release_pem4f.oem4f (.data:ti_sysbios_gates_GateMutex_Object__table__V)
                  20001468    0000004c     release_pem4f.oem4f (.data:ti_sysbios_knl_Task_Object__table__V)
                  200014b4    00000004     drivers_cc13x2.aem4f : GPIOCC26XX.oem4f (.data:gpioPinTable)
                  200014b8    00000048     release_pem4f.oem4f (.data:ti_sysbios_family_arm_cc26xx_Timer_Object__table__V)
                  20001500    00000030     ti_radio_config.obj (.data:RF_cmdPropRadioDivSetup)
                  20001530    00000030     release_pem4f.oem4f (.data:ti_sysbios_knl_Swi_Module_State_0_readyQ__A)
                  20001560    00000030     release_pem4f.oem4f (.data:ti_sysbios_knl_Swi_Object__table__V)
                  20001590    00000030     release_pem4f.oem4f (.data:ti_sysbios_knl_Task_Module_State_0_readyQ__A)
                  200015c0    00000024     ti_radio_config.obj (.data:RF_cmdPropRx)
                  200015e4    00000020     release_pem4f.oem4f (.data:ti_sysbios_knl_Clock_Object__table__V)
                  20001604    00000020     release_pem4f.oem4f (.data:xdc_runtime_Error_IgnoreBlock)
                  20001624    0000001c     ti_drivers_config.obj (.data:gpioCallbackFunctions)
                  20001640    0000001c     ti_drivers_config.obj (.data:gpioPinConfigs)
                  2000165c    00000018     ti_radio_config.obj (.data:RF_cmdFs)
                  20001674    00000018     ti_radio_config.obj (.data:RF_cmdPropTx)
                  2000168c    00000018     ti_radio_config.obj (.data:pOverrides)
                  200016a4    00000018     release_pem4f.oem4f (.data:ti_sysbios_family_arm_m3_Hwi_Object__table__V)
                  200016bc    00000018     release_pem4f.oem4f (.data:ti_sysbios_heaps_HeapMem_Object__table__V)
                  200016d4    00000014     ti_radio_config.obj (.data:pOverridesTx20)
                  200016e8    00000014     ti_radio_config.obj (.data:pOverridesTxStd)
                  200016fc    00000010     ti_radio_config.obj (.data:RF_prop)
                  2000170c    00000010     usb1352_amp.obj (.data:amp_pin_config)
                  2000171c    00000008     rtsv7M4_T_le_v4SPD16_eabi.lib : _lock.c.obj (.data:$O1$$)
                  20001724    00000008     drivers_cc13x2.aem4f : PINCC26XX.oem4f (.data)
                  2000172c    00000008     release_pem4f.oem4f (.data:ti_sysbios_family_arm_m3_Hwi_Module__root__V)
                  20001734    00000008     release_pem4f.oem4f (.data:ti_sysbios_gates_GateHwi_Module__root__V)
                  2000173c    00000008     release_pem4f.oem4f (.data:ti_sysbios_gates_GateMutex_Module__root__V)
                  20001744    00000008     release_pem4f.oem4f (.data:ti_sysbios_hal_Hwi_Module__root__V)
                  2000174c    00000008     release_pem4f.oem4f (.data:ti_sysbios_heaps_HeapMem_Module__root__V)
                  20001754    00000008     release_pem4f.oem4f (.data:ti_sysbios_knl_Clock_Module__root__V)
                  2000175c    00000008     release_pem4f.oem4f (.data:ti_sysbios_knl_Event_Module__root__V)
                  20001764    00000008     release_pem4f.oem4f (.data:ti_sysbios_knl_Mailbox_Module__root__V)
                  2000176c    00000008     release_pem4f.oem4f (.data:ti_sysbios_knl_Queue_Module__root__V)
                  20001774    00000008     release_pem4f.oem4f (.data:ti_sysbios_knl_Semaphore_Module__root__V)
                  2000177c    00000008     release_pem4f.oem4f (.data:ti_sysbios_knl_Swi_Module__root__V)
                  20001784    00000008     release_pem4f.oem4f (.data:ti_sysbios_knl_Task_Module__root__V)
                  2000178c    00000008     release_pem4f.oem4f (.data:xdc_runtime_System_Module_State_0_atexitHandlers__A)
                  20001794    00000005     drivers_cc13x2.aem4f : GPIOCC26XX.oem4f (.data)
                  20001799    00000001                          : SPI.oem4f (.data)
                  2000179a    00000002     release_pem4f.oem4f (.data:ti_sysbios_family_arm_m3_Hwi_Module_State_0_excActive__A)
                  2000179c    00000004     rtsv7M4_T_le_v4SPD16_eabi.lib : stkdepth_vars.c.obj (.data)
                  200017a0    00000004     release_pem4f.oem4f (.data:ti_sysbios_family_arm_m3_Hwi_Module_State_0_excContext__A)
                  200017a4    00000004     release_pem4f.oem4f (.data:ti_sysbios_family_arm_m3_Hwi_Module_State_0_excStack__A)
                  200017a8    00000004     release_pem4f.oem4f (.data:ti_sysbios_knl_Task_Module_State_0_idleTask__A)
                  200017ac    00000001     rf_multiMode_cc13x2.aem4f : rf_patch_cpe_prop.c.cc13x2.ccs.o (.data)

.bss       0    20001b20    000028b0     UNINITIALIZED
                  20001b20    00001000     usb1352_rf.obj (.bss:rf_task_stack)
                  20002b20    00000800     usb1352_spi.obj (.bss:spi_task_stack)
                  20003320    00000470     rf_multiMode_cc13x2.aem4f : RFCC26X2_multiMode.c.cc13x2.ccs.o (.bss:$O1$$)
                  20003790    00000218     usb1352_rf.obj (.bss:rx_data_entry_buffer)
                  200039a8    00000200     release_pem4f.oem4f (.bss:taskStackSection)
                  20003ba8    00000102     usb1352_rf.obj (.bss:rx_frame)
                  20003caa    00000100     usb1352_intr_thread.obj (.bss:intr_task_stack)
                  20003daa    00000001     rf_multiMode_cc13x2.aem4f : RFCC26X2_multiMode.c.cc13x2.ccs.o (.bss)
                  20003dab    00000001     (.common:driverlib_release_0_55938)
                  20003dac    000000d8     (.common:ti_sysbios_family_arm_m3_Hwi_dispatchTable)
                  20003e84    000000d4     (.common:spiCC26X2DMAObjects)
                  20003f58    000000a8     usb1352_rf.obj (.bss:rf_object)
                  20004000    0000007c     (.common:pinHandleTable)
                  2000407c    00000050     usb1352_intr_thread.obj (.bss:intr_task_struct)
                  200040cc    00000050     usb1352_rf.obj (.bss:rf_task_struct)
                  2000411c    00000050     usb1352_spi.obj (.bss:spi_task_struct)
                  2000416c    0000003c     usb1352_intr_thread.obj (.bss:intr_task_params)
                  200041a8    0000003c     usb1352_rf.obj (.bss:rf_task_params)
                  200041e4    0000003c     usb1352_spi.obj (.bss:spi_task_params)
                  20004220    00000034     drivers_cc13x2.aem4f : PINCC26XX.oem4f (.bss:pinSwi)
                  20004254    00000020                          : GPIOCC26XX.oem4f (.bss:gpioCallbackInfo)
                  20004274    00000020                          : PINCC26XX.oem4f (.bss:pinGpioConfigTable)
                  20004294    00000020     usb1352_rf.obj (.bss:rf_params)
                  200042b4    00000020     usb1352_spi.obj (.bss:spi_params)
                  200042d4    00000020     (.common:udmaCC26XXObject)
                  200042f4    0000001c     driverlib.lib : osc.obj (.bss:$O1$$)
                  20004310    0000001c     drivers_cc13x2.aem4f : PINCC26XX.oem4f (.bss:pinHwi)
                  2000432c    0000001c                          : PINCC26XX.oem4f (.bss:pinSemaphore)
                  20004348    00000018     usb1352_spi.obj (.bss:spi_trans)
                  20004360    00000014     rf_multiMode_cc13x2.aem4f : RFCC26X2_multiMode.c.cc13x2.ccs.o (.bss:RF_ratSyncCmd)
                  20004374    0000000c     usb1352_amp.obj (.bss:amp_pin_state)
                  20004380    0000000c     drivers_cc13x2.aem4f : GPIOCC26XX.oem4f (.bss:gpioPinState)
                  2000438c    0000000c     usb1352_rf.obj (.bss:rf_output)
                  20004398    00000008     usb1352_rf.obj (.bss:data_queue)
                  200043a0    00000008     drivers_cc13x2.aem4f : GPIOCC26XX.oem4f (.bss)
                  200043a8    00000008     usb1352_rf.obj (.bss)
                  200043b0    00000008     usb1352_spi.obj (.bss)
                  200043b8    00000004     drivers_cc13x2.aem4f : PINCC26XX.oem4f (.bss)
                  200043bc    00000004     usb1352_amp.obj (.bss)
                  200043c0    00000004     (.common:ClockP_tickPeriod)
                  200043c4    00000004     (.common:PowerCC26XX_swiKey)
                  200043c8    00000004     (.common:PowerCC26XX_taskKey)
                  200043cc    00000004     (.common:readEntry)

.stack     0    20013c00    00000400     UNINITIALIZED
                  20013c00    00000400     --HOLE--

.priheap   0    20000110    00001000     UNINITIALIZED
                  20000110    00001000     --HOLE--

.data:xdcRomConstPtr 
*          0    20000100    00000004     UNINITIALIZED
                  20000100    00000004     release_pem4f.oem4f (.data:xdcRomConstPtr)

.data:xdcRomExternFuncPtr 
*          0    20000104    00000004     UNINITIALIZED
                  20000104    00000004     release_pem4f.oem4f (.data:xdcRomExternFuncPtr)

.data:xdcRomStatePtr 
*          0    20000108    00000004     UNINITIALIZED
                  20000108    00000004     release_pem4f.oem4f (.data:xdcRomStatePtr)

.bootVecs 
*          0    00000000    00000008     DSECT
                  00000000    00000008     boot.aem4f : boot.oem4f (.bootVecs)

.resetVecs 
*          0    00000000    0000003c     
                  00000000    0000003c     release_pem4f.oem4f (.resetVecs)

.vecs      0    20000000    000000d8     NOLOAD SECTION
                  20000000    000000d8     release_pem4f.oem4f (.vecs)

xdc.meta   0    00000000    00000102     COPY SECTION
                  00000000    00000102     release_pem4f.oem4f (xdc.meta)

xdc.noload 
*          0    00000000    00000000     COPY SECTION

.TI.bound:dmaSpi0RxControlTableEntry 
*          0    20001830    00000010     UNINITIALIZED
                  20001830    00000010     drivers_cc13x2.aem4f : SPICC26X2DMA.oem4f (.TI.bound:dmaSpi0RxControlTableEntry)

.TI.bound:dmaSpi0TxControlTableEntry 
*          0    20001840    00000010     UNINITIALIZED
                  20001840    00000010     drivers_cc13x2.aem4f : SPICC26X2DMA.oem4f (.TI.bound:dmaSpi0TxControlTableEntry)

.TI.bound:dmaSpi1RxControlTableEntry 
*          0    20001900    00000010     UNINITIALIZED
                  20001900    00000010     drivers_cc13x2.aem4f : SPICC26X2DMA.oem4f (.TI.bound:dmaSpi1RxControlTableEntry)

.TI.bound:dmaSpi1TxControlTableEntry 
*          0    20001910    00000010     UNINITIALIZED
                  20001910    00000010     drivers_cc13x2.aem4f : SPICC26X2DMA.oem4f (.TI.bound:dmaSpi1TxControlTableEntry)

.TI.bound:dmaSpi0RxAltControlTableEntry 
*          0    20001a30    00000010     UNINITIALIZED
                  20001a30    00000010     drivers_cc13x2.aem4f : SPICC26X2DMA.oem4f (.TI.bound:dmaSpi0RxAltControlTableEntry)

.TI.bound:dmaSpi0TxAltControlTableEntry 
*          0    20001a40    00000010     UNINITIALIZED
                  20001a40    00000010     drivers_cc13x2.aem4f : SPICC26X2DMA.oem4f (.TI.bound:dmaSpi0TxAltControlTableEntry)

.TI.bound:dmaSpi1RxAltControlTableEntry 
*          0    20001b00    00000010     UNINITIALIZED
                  20001b00    00000010     drivers_cc13x2.aem4f : SPICC26X2DMA.oem4f (.TI.bound:dmaSpi1RxAltControlTableEntry)

.TI.bound:dmaSpi1TxAltControlTableEntry 
*          0    20001b10    00000010     UNINITIALIZED
                  20001b10    00000010     drivers_cc13x2.aem4f : SPICC26X2DMA.oem4f (.TI.bound:dmaSpi1TxAltControlTableEntry)

.text      0    0000003c    00007ad4     
                  0000003c    000004b0     usb1352_rf.obj (.text:usb1352_rf_transfer)
                  000004ec    0000049c     rf_multiMode_cc13x2.aem4f : RFCC26X2_multiMode.c.cc13x2.ccs.o (.text:RF_fsmActiveState)
                  00000988    00000400     usb1352_rf.obj (.text:usb1352_check_frame)
                  00000d88    000002ec     drivers_cc13x2.aem4f : SPICC26X2DMA.oem4f (.text:SPICC26X2DMA_transfer)
                  00001074    000002b0     usb1352_rf.obj (.text:usb1352_rf_thread)
                  00001324    0000025c     rf_multiMode_cc13x2.aem4f : RFCC26X2_multiMode.c.cc13x2.ccs.o (.text:RF_open)
                  00001580    0000025c     drivers_cc13x2.aem4f : SPICC26X2DMA.oem4f (.text:SPICC26X2DMA_hwiFxn)
                  000017dc    000001c4                          : PINCC26XX.oem4f (.text:PIN_init)
                  000019a0    000001b6     rtsv7M4_T_le_v4SPD16_eabi.lib : fd_add_t2.asm.obj (.text)
                  00001b56    00000002     ti_drivers_config.obj (.text:Board_initHook)
                  00001b58    000001a8     drivers_cc13x2.aem4f : PowerCC26X2.oem4f (.text:Power_sleep)
                  00001d00    00000190     rf_multiMode_cc13x2.aem4f : RFCC26X2_multiMode.c.cc13x2.ccs.o (.text:RF_dispatchNextCmd)
                  00001e90    00000190     drivers_cc13x2.aem4f : PowerCC26X2_calibrateRCOSC.oem4f (.text:calibrateRcoscHf1)
                  00002020    0000018c                          : PowerCC26X2.oem4f (.text:Power_init)
                  000021ac    0000018c                          : PowerCC26X2_calibrateRCOSC.oem4f (.text:runCalibrateFsm)
                  00002338    00000188     release_pem4f.oem4f (.text:xdc_runtime_System_printfExtend__I)
                  000024c0    00000174     drivers_cc13x2.aem4f : SPICC26X2DMA.oem4f (.text:configNextTransfer)
                  00002634    00000170                          : SPICC26X2DMA.oem4f (.text:SPICC26X2DMA_transferCancel)
                  000027a4    0000016c     usb1352_spi.obj (.text:usb1352_spi_thread)
                  00002910    00000154     rf_multiMode_cc13x2.aem4f : RFCC26X2_multiMode.c.cc13x2.ccs.o (.text:RF_initRadioSetup)
                  00002a64    00000150     drivers_cc13x2.aem4f : SPICC26X2DMA.oem4f (.text:SPICC26X2DMA_open)
                  00002bb4    00000148     rf_multiMode_cc13x2.aem4f : RFCC26X2_multiMode.c.cc13x2.ccs.o (.text:RF_fsmSetupState)
                  00002cfc    00000140                               : RFCC26X2_multiMode.c.cc13x2.ccs.o (.text:RF_close)
                  00002e3c    00000140     drivers_cc13x2.aem4f : SPICC26X2DMA.oem4f (.text:initIO)
                  00002f7c    00000134     rf_multiMode_cc13x2.aem4f : RFCC26X2_multiMode.c.cc13x2.ccs.o (.text:RF_abortCmd)
                  000030b0    00000120                               : RFCC26X2_multiMode.c.cc13x2.ccs.o (.text:RF_radioOpDoneCb)
                  000031d0    00000112                               : RFCC26X2_multiMode.c.cc13x2.ccs.o (.text:RF_decodeOverridePointers)
                  000032e2    00000002                               : rfc.c.cc13x2.ccs.o (.text:NOROM_RFCCpePatchReset)
                  000032e4    00000110     drivers_cc13x2.aem4f : GPIOCC26XX.oem4f (.text:GPIO_setConfig)
                  000033f4    00000100                          : PowerCC26X2.oem4f (.text:configureXOSCHF)
                  000034f4    000000fc     driverlib.lib : sys_ctrl.obj (.text:NOROM_SysCtrlStandby)
                  000035f0    000000fc     rf_multiMode_cc13x2.aem4f : RFCC26X2_multiMode.c.cc13x2.ccs.o (.text:RF_hwiCpe0Active)
                  000036ec    000000fc     rtsv7M4_T_le_v4SPD16_eabi.lib : fd_mul_t2.asm.obj (.text)
                  000037e8    000000f8     drivers_cc13x2.aem4f : PINCC26XX.oem4f (.text:PINCC26XX_setIoCfg)
                  000038e0    000000f4                          : SPICC26X2DMA.oem4f (.text:SPICC26X2DMA_control)
                  000039d4    000000f0     rf_multiMode_cc13x2.aem4f : RFCC26X2_multiMode.c.cc13x2.ccs.o (.text:RF_fsmPowerUpState)
                  00003ac4    000000e0     RFQueue.obj (.text:RFQueue_defineQueue)
                  00003ba4    000000d8     rf_multiMode_cc13x2.aem4f : RFCC26X2_multiMode.c.cc13x2.ccs.o (.text:RF_postCmd)
                  00003c7c    000000d4                               : RFCC26X2_multiMode.c.cc13x2.ccs.o (.text:RF_pendCmd)
                  00003d50    000000d2                               : RFCC26X2_multiMode.c.cc13x2.ccs.o (.text:RF_updatePaConfiguration)
                  00003e22    00000002                               : RFCC26X2_multiMode.c.cc13x2.ccs.o (.text:RF_defaultCallback)
                  00003e24    000000d0                               : RFCC26X2_multiMode.c.cc13x2.ccs.o (.text:RF_swiHw)
                  00003ef4    000000c8     drivers_cc13x2.aem4f : PowerCC26X2.oem4f (.text:Power_releaseDependency)
                  00003fbc    000000c8     rf_multiMode_cc13x2.aem4f : RFCC26X2_multiMode.c.cc13x2.ccs.o (.text:RF_hwiTempLimit)
                  00004084    000000c4     drivers_cc13x2.aem4f : GPIOCC26XX.oem4f (.text:GPIO_init)
                  00004148    000000c4                          : PowerCC26X2.oem4f (.text:Power_setDependency)
                  0000420c    000000c4     usb1352_rf.obj (.text:usb1352_rf_init)
                  000042d0    000000b4     dpl_cc13x2.aem4f : PowerCC26X2_tirtos.oem4f (.text:PowerCC26XX_standbyPolicy)
                  00004384    000000b4     usb1352_rf.obj (.text:usb1352_rf_set_data_rate)
                  00004438    000000ac     drivers_cc13x2.aem4f : PINCC26XX.oem4f (.text:PIN_open)
                  000044e4    000000ac     driverlib.lib : setup.obj (.text:TrimAfterColdResetWakeupFromShutDown)
                  00004590    000000a4     rf_multiMode_cc13x2.aem4f : RFCC26X2_multiMode.c.cc13x2.ccs.o (.text:RF_ratRestartChannels)
                  00004634    000000a0     auto_init.aem4f : auto_init.oem4f (.text)
                  000046d4    0000009c     rf_multiMode_cc13x2.aem4f : RFCC26X2_multiMode.c.cc13x2.ccs.o (.text:RF_calculateDispatchTime)
                  00004770    0000009c     rtsv7M4_T_le_v4SPD16_eabi.lib : memcpy_t2.asm.obj (.text)
                  0000480c    00000098     driverlib.lib : setup.obj (.text:NOROM_SetupTrimDevice)
                  000048a4    00000098     usb1352.obj (.text:main)
                  0000493c    00000098     usb1352_rf.obj (.text:usb1352_rf_callback)
                  000049d4    00000096     rtsv7M4_T_le_v4SPD16_eabi.lib : ull_div_t2.asm.obj (.text)
                  00004a6a    00000002                                   : _lock.c.obj (.text:_nop)
                  00004a6c    00000090     rf_multiMode_cc13x2.aem4f : RFCC26X2_multiMode.c.cc13x2.ccs.o (.text:RF_discardPendCmd)
                  00004afc    00000090     usb1352_spi.obj (.text:usb1352_transfer_to_host)
                  00004b8c    0000008c     rf_multiMode_cc13x2.aem4f : RFCC26X2_multiMode.c.cc13x2.ccs.o (.text:RF_cmdDispatchTime)
                  00004c18    00000088     driverlib.lib : osc.obj (.text:NOROM_OSCHF_AttemptToSwitchToXosc)
                  00004ca0    00000088     drivers_cc13x2.aem4f : PowerCC26X2_calibrateRCOSC.oem4f (.text:calibrateRcoscHf2)
                  00004d28    00000088                          : PowerCC26X2.oem4f (.text:disableLFClockQualifiers)
                  00004db0    00000088                          : PowerCC26X2_calibrateRCOSC.oem4f (.text:updateSubSecInc)
                  00004e38    00000086     rtsv7M4_T_le_v4SPD16_eabi.lib : fd_cmp_t2.asm.obj (.text:__aeabi_cdcmple)
                  00004ebe    00000086                                   : fd_cmp_t2.asm.obj (.text:__aeabi_cdrcmple)
                  00004f44    00000084     rf_multiMode_cc13x2.aem4f : RFCC26X2_multiMode.c.cc13x2.ccs.o (.text:RF_issueRadioFreeCb)
                  00004fc8    00000084                               : RFCC26X2_multiMode.c.cc13x2.ccs.o (.text:RF_verifyGap)
                  0000504c    00000084     rom_sysbios.aem4f : rom_sysbios.obj (.text:ti_sysbios_family_arm_m3_Hwi_excHandlerMin__I)
                  000050d0    00000080                       : rom_sysbios.obj (.text:ti_sysbios_family_arm_cc26xx_Timer_start__E)
                  00005150    0000007c     rf_multiMode_cc13x2.aem4f : RFCC26X2_multiMode.c.cc13x2.ccs.o (.text:RF_ratFreeChannel)
                  000051cc    0000007a     rtsv7M4_T_le_v4SPD16_eabi.lib : memset_t2.asm.obj (.text)
                  00005246    00000002     drivers_cc13x2.aem4f : PowerCC26X2.oem4f (.text:emptyClockFunc)
                  00005248    00000074                          : PowerCC26X2_calibrateRCOSC.oem4f (.text:PowerCC26X2_auxISR)
                  000052bc    00000072     rf_multiMode_cc13x2.aem4f : RFCC26X2_multiMode.c.cc13x2.ccs.o (.text:RF_detachOverrides)
                  0000532e    00000072     drivers_cc13x2.aem4f : SPICC26X2DMA.oem4f (.text:csnCallback)
                  000053a0    00000070     rf_multiMode_cc13x2.aem4f : rfc.c.cc13x2.ccs.o (.text:NOROM_RFCAnaDivTxOverride)
                  00005410    00000070     drivers_cc13x2.aem4f : PINCC26XX.oem4f (.text:PIN_add)
                  00005480    00000070     rf_multiMode_cc13x2.aem4f : RFCC26X2_multiMode.c.cc13x2.ccs.o (.text:RF_hwiHw)
                  000054f0    00000070     usb1352_rf.obj (.text:usb1352_rf_packet_rx)
                  00005560    0000006e     rf_multiMode_cc13x2.aem4f : RFCC26X2_multiMode.c.cc13x2.ccs.o (.text:RF_attachOverrides)
                  000055ce    0000006e                               : RFCC26X2_multiMode.c.cc13x2.ccs.o (.text:RF_howToSchedule)
                  0000563c    0000006e     rtsv7M4_T_le_v4SPD16_eabi.lib : ll_div_t2.asm.obj (.text)
                  000056aa    00000002                                   : div0.asm.obj (.text)
                  000056ac    0000006d     rom_sysbios.aem4f : rom_sysbios.obj (.text:xdc_runtime_System_formatNum__I)
                  00005719    00000001     --HOLE-- [fill = 0]
                  0000571a    00000002     release_pem4f.oem4f (.text:ti_sysbios_BIOS_nullFunc__I)
                  0000571c    0000006c     rf_multiMode_cc13x2.aem4f : RFCC26X2_multiMode.c.cc13x2.ccs.o (.text:RF_getCurrentTime)
                  00005788    0000006c     usb1352_spi.obj (.text:usb1352_spi_init)
                  000057f4    00000068     driverlib.lib : osc.obj (.text:NOROM_OSCHF_SwitchToRcOscTurnOffXosc)
                  0000585c    00000068                   : sys_ctrl.obj (.text:NOROM_SysCtrlSetRechargeBeforePowerDown)
                  000058c4    00000068     rtsv7M4_T_le_v4SPD16_eabi.lib : copy_decompress_lzss.c.obj (.text:decompress:lzss:__TI_decompress_lzss)
                  0000592c    00000064     driverlib.lib : osc.obj (.text:NOROM_OSC_HPOSCRtcCompensate)
                  00005990    00000064     rf_multiMode_cc13x2.aem4f : RFCC26X2_multiMode.c.cc13x2.ccs.o (.text:RF_dispatchNextEvent)
                  000059f4    00000062     queue.obj (.text:queue_insert)
                  00005a56    00000002     rom_sysbios.aem4f : rom_sysbios.obj (.text:xdc_runtime_SysCallback_defaultAbort)
                  00005a58    00000060     drivers_cc13x2.aem4f : GPIOCC26XX.oem4f (.text:GPIO_write)
                  00005ab8    00000060     rf_multiMode_cc13x2.aem4f : RFCC26X2_multiMode.c.cc13x2.ccs.o (.text:RF_applyRfCorePatch)
                  00005b18    0000005c     drivers_cc13x2.aem4f : PINCC26XX.oem4f (.text:PIN_remove)
                  00005b74    0000005c     rf_multiMode_cc13x2.aem4f : RFCC26X2_multiMode.c.cc13x2.ccs.o (.text:RF_syncCb)
                  00005bd0    0000005c     drivers_cc13x2.aem4f : SPICC26X2DMA.oem4f (.text:initHw)
                  00005c2c    0000005c     rom_sysbios.aem4f : rom_sysbios.obj (.text:ti_sysbios_heaps_HeapMem_initPrimary__I)
                  00005c88    0000005c     release_pem4f.oem4f (.text:xdc_runtime_Startup_getState__I)
                  00005ce4    00000058     drivers_cc13x2.aem4f : PowerCC26X2_calibrateRCOSC.oem4f (.text:PowerCC26X2_initiateCalibration)
                  00005d3c    00000058     rf_multiMode_cc13x2.aem4f : RFCC26X2_multiMode.c.cc13x2.ccs.o (.text:RF_fsmXOSCState)
                  00005d94    00000058                               : RFCC26X2_multiMode.c.cc13x2.ccs.o (.text:RF_hwiCpe0PowerFsm)
                  00005dec    00000058     boot.aem4f : boot.oem4f (.text)
                  00005e44    00000056     rf_multiMode_cc13x2.aem4f : RFCC26X2_multiMode.c.cc13x2.ccs.o (.text:RF_defaultSubmitPolicy)
                  00005e9a    00000002     rom_sysbios.aem4f : rom_sysbios.obj (.text:xdc_runtime_SysCallback_defaultExit)
                  00005e9c    00000054     driverlib.lib : chipinfo.obj (.text:NOROM_ChipInfo_GetChipType)
                  00005ef0    00000054     usb1352_intr_thread.obj (.text:usb1352_intr_thread_init)
                  00005f44    00000054     usb1352_rf.obj (.text:usb1352_rf_thread_init)
                  00005f98    00000054     usb1352_spi.obj (.text:usb1352_spi_thread_init)
                  00005fec    00000050     dpl_cc13x2.aem4f : ClockP_tirtos.oem4f (.text:ClockP_construct)
                  0000603c    00000050     rf_multiMode_cc13x2.aem4f : RFCC26X2_multiMode.c.cc13x2.ccs.o (.text:RF_wakeupNotification)
                  0000608c    00000050     drivers_cc13x2.aem4f : SPICC26X2DMA.oem4f (.text:SPICC26X2DMA_close)
                  000060dc    0000004c                          : UDMACC26XX.oem4f (.text:UDMACC26XX_open)
                  00006128    0000004c     rtsv7M4_T_le_v4SPD16_eabi.lib : cpy_tbl.c.obj (.text:copy_in)
                  00006174    0000004c     drivers_cc13x2.aem4f : PowerCC26X2.oem4f (.text:switchXOSCHF)
                  000061c0    0000004a     queue.obj (.text:queue_remove)
                  0000620a    00000002     rom_sysbios.aem4f : rom_sysbios.obj (.text:xdc_runtime_SysCallback_defaultFlush)
                  0000620c    00000048     rf_multiMode_cc13x2.aem4f : rfc.c.cc13x2.ccs.o (.text:NOROM_RFCSynthPowerDown)
                  00006254    00000048     drivers_cc13x2.aem4f : PowerCC26X2_calibrateRCOSC.oem4f (.text:PowerCC26X2_RCOSC_clockFunc)
                  0000629c    00000048                          : PowerCC26X2.oem4f (.text:PowerCC26XX_switchXOSC_HF)
                  000062e4    00000048     rtsv7M4_T_le_v4SPD16_eabi.lib : fd_toi_t2.asm.obj (.text)
                  0000632c    00000044     driverlib.lib : chipinfo.obj (.text:NOROM_ChipInfo_GetHwRevision)
                  00006370    00000044     drivers_cc13x2.aem4f : PINCC26XX.oem4f (.text:PIN_swi)
                  000063b4    00000044                          : SPI.oem4f (.text:SPI_init)
                  000063f8    00000044     rtsv7M4_T_le_v4SPD16_eabi.lib : fd_tou_t2.asm.obj (.text)
                  0000643c    00000044     usb1352_rf.obj (.text:usb1352_rf_packet_tx)
                  00006480    00000042     drivers_cc13x2.aem4f : SPICC26X2DMA.oem4f (.text:SPICC26X2DMA_swiFxn)
                  000064c2    00000002     rom_sysbios.aem4f : rom_sysbios.obj (.text:xdc_runtime_SysCallback_defaultPutch)
                  000064c4    00000040     drivers_cc13x2.aem4f : PowerCC26X2.oem4f (.text:PowerCC26XX_isStableXOSC_HF)
                  00006504    00000040                          : SPI.oem4f (.text:SPI_open)
                  00006544    00000040     rtsv7M4_T_le_v4SPD16_eabi.lib : u_divt2.asm.obj (.text)
                  00006584    00000040     rom_sysbios.aem4f : rom_sysbios.obj (.text:ti_sysbios_family_arm_cc26xx_Timer_setThreshold__I)
                  000065c4    00000040     usb1352_amp.obj (.text:usb1352_amp_init)
                  00006604    00000040     usb1352_spi.obj (.text:usb1352_spi_read_write)
                  00006644    0000003e     dpl_cc13x2.aem4f : HwiP_tirtos.oem4f (.text:HwiP_construct)
                  00006682    00000002     --HOLE-- [fill = 0]
                  00006684    0000003c     drivers_cc13x2.aem4f : PINCC26XX.oem4f (.text:PIN_setInterrupt)
                  000066c0    0000003c     rf_multiMode_cc13x2.aem4f : RFCC26X2_multiMode.c.cc13x2.ccs.o (.text:RF_cmdGet)
                  000066fc    0000003c                               : RFCC26X2_multiMode.c.cc13x2.ccs.o (.text:RF_cmdStoreEvents)
                  00006738    0000003c     dpl_cc13x2.aem4f : SwiP_tirtos.oem4f (.text:SwiP_construct)
                  00006774    0000003c     rom_sysbios.aem4f : rom_sysbios.obj (.text:ti_sysbios_family_arm_m3_Hwi_construct2__E)
                  000067b0    00000038     driverlib.lib : osc.obj (.text:NOROM_OSC_HPOSCRelativeFrequencyOffsetGet)
                  000067e8    00000038     drivers_cc13x2.aem4f : PINCC26XX.oem4f (.text:PIN_setConfig)
                  00006820    00000038     rf_multiMode_cc13x2.aem4f : RFCC26X2_multiMode.c.cc13x2.ccs.o (.text:RF_checkCmdFsError)
                  00006858    00000038                               : RFCC26X2_multiMode.c.cc13x2.ccs.o (.text:RF_powerConstraintRelease)
                  00006890    00000038     drivers_cc13x2.aem4f : PowerCC26X2.oem4f (.text:notify)
                  000068c8    00000038     rtsv7M4_T_le_v4SPD16_eabi.lib : fs_tod_t2.asm.obj (.text)
                  00006900    00000036     drivers_cc13x2.aem4f : UDMACC26XX.oem4f (.text:UDMACC26XX_close)
                  00006936    00000036     rf_multiMode_cc13x2.aem4f : rf_patch_cpe_prop.c.cc13x2.ccs.o (.text:configurePropPatch)
                  0000696c    00000036     rom_sysbios.aem4f : rom_sysbios.obj (.text:ti_sysbios_family_arm_cc26xx_Timer_setNextTick__E)
                  000069a2    00000002     --HOLE-- [fill = 0]
                  000069a4    00000034     drivers_cc13x2.aem4f : GPIOCC26XX.oem4f (.text:GPIO_toggle)
                  000069d8    00000034     driverlib.lib : aux_sysif.obj (.text:NOROM_AUXSYSIFOpModeChange)
                  00006a0c    00000034                   : sys_ctrl.obj (.text:NOROM_SysCtrlIdle)
                  00006a40    00000034     rf_multiMode_cc13x2.aem4f : RFCC26X2_multiMode.c.cc13x2.ccs.o (.text:RF_runDirectImmediateCmd)
                  00006a74    00000034     usb1352_rf.obj (.text:usb1352_rf_receive)
                  00006aa8    00000030     drivers_cc13x2.aem4f : GPIOCC26XX.oem4f (.text:GPIO_hwiIntFxn)
                  00006ad8    00000030                          : GPIOCC26XX.oem4f (.text:GPIO_setCallback)
                  00006b08    00000030                          : PINCC26XX.oem4f (.text:PINCC26XX_setMux)
                  00006b38    00000030                          : PowerCC26X2.oem4f (.text:Power_releaseConstraint)
                  00006b68    00000030                          : PowerCC26X2.oem4f (.text:Power_setConstraint)
                  00006b98    00000030     release_pem4f.oem4f (.text:ti_sysbios_BIOS_atExitFunc__I)
                  00006bc8    00000030     release_pem4f.oem4f (.text:ti_sysbios_BIOS_startFunc__I)
                  00006bf8    00000030     rom_sysbios.aem4f : rom_sysbios.obj (.text:ti_sysbios_family_arm_cc26xx_Timer_getCurrentTick__E)
                  00006c28    00000030                       : rom_sysbios.obj (.text:ti_sysbios_family_arm_cc26xx_Timer_initDevice__I)
                  00006c58    0000002e     rf_multiMode_cc13x2.aem4f : RFCC26X2_multiMode.c.cc13x2.ccs.o (.text:RF_queueEnd)
                  00006c86    0000002e     rtsv7M4_T_le_v4SPD16_eabi.lib : i_tofd_t2.asm.obj (.text)
                  00006cb4    0000002e     release_pem4f.oem4f (.text:ti_sysbios_rts_MemAlloc_alloc)
                  00006ce2    00000002     --HOLE-- [fill = 0]
                  00006ce4    0000002c     rf_multiMode_cc13x2.aem4f : RFCC26X2_multiMode.c.cc13x2.ccs.o (.text:RF_executeDirectImmediateCmd)
                  00006d10    0000002c     dpl_cc13x2.aem4f : SemaphoreP_tirtos.oem4f (.text:SemaphoreP_constructBinary)
                  00006d3c    0000002c                      : SemaphoreP_tirtos.oem4f (.text:SemaphoreP_createBinary)
                  00006d68    0000002c     rom_sysbios.aem4f : rom_sysbios.obj (.text:_pthread_delete$45)
                  00006d94    0000002c     rf_multiMode_cc13x2.aem4f : rf_patch_cpe_prop.c.cc13x2.ccs.o (.text:applyPropPatch)
                  00006dc0    0000002c     rom_sysbios.aem4f : rom_sysbios.obj (.text:ti_sysbios_knl_Clock_getTicksUntilInterrupt__E)
                  00006dec    0000002c     usb1352_intr_thread.obj (.text:usb1352_intr_thread)
                  00006e18    0000002a     drivers_cc13x2.aem4f : List.oem4f (.text:List_insert)
                  00006e42    0000002a     rf_multiMode_cc13x2.aem4f : RFCC26X2_multiMode.c.cc13x2.ccs.o (.text:RF_searchAndReplacePAOverride)
                  00006e6c    0000002a     rom_sysbios.aem4f : rom_sysbios.obj (.text:ti_sysbios_knl_Clock_getTimeout__E)
                  00006e96    00000002     --HOLE-- [fill = 0]
                  00006e98    00000028     driverlib.lib : osc.obj (.text:NOROM_OSCHF_TurnOnXosc)
                  00006ec0    00000028     rf_multiMode_cc13x2.aem4f : rfc.c.cc13x2.ccs.o (.text:NOROM_RFCOverrideSearch)
                  00006ee8    00000028     drivers_cc13x2.aem4f : PowerCC26X2.oem4f (.text:Power_registerNotify)
                  00006f10    00000028     rf_multiMode_cc13x2.aem4f : RFCC26X2_multiMode.c.cc13x2.ccs.o (.text:RF_calculateDeltaTimeUs)
                  00006f38    00000028                               : RFCC26X2_multiMode.c.cc13x2.ccs.o (.text:RF_runCmd)
                  00006f60    00000028     drivers_cc13x2.aem4f : SPICC26X2DMA.oem4f (.text:flushFifos)
                  00006f88    00000028                          : PowerCC26X2.oem4f (.text:oscillatorISR)
                  00006fb0    00000028     usb1352_spi.obj (.text:usb1352_spi_callback)
                  00006fd8    00000026     drivers_cc13x2.aem4f : List.oem4f (.text:List_put)
                  00006ffe    00000026                          : List.oem4f (.text:List_putHead)
                  00007024    00000026                          : List.oem4f (.text:List_remove)
                  0000704a    00000002     --HOLE-- [fill = 0]
                  0000704c    00000024     rf_multiMode_cc13x2.aem4f : rfc.c.cc13x2.ccs.o (.text:NOROM_RFCDoorbellSendTo)
                  00007070    00000024                               : RFCC26X2_multiMode.c.cc13x2.ccs.o (.text:RF_cmdAlloc)
                  00007094    00000024                               : RFCC26X2_multiMode.c.cc13x2.ccs.o (.text:RF_invokeGlobalCallback)
                  000070b8    00000024     rom_sysbios.aem4f : rom_sysbios.obj (.text:_pthread_cleanupFxn)
                  000070dc    00000024     drivers_cc13x2.aem4f : PowerCC26X2_calibrateRCOSC.oem4f (.text:getTdcSemaphore)
                  00007100    00000024     release_pem4f.oem4f (.text:ti_sysbios_BIOS_registerRTSLock__I)
                  00007124    00000024     release_pem4f.oem4f (.text:ti_sysbios_BIOS_removeRTSLock__I)
                  00007148    00000024     rom_sysbios.aem4f : rom_sysbios.obj (.text:ti_sysbios_family_arm_cc26xx_Timer_getMaxTicks__E)
                  0000716c    00000022     drivers_cc13x2.aem4f : List.oem4f (.text:List_get)
                  0000718e    00000022     queue.obj (.text:queue_init)
                  000071b0    00000020     dpl_cc13x2.aem4f : HwiP_tirtos.oem4f (.text:HwiP_setFunc)
                  000071d0    00000020     drivers_cc13x2.aem4f : PINCC26XX.oem4f (.text:PINCC26XX_setIoCfgMux)
                  000071f0    00000020                          : PowerCC26X2.oem4f (.text:Power_unregisterNotify)
                  00007210    00000020     RFQueue.obj (.text:RFQueue_nextEntry)
                  00007230    00000020     rf_multiMode_cc13x2.aem4f : RFCC26X2_multiMode.c.cc13x2.ccs.o (.text:RF_clkPowerUp)
                  00007250    00000020                               : RFCC26X2_multiMode.c.cc13x2.ccs.o (.text:RF_hwiCpe0ChangePhy)
                  00007270    00000020                               : RFCC26X2_multiMode.c.cc13x2.ccs.o (.text:RF_isStateTransitionAllowed)
                  00007290    00000020                               : RFCC26X2_multiMode.c.cc13x2.ccs.o (.text:RF_ratIsRunning)
                  000072b0    00000020     release_pem4f.oem4f (.text:ti_sysbios_BIOS_rtsLock__I)
                  000072d0    00000020     rom_sysbios.aem4f : rom_sysbios.obj (.text:ti_sysbios_family_arm_cc26xx_Timer_dynamicStub__E)
                  000072f0    00000020                       : rom_sysbios.obj (.text:xdc_runtime_Error_policyMin__E)
                  00007310    0000001e     drivers_cc13x2.aem4f : PINCC26XX.oem4f (.text:PIN_close)
                  0000732e    0000001e                          : PowerCC26X2.oem4f (.text:Power_getTransitionLatency)
                  0000734c    0000001c     ti_drivers_config.obj (.text:Board_init)
                  00007368    0000001c     driverlib.lib : chipinfo.obj (.text:NOROM_ChipInfo_GetChipFamily)
                  00007384    0000001c     drivers_cc13x2.aem4f : PINCC26XX.oem4f (.text:PIN_hwi)
                  000073a0    0000001c     dpl_cc13x2.aem4f : PowerCC26X2_tirtos.oem4f (.text:PowerCC26XX_schedulerDisable)
                  000073bc    0000001c                      : PowerCC26X2_tirtos.oem4f (.text:PowerCC26XX_schedulerRestore)
                  000073d8    0000001c     rf_multiMode_cc13x2.aem4f : RFCC26X2_multiMode.c.cc13x2.ccs.o (.text:RF_clkInactivityCallback)
                  000073f4    0000001c                               : RFCC26X2_multiMode.c.cc13x2.ccs.o (.text:RF_getPAOverrideOffsetAndValue)
                  00007410    0000001c                               : RFCC26X2_multiMode.c.cc13x2.ccs.o (.text:RF_powerConstraintSet)
                  0000742c    0000001c     drivers_cc13x2.aem4f : UDMACC26XX.oem4f (.text:UDMACC26XX_initHw)
                  00007448    0000001c     rom_sysbios.aem4f : rom_sysbios.obj (.text:ti_sysbios_family_arm_m3_Hwi_clearInterrupt__E)
                  00007464    0000001c                       : rom_sysbios.obj (.text:ti_sysbios_knl_Swi_construct2__E)
                  00007480    0000001c     release_pem4f.oem4f (.text:xdc_runtime_Startup_exec__I)
                  0000749c    0000001a     drivers_cc13x2.aem4f : PowerCC26X2.oem4f (.text:PowerCC26XX_calibrate)
                  000074b6    0000001a     queue.obj (.text:queue_full)
                  000074d0    00000018     driverlib.lib : chipinfo.obj (.text:NOROM_ChipInfo_GetPackageType)
                  000074e8    00000018     drivers_cc13x2.aem4f : PowerCC26X2.oem4f (.text:Power_idleFunc)
                  00007500    00000018     rf_multiMode_cc13x2.aem4f : RFCC26X2_multiMode.c.cc13x2.ccs.o (.text:RF_swiFsm)
                  00007518    00000018     rtsv7M4_T_le_v4SPD16_eabi.lib : args_main.c.obj (.text:_args_main)
                  00007530    00000018     queue.obj (.text:queue_empty)
                  00007548    00000018     rtsv7M4_T_le_v4SPD16_eabi.lib : ll_mul_t2.asm.obj (.text)
                  00007560    00000018     release_pem4f.oem4f (.text:ti_sysbios_BIOS_rtsUnlock__I)
                  00007578    00000018     rom_sysbios.aem4f : rom_sysbios.obj (.text:ti_sysbios_knl_Swi_or__E)
                  00007590    00000018                       : rom_sysbios.obj (.text:xdc_runtime_Error_init__E)
                  000075a8    00000016     driverlib.lib : chipinfo.obj (.text:NOROM_ThisLibraryIsFor_CC13x2_CC26x2_HwRev20AndLater_HaltIfViolated)
                  000075be    00000016     rf_multiMode_cc13x2.aem4f : RFCC26X2_multiMode.c.cc13x2.ccs.o (.text:RF_restartClockTimeout)
                  000075d4    00000016     release_pem4f.oem4f (.text:ti_sysbios_BIOS_exitFunc__I)
                  000075ea    00000016     usb1352.obj (.text:ti_sysbios_knl_Semaphore_Params_init)
                  00007600    00000016     usb1352_intr_thread.obj (.text:ti_sysbios_knl_Task_Params_init)
                  00007616    00000016     usb1352_rf.obj (.text:ti_sysbios_knl_Task_Params_init)
                  0000762c    00000016     usb1352_spi.obj (.text:ti_sysbios_knl_Task_Params_init)
                  00007642    00000014     drivers_cc13x2.aem4f : List.oem4f (.text:List_clearList)
                  00007656    00000002     --HOLE-- [fill = 0]
                  00007658    00000014     rf_multiMode_cc13x2.aem4f : rfc.c.cc13x2.ccs.o (.text:NOROM_RFCCpeIntGetAndClear)
                  0000766c    00000014     drivers_cc13x2.aem4f : PINCC26XX.oem4f (.text:PINCC26XX_getInputValue)
                  00007680    00000014                          : PowerCC26X2_calibrateRCOSC.oem4f (.text:PowerCC26X2_calibrate)
                  00007694    00000014     rf_multiMode_cc13x2.aem4f : RFCC26X2_multiMode.c.cc13x2.ccs.o (.text:RF_Params_init)
                  000076a8    00000014                               : RFCC26X2_multiMode.c.cc13x2.ccs.o (.text:RF_dbellSyncOnAck)
                  000076bc    00000014                               : RFCC26X2_multiMode.c.cc13x2.ccs.o (.text:RF_ratGetChannel)
                  000076d0    00000014     drivers_cc13x2.aem4f : SPI.oem4f (.text:SPI_Params_init)
                  000076e4    00000014                          : PowerCC26X2.oem4f (.text:switchToTCXO)
                  000076f8    00000014     rom_sysbios.aem4f : rom_sysbios.obj (.text:ti_sysbios_family_arm_cc26xx_Timer_getCount64__E)
                  0000770c    00000014     release_pem4f.oem4f (.text:ti_sysbios_knl_Clock_doTick__I)
                  00007720    00000014     usb1352.obj (.text:usb1352_interrupt)
                  00007734    00000012     dpl_cc13x2.aem4f : SemaphoreP_tirtos.oem4f (.text:SemaphoreP_pend)
                  00007746    00000010                      : ClockP_tirtos.oem4f (.text:ClockP_isActive)
                  00007756    00000010                      : HwiP_tirtos.oem4f (.text:HwiP_Params_init)
                  00007766    00000002     --HOLE-- [fill = 0]
                  00007768    00000010     rf_multiMode_cc13x2.aem4f : rfc.c.cc13x2.ccs.o (.text:NOROM_RFCHwIntGetAndClear)
                  00007778    00000010     drivers_cc13x2.aem4f : PINCC26XX.oem4f (.text:PINCC26XX_getPinCount)
                  00007788    00000010     rf_multiMode_cc13x2.aem4f : RFCC26X2_multiMode.c.cc13x2.ccs.o (.text:RF_dbellSubmitCmdAsync)
                  00007798    00000010                               : RFCC26X2_multiMode.c.cc13x2.ccs.o (.text:RF_isClientOwner)
                  000077a8    00000010     dpl_cc13x2.aem4f : SwiP_tirtos.oem4f (.text:SwiP_Params_init)
                  000077b8    00000010     rom_sysbios.aem4f : rom_sysbios.obj (.text:ti_sysbios_family_arm_m3_Hwi_post__E)
                  000077c8    0000000e     rf_multiMode_cc13x2.aem4f : RFCC26X2_multiMode.c.cc13x2.ccs.o (.text:RF_getSwitchingTimeInUs)
                  000077d6    0000000e     rtsv7M4_T_le_v4SPD16_eabi.lib : copy_decompress_none.c.obj (.text:decompress:none:__TI_decompress_none)
                  000077e4    0000000e     rom_sysbios.aem4f : rom_sysbios.obj (.text:ti_sysbios_family_arm_cc26xx_TimestampProvider_get32__E)
                  000077f2    0000000c     driverlib.lib : cpu.obj (.text:NOROM_CPUcpsid)
                  000077fe    0000000c                   : cpu.obj (.text:NOROM_CPUcpsie)
                  0000780a    0000000c     drivers_cc13x2.aem4f : PINCC26XX.oem4f (.text:PIN_registerIntCb)
                  00007816    00000002     --HOLE-- [fill = 0]
                  00007818    0000000c                          : PowerCC26X2.oem4f (.text:Power_getConstraintMask)
                  00007824    0000000c                          : PowerCC26X2.oem4f (.text:Power_getDependencyCount)
                  00007830    0000000c     RFQueue.obj (.text:RFQueue_getDataEntry)
                  0000783c    0000000c     rf_multiMode_cc13x2.aem4f : RFCC26X2_multiMode.c.cc13x2.ccs.o (.text:RF_powerConstraintGet)
                  00007848    0000000c     dpl_cc13x2.aem4f : SemaphoreP_tirtos.oem4f (.text:SemaphoreP_delete)
                  00007854    0000000c     rtsv7M4_T_le_v4SPD16_eabi.lib : _lock.c.obj (.text:_register_lock)
                  00007860    0000000c                                   : _lock.c.obj (.text:_register_unlock)
                  0000786c    0000000c                                   : copy_zero_init.c.obj (.text:decompress:ZI:__TI_zero_init)
                  00007878    0000000c     drivers_cc13x2.aem4f : SPICC26X2DMA.oem4f (.text:spiPostNotify)
                  00007884    0000000c     rom_sysbios.aem4f : rom_sysbios.obj (.text:ti_sysbios_knl_Swi_getTrigger__E)
                  00007890    0000000a     dpl_cc13x2.aem4f : ClockP_tirtos.oem4f (.text:ClockP_Params_init)
                  0000789a    0000000a     drivers_cc13x2.aem4f : SPICC26X2DMA.oem4f (.text:SPICC26X2DMA_init)
                  000078a4    0000000a                          : SPI.oem4f (.text:SPI_transfer)
                  000078ae    0000000a                          : UDMACC26XX.oem4f (.text:UDMACC26XX_hwiIntFxn)
                  000078b8    00000008                          : SPICC26X2DMA.oem4f (.text:blockingTransferCallback)
                  000078c0    00000008     release_pem4f.oem4f (.text:xdc_runtime_Text_visitRope__I)
                  000078c8    00000006     rf_multiMode_cc13x2.aem4f : RFCC26X2_multiMode.c.cc13x2.ccs.o (.text:RF_clkReqAccess)
                  000078ce    00000006     rom_sysbios.aem4f : rom_sysbios.obj (.text:ti_sysbios_family_arm_m3_Hwi_setFunc__E)
                  000078d4    00000004     dpl_cc13x2.aem4f : PowerCC26X2_tirtos.oem4f (.text:CPUwfi)
                  000078d8    00000004                      : ClockP_tirtos.oem4f (.text:ClockP_destruct)
                  000078dc    00000004                      : ClockP_tirtos.oem4f (.text:ClockP_getCpuFreq)
                  000078e0    00000004                      : ClockP_tirtos.oem4f (.text:ClockP_getTimeout)
                  000078e4    00000004                      : ClockP_tirtos.oem4f (.text:ClockP_setTimeout)
                  000078e8    00000004                      : ClockP_tirtos.oem4f (.text:ClockP_start)
                  000078ec    00000004                      : ClockP_tirtos.oem4f (.text:ClockP_stop)
                  000078f0    00000004                      : HwiP_tirtos.oem4f (.text:HwiP_clearInterrupt)
                  000078f4    00000004                      : HwiP_tirtos.oem4f (.text:HwiP_destruct)
                  000078f8    00000004                      : HwiP_tirtos.oem4f (.text:HwiP_disable)
                  000078fc    00000004                      : HwiP_tirtos.oem4f (.text:HwiP_disableInterrupt)
                  00007900    00000004                      : HwiP_tirtos.oem4f (.text:HwiP_enableInterrupt)
                  00007904    00000004                      : HwiP_tirtos.oem4f (.text:HwiP_post)
                  00007908    00000004     rf_multiMode_cc13x2.aem4f : rfc.c.cc13x2.ccs.o (.text:NOROM_RFCOverrideUpdate)
                  0000790c    00000004                               : RFCC26X2_multiMode.c.cc13x2.ccs.o (.text:RF_defaultConflictPolicy)
                  00007910    00000004     dpl_cc13x2.aem4f : SemaphoreP_tirtos.oem4f (.text:SemaphoreP_destruct)
                  00007914    00000004                      : SemaphoreP_tirtos.oem4f (.text:SemaphoreP_post)
                  00007918    00000004                      : SwiP_tirtos.oem4f (.text:SwiP_destruct)
                  0000791c    00000004                      : SwiP_tirtos.oem4f (.text:SwiP_disable)
                  00007920    00000004                      : SwiP_tirtos.oem4f (.text:SwiP_getTrigger)
                  00007924    00000004                      : SwiP_tirtos.oem4f (.text:SwiP_or)
                  00007928    00000004                      : SwiP_tirtos.oem4f (.text:SwiP_post)
                  0000792c    00000004     drivers_cc13x2.aem4f : PowerCC26X2.oem4f (.text:configureRFCoreClocks)
                  00007930    00000004                          : PowerCC26X2.oem4f (.text:nopResourceHandler)
                  00007934    00000004     rom_sysbios.aem4f : rom_sysbios.obj (.text:ti_sysbios_knl_Clock_isActive__E)
                  00007938    00000004     release_pem4f.oem4f (.text:xdc_runtime_Startup_reset__I)
                  0000793c    00000004     rom_sysbios.aem4f : rom_sysbios.obj (.text:xdc_runtime_SysCallback_defaultReady)
                  00007940    00000008     (.tramp.ti_sysbios_knl_Swi_destruct.1)
                  00007948    00000008     (.tramp.ti_sysbios_family_arm_m3_Hwi_enableInterrupt__E.1)
                  00007950    00000008     (.tramp.ti_sysbios_family_arm_m3_Hwi_disableInterrupt__E.1)
                  00007958    00000008     (.tramp.ti_sysbios_family_arm_m3_Hwi_destruct.1)
                  00007960    00000008     (.tramp.ti_sysbios_BIOS_getCpuFreq__E.1)
                  00007968    00000008     (.tramp.ti_sysbios_knl_Clock_destruct.1)
                  00007970    00000008     (.tramp.ti_sysbios_knl_Semaphore_delete.1)
                  00007978    00000008     (.tramp.ti_sysbios_knl_Clock_logTick__E.1)
                  00007980    00000008     (.tramp.ti_sysbios_knl_Task_Params__init__S.1)
                  00007988    00000008     (.tramp.ti_sysbios_knl_Swi_post__E.1)
                  00007990    00000008     (.tramp.ti_sysbios_BIOS_RtsGateProxy_leave__E.1)
                  00007998    00000008     (.tramp.ti_sysbios_knl_Swi_construct.1)
                  000079a0    00000008     (.tramp.ti_sysbios_BIOS_RtsGateProxy_enter__E.1)
                  000079a8    00000008     (.tramp.ti_sysbios_family_arm_m3_Hwi_disableFxn__E.1)
                  000079b0    00000008     (.tramp.ti_sysbios_knl_Task_restore__E.1)
                  000079b8    00000008     (.tramp.ti_sysbios_knl_Clock_getTicks__E.1)
                  000079c0    00000008     (.tramp.ti_sysbios_knl_Clock_TimerProxy_getCurrentTick__E.1)
                  000079c8    00000008     (.tramp.xdc_runtime_Memory_free__E.1)
                  000079d0    00000008     (.tramp.ti_sysbios_knl_Task_delete.1)
                  000079d8    00000008     (.tramp.ti_sysbios_knl_Semaphore_destruct.1)
                  000079e0    00000008     (.tramp.ti_sysbios_knl_Semaphore_construct.1)
                  000079e8    00000008     (.tramp.ti_sysbios_knl_Semaphore_Params__init__S.1)
                  000079f0    00000008     (.tramp.xdc_runtime_Memory_alloc__E.1)
                  000079f8    00000008     (.tramp.ti_sysbios_knl_Task_startup__E.1)
                  00007a00    00000008     (.tramp.ti_sysbios_knl_Swi_startup__E.1)
                  00007a08    00000008     (.tramp.ti_sysbios_hal_Hwi_startup__E.1)
                  00007a10    00000008     (.tramp.ti_sysbios_family_arm_cc26xx_Timer_startup__E.1)
                  00007a18    00000008     (.tramp.xdc_runtime_System_atexit__E.1)
                  00007a20    00000008     (.tramp.ti_sysbios_BIOS_linkedWithIncorrectBootLibrary__E.1)
                  00007a28    00000008     (.tramp.xdc_runtime_Startup_rtsDone__E.1)
                  00007a30    00000008     (.tramp.ti_sysbios_knl_Task_disable__E.1)
                  00007a38    00000008     (.tramp.ti_sysbios_knl_Swi_disable__E.1)
                  00007a40    00000008     (.tramp.ti_sysbios_family_arm_m3_Hwi_construct.1)
                  00007a48    00000008     (.tramp.ti_sysbios_knl_Swi_Params__init__S.1)
                  00007a50    00000008     (.tramp.ti_sysbios_family_arm_m3_Hwi_Params__init__S.1)
                  00007a58    00000008     (.tramp.ti_sysbios_knl_Clock_construct.1)
                  00007a60    00000008     (.tramp.ti_sysbios_knl_Clock_Params__init__S.1)
                  00007a68    00000008     (.tramp.ti_sysbios_knl_Task_construct.1)
                  00007a70    00000008     (.tramp.xdc_runtime_System_exit__E.1)
                  00007a78    00000008     (.tramp.ti_sysbios_heaps_HeapMem_restore__E.1)
                  00007a80    00000008     (.tramp.ti_sysbios_heaps_HeapMem_Object__get__S.1)
                  00007a88    00000008     (.tramp.xdc_runtime_Error_raiseX__E.1)
                  00007a90    00000008     (.tramp.ti_sysbios_BIOS_setThreadType__E.1)
                  00007a98    00000008     (.tramp.ti_sysbios_family_arm_m3_Hwi_excFillContext__I.1)
                  00007aa0    00000008     (.tramp.ti_sysbios_BIOS_start__E.1)
                  00007aa8    00000008     (.tramp.ti_sysbios_knl_Event_create.1)
                  00007ab0    00000008     (.tramp.ti_sysbios_knl_Semaphore_create.1)
                  00007ab8    00000008     (.tramp.ti_sysbios_knl_Clock_stop__E.1)
                  00007ac0    00000008     (.tramp.ti_sysbios_knl_Clock_start__E.1)
                  00007ac8    00000008     (.tramp.ti_sysbios_knl_Clock_setTimeout__E.1)
                  00007ad0    00000008     (.tramp.ti_sysbios_knl_Event_post__E.1)
                  00007ad8    00000008     (.tramp.ti_sysbios_knl_Event_pend__E.1)
                  00007ae0    00000008     (.tramp.xdc_runtime_System_doPrint__I.1)
                  00007ae8    00000008     (.tramp.ti_sysbios_knl_Swi_restore__E.1)
                  00007af0    00000008     (.tramp.ti_sysbios_knl_Semaphore_post__E.1)
                  00007af8    00000008     (.tramp.ti_sysbios_knl_Semaphore_pend__E.1)
                  00007b00    00000008     (.tramp.ti_sysbios_knl_Task_sleep__E.1)
                  00007b08    00000008     (.tramp.ti_sysbios_family_arm_m3_Hwi_restoreFxn__E.1)

.const     0    00007b10    000007e4     
                  00007b10    000003b8     release_pem4f.oem4f (.const:ROM_constStruct)
                  00007ec8    00000154     rf_multiMode_cc13x2.aem4f : rf_patch_cpe_prop.c.cc13x2.ccs.o (.const:patchImageProp)
                  0000801c    00000054     drivers_cc13x2.aem4f : PowerCC26X2.oem4f (.const:resourceDB)
                  00008070    00000048     release_pem4f.oem4f (.const:.string)
                  000080b8    00000048     release_pem4f.oem4f (.const:ROM_externFuncPtrs)
                  00008100    0000003c     ti_drivers_config.obj (.const:BoardGpioInitTable)
                  0000813c    00000024     release_pem4f.oem4f (.const:xdc_runtime_Startup_sfxnTab__A)
                  00008160    00000020     rf_multiMode_cc13x2.aem4f : RFCC26X2_multiMode.c.cc13x2.ccs.o (.const:RF_defaultParams)
                  00008180    00000020     drivers_cc13x2.aem4f : SPI.oem4f (.const:SPI_defaultParams)
                  000081a0    00000020     ti_drivers_config.obj (.const:spiCC26X2DMAHWAttrs)
                  000081c0    00000018     drivers_cc13x2.aem4f : SPICC26X2DMA.oem4f (.const:SPICC26X2DMA_fxnTable)
                  000081d8    00000018                          : SPICC26X2DMA.oem4f (.const:frameFormat)
                  000081f0    00000018                          : GPIOCC26XX.oem4f (.const:interruptType)
                  00008208    00000014     ti_drivers_config.obj (.const:GPIOCC26XX_config)
                  0000821c    00000014     ti_drivers_config.obj (.const:PowerCC26X2_config)
                  00008230    00000012     release_pem4f.oem4f (.const:xdc_runtime_Startup_sfxnRts__A)
                  00008242    00000001     ti_drivers_config.obj (.const)
                  00008243    00000001     release_pem4f.oem4f (.const:xdc_runtime_Text_charTab__A)
                  00008244    00000010     drivers_cc13x2.aem4f : GPIOCC26XX.oem4f (.const:outPinTypes)
                  00008254    0000000c     ti_drivers_config.obj (.const:RFCC26XX_hwAttrs)
                  00008260    0000000c     ti_drivers_config.obj (.const:SPI_config)
                  0000826c    0000000c     drivers_cc13x2.aem4f : GPIOCC26XX.oem4f (.const:inPinTypes)
                  00008278    0000000c                          : GPIOCC26XX.oem4f (.const:outPinStrengths)
                  00008284    0000000c     release_pem4f.oem4f (.const:xdc_runtime_Startup_firstFxns__A)
                  00008290    00000008     driverlib.lib : aux_sysif.obj (.const:$O1$$)
                  00008298    00000008     ti_drivers_config.obj (.const:PINCC26XX_hwAttrs)
                  000082a0    00000008     rf_multiMode_cc13x2.aem4f : RFCC26X2_multiMode.c.cc13x2.ccs.o (.const:RFCC26XX_schedulerPolicy)
                  000082a8    00000008     ti_drivers_config.obj (.const:UDMACC26XX_config)
                  000082b0    00000008     drivers_cc13x2.aem4f : SPICC26X2DMA.oem4f (.const:dmaNullConfig)
                  000082b8    00000008                          : SPICC26X2DMA.oem4f (.const:dmaRxConfig)
                  000082c0    00000008                          : SPICC26X2DMA.oem4f (.const:dmaTxConfig)
                  000082c8    00000008     release_pem4f.oem4f (.const:ti_sysbios_family_arm_m3_Hwi_excHookFuncs__A)
                  000082d0    00000008     release_pem4f.oem4f (.const:ti_sysbios_knl_Idle_funcList__A)
                  000082d8    00000008     ti_drivers_config.obj (.const:udmaCC26XXHWAttrs)
                  000082e0    00000004     release_pem4f.oem4f (.const:ti_sysbios_family_arm_m3_Hwi_E_exception__C)
                  000082e4    00000004     release_pem4f.oem4f (.const:ti_sysbios_heaps_HeapMem_primaryHeapBaseAddr__C)
                  000082e8    00000004     release_pem4f.oem4f (.const:ti_sysbios_heaps_HeapMem_primaryHeapEndAddr__C)
                  000082ec    00000004     release_pem4f.oem4f (.const:ti_sysbios_knl_Clock_tickPeriod__C)
                  000082f0    00000004     release_pem4f.oem4f (.const:ti_sysbios_knl_Task_Object__heap__C)

MODULE SUMMARY

       Module                              code    ro data   rw data
       ------                              ----    -------   -------
    .\
       usb1352.obj                         194     0         0      
    +--+-----------------------------------+-------+---------+---------+
       Total:                              194     0         0      
                                                                    
    .\Queue\
       queue.obj                           256     0         0      
    +--+-----------------------------------+-------+---------+---------+
       Total:                              256     0         0      
                                                                    
    .\RF\
       usb1352_rf.obj                      3778    0         5354   
       RFQueue.obj                         268     0         4      
       usb1352_amp.obj                     64      0         32     
    +--+-----------------------------------+-------+---------+---------+
       Total:                              4110    0         5390   
                                                                    
    .\SPI\
       usb1352_spi.obj                     826     0         2252   
       usb1352_intr_thread.obj             150     0         396    
    +--+-----------------------------------+-------+---------+---------+
       Total:                              976     0         2648   
                                                                    
    .\syscfg\
       ti_drivers_config.obj               30      181       300    
       ti_radio_config.obj                 0       0         212    
       ti_devices_config.obj               0       88        0      
    +--+-----------------------------------+-------+---------+---------+
       Total:                              30      269       512    
                                                                    
    C:\Users\iron\workspace_v9\tirtos_builds_CC1352P1_LAUNCHXL_release_ccs\Debug\configPkg\package\cfg\
       release_pem4f.oem4f                 838     1259      1830   
    +--+-----------------------------------+-------+---------+---------+
       Total:                              838     1259      1830   
                                                                    
    C:/ti/simplelink_cc13x2_26x2_sdk_3_40_00_02/kernel/tirtos/packages/ti/dpl/lib/dpl_cc13x2.aem4f
       PowerCC26X2_tirtos.oem4f            240     0         8      
       ClockP_tirtos.oem4f                 130     0         4      
       HwiP_tirtos.oem4f                   134     0         0      
       SemaphoreP_tirtos.oem4f             126     0         0      
       SwiP_tirtos.oem4f                   96      0         0      
    +--+-----------------------------------+-------+---------+---------+
       Total:                              726     0         12     
                                                                    
    C:/ti/simplelink_cc13x2_26x2_sdk_3_40_00_02/source/ti/devices/cc13x2_cc26x2/driverlib/bin/ccs/driverlib.lib
       osc.obj                             436     0         28     
       sys_ctrl.obj                        408     0         0      
       setup.obj                           324     0         0      
       chipinfo.obj                        226     0         0      
       aux_sysif.obj                       52      8         0      
       cpu.obj                             24      0         0      
       driverlib_release.obj               0       0         1      
    +--+-----------------------------------+-------+---------+---------+
       Total:                              1470    8         29     
                                                                    
    C:/ti/simplelink_cc13x2_26x2_sdk_3_40_00_02/source/ti/drivers/lib/drivers_cc13x2.aem4f
       SPICC26X2DMA.oem4f                  3414    72        128    
       PowerCC26X2.oem4f                   2218    84        272    
       PINCC26XX.oem4f                     1446    0         276    
       PowerCC26X2_calibrateRCOSC.oem4f    1400    0         0      
       GPIOCC26XX.oem4f                    712     64        61     
       List.oem4f                          210     0         0      
       SPI.oem4f                           162     32        1      
       UDMACC26XX.oem4f                    168     0         0      
    +--+-----------------------------------+-------+---------+---------+
       Total:                              9730    252       738    
                                                                    
    C:/ti/simplelink_cc13x2_26x2_sdk_3_40_00_02/source/ti/drivers/rf/lib/rf_multiMode_cc13x2.aem4f
       RFCC26X2_multiMode.c.cc13x2.ccs.o   8712    40        1157   
       rf_patch_cpe_prop.c.cc13x2.ccs.o    98      340       1      
       rfc.c.cc13x2.ccs.o                  302     0         0      
    +--+-----------------------------------+-------+---------+---------+
       Total:                              9112    380       1158   
                                                                    
    C:\Users\iron\workspace_v9\tirtos_builds_CC1352P1_LAUNCHXL_release_ccs\src\sysbios\rom_sysbios.aem4f
       rom_sysbios.obj                     1189    0         136    
    +--+-----------------------------------+-------+---------+---------+
       Total:                              1189    0         136    
                                                                    
    C:\ti\ccs930\ccs\tools\compiler\ti-cgt-arm_18.12.4.LTS\lib\rtsv7M4_T_le_v4SPD16_eabi.lib
       fd_add_t2.asm.obj                   438     0         0      
       fd_cmp_t2.asm.obj                   268     0         0      
       fd_mul_t2.asm.obj                   252     0         0      
       memcpy_t2.asm.obj                   156     0         0      
       ull_div_t2.asm.obj                  150     0         0      
       memset_t2.asm.obj                   122     0         0      
       ll_div_t2.asm.obj                   110     0         0      
       copy_decompress_lzss.c.obj          104     0         0      
       cpy_tbl.c.obj                       76      0         0      
       fd_toi_t2.asm.obj                   72      0         0      
       fd_tou_t2.asm.obj                   68      0         0      
       u_divt2.asm.obj                     64      0         0      
       fs_tod_t2.asm.obj                   56      0         0      
       i_tofd_t2.asm.obj                   46      0         0      
       _lock.c.obj                         26      0         8      
       args_main.c.obj                     24      0         0      
       ll_mul_t2.asm.obj                   24      0         0      
       copy_decompress_none.c.obj          14      0         0      
       copy_zero_init.c.obj                12      0         0      
       stkdepth_vars.c.obj                 0       0         4      
       div0.asm.obj                        2       0         0      
    +--+-----------------------------------+-------+---------+---------+
       Total:                              2084    0         12     
                                                                    
    C:\ti\simplelink_cc13x2_26x2_sdk_3_40_00_02\kernel\tirtos\packages\ti\targets\arm\rtsarm\lib\auto_init.aem4f
       auto_init.oem4f                     160     0         0      
    +--+-----------------------------------+-------+---------+---------+
       Total:                              160     0         0      
                                                                    
    C:\ti\simplelink_cc13x2_26x2_sdk_3_40_00_02\kernel\tirtos\packages\ti\targets\arm\rtsarm\lib\boot.aem4f
       boot.oem4f                          88      0         0      
    +--+-----------------------------------+-------+---------+---------+
       Total:                              88      0         0      
                                                                    
       Stack:                              0       0         1024   
       Linker Generated:                   464     818       0      
    +--+-----------------------------------+-------+---------+---------+
       Grand Total:                        31427   2986      13489  


LINKER GENERATED COPY TABLES

__TI_cinit_table @ 000085c8 records: 13, size/record: 8, table size: 104
	.data: load addr=000082f8, load size=0000025e bytes, run addr=20001110, run size=0000069d bytes, compression=lzss
	.TI.bound:dmaSpi0RxAltControlTableEntry: load addr=00008568, load size=00000008 bytes, run addr=20001a30, run size=00000010 bytes, compression=zero_init
	.TI.bound:dmaSpi0RxControlTableEntry: load addr=00008570, load size=00000008 bytes, run addr=20001830, run size=00000010 bytes, compression=zero_init
	.TI.bound:dmaSpi0TxAltControlTableEntry: load addr=00008578, load size=00000008 bytes, run addr=20001a40, run size=00000010 bytes, compression=zero_init
	.TI.bound:dmaSpi0TxControlTableEntry: load addr=00008580, load size=00000008 bytes, run addr=20001840, run size=00000010 bytes, compression=zero_init
	.TI.bound:dmaSpi1RxAltControlTableEntry: load addr=00008588, load size=00000008 bytes, run addr=20001b00, run size=00000010 bytes, compression=zero_init
	.TI.bound:dmaSpi1RxControlTableEntry: load addr=00008590, load size=00000008 bytes, run addr=20001900, run size=00000010 bytes, compression=zero_init
	.TI.bound:dmaSpi1TxAltControlTableEntry: load addr=00008598, load size=00000008 bytes, run addr=20001b10, run size=00000010 bytes, compression=zero_init
	.TI.bound:dmaSpi1TxControlTableEntry: load addr=000085a0, load size=00000008 bytes, run addr=20001910, run size=00000010 bytes, compression=zero_init
	.bss: load addr=000085a8, load size=00000008 bytes, run addr=20001b20, run size=000028b0 bytes, compression=zero_init
	.data:xdcRomConstPtr: load addr=000085b0, load size=00000008 bytes, run addr=20000100, run size=00000004 bytes, compression=lzss
	.data:xdcRomExternFuncPtr: load addr=000085b8, load size=00000008 bytes, run addr=20000104, run size=00000004 bytes, compression=lzss
	.data:xdcRomStatePtr: load addr=000085c0, load size=00000008 bytes, run addr=20000108, run size=00000004 bytes, compression=lzss


LINKER GENERATED HANDLER TABLE

__TI_handler_table @ 00008558 records: 3, size/record: 4, table size: 12
	index: 0, handler: __TI_decompress_lzss
	index: 1, handler: __TI_decompress_none
	index: 2, handler: __TI_zero_init


FAR CALL TRAMPOLINES

callee name               trampoline name
   callee addr  tramp addr   call addr  call info
--------------  -----------  ---------  ----------------
ti_sysbios_knl_Swi_destruct  $Tramp$TT$L$PI$$ti_sysbios_knl_Swi_destruct
   1002e8bd     00007940     00007918   dpl_cc13x2.aem4f : SwiP_tirtos.oem4f (.text:SwiP_destruct)
ti_sysbios_family_arm_m3_Hwi_enableInterrupt__E  $Tramp$TT$L$PI$$ti_sysbios_family_arm_m3_Hwi_enableInterrupt__E
   1002d91d     00007948     00007900   dpl_cc13x2.aem4f : HwiP_tirtos.oem4f (.text:HwiP_enableInterrupt)
ti_sysbios_family_arm_m3_Hwi_disableInterrupt__E  $Tramp$TT$L$PI$$ti_sysbios_family_arm_m3_Hwi_disableInterrupt__E
   1002d8d9     00007950     000078fc   dpl_cc13x2.aem4f : HwiP_tirtos.oem4f (.text:HwiP_disableInterrupt)
ti_sysbios_family_arm_m3_Hwi_destruct  $Tramp$TT$L$PI$$ti_sysbios_family_arm_m3_Hwi_destruct
   1002e475     00007958     000078f4   dpl_cc13x2.aem4f : HwiP_tirtos.oem4f (.text:HwiP_destruct)
ti_sysbios_BIOS_getCpuFreq__E  $Tramp$TT$L$PI$$ti_sysbios_BIOS_getCpuFreq__E
   1002e9fd     00007960     000078dc   dpl_cc13x2.aem4f : ClockP_tirtos.oem4f (.text:ClockP_getCpuFreq)
ti_sysbios_knl_Clock_destruct  $Tramp$TT$L$PI$$ti_sysbios_knl_Clock_destruct
   1002e649     00007968     000078d8   dpl_cc13x2.aem4f : ClockP_tirtos.oem4f (.text:ClockP_destruct)
ti_sysbios_knl_Semaphore_delete  $Tramp$TT$L$PI$$ti_sysbios_knl_Semaphore_delete
   1002ecdb     00007970     0000784e   dpl_cc13x2.aem4f : SemaphoreP_tirtos.oem4f (.text:SemaphoreP_delete)
ti_sysbios_knl_Clock_logTick__E  $Tramp$TT$L$PI$$ti_sysbios_knl_Clock_logTick__E
   1002dbd7     00007978     0000770e   release_pem4f.oem4f (.text:ti_sysbios_knl_Clock_doTick__I)
ti_sysbios_knl_Task_Params__init__S  $Tramp$TT$L$PI$$ti_sysbios_knl_Task_Params__init__S
   1002ec09     00007980     00007610   usb1352_intr_thread.obj (.text:ti_sysbios_knl_Task_Params_init)
                             00007626   usb1352_rf.obj (.text:ti_sysbios_knl_Task_Params_init)
                             0000763c   usb1352_spi.obj (.text:ti_sysbios_knl_Task_Params_init)
ti_sysbios_knl_Swi_post__E  $Tramp$TT$L$PI$$ti_sysbios_knl_Swi_post__E
   1002d891     00007988     0000758c   rom_sysbios.aem4f : rom_sysbios.obj (.text:ti_sysbios_knl_Swi_or__E)
                             00007716   release_pem4f.oem4f (.text:ti_sysbios_knl_Clock_doTick__I)
                             00007928   dpl_cc13x2.aem4f : SwiP_tirtos.oem4f (.text:SwiP_post)
ti_sysbios_BIOS_RtsGateProxy_leave__E  $Tramp$TT$L$PI$$ti_sysbios_BIOS_RtsGateProxy_leave__E
   1002ec7b     00007990     0000756e   release_pem4f.oem4f (.text:ti_sysbios_BIOS_rtsUnlock__I)
ti_sysbios_knl_Swi_construct  $Tramp$TT$L$PI$$ti_sysbios_knl_Swi_construct
   1002d719     00007998     0000746a   rom_sysbios.aem4f : rom_sysbios.obj (.text:ti_sysbios_knl_Swi_construct2__E)
ti_sysbios_BIOS_RtsGateProxy_enter__E  $Tramp$TT$L$PI$$ti_sysbios_BIOS_RtsGateProxy_enter__E
   1002ec77     000079a0     000072b6   release_pem4f.oem4f (.text:ti_sysbios_BIOS_rtsLock__I)
ti_sysbios_family_arm_m3_Hwi_disableFxn__E  $Tramp$TT$L$PI$$ti_sysbios_family_arm_m3_Hwi_disableFxn__E
   1002eb55     000079a8     000071b8   dpl_cc13x2.aem4f : HwiP_tirtos.oem4f (.text:HwiP_setFunc)
                             000078f8                    : HwiP_tirtos.oem4f (.text:HwiP_disable)
ti_sysbios_knl_Task_restore__E  $Tramp$TT$L$PI$$ti_sysbios_knl_Task_restore__E
   1002df45     000079b0     000070c8   rom_sysbios.aem4f : rom_sysbios.obj (.text:_pthread_cleanupFxn)
                             000073ca   dpl_cc13x2.aem4f : PowerCC26X2_tirtos.oem4f (.text:PowerCC26XX_schedulerRestore)
ti_sysbios_knl_Clock_getTicks__E  $Tramp$TT$L$PI$$ti_sysbios_knl_Clock_getTicks__E
   1002dc11     000079b8     00006e80   rom_sysbios.aem4f : rom_sysbios.obj (.text:ti_sysbios_knl_Clock_getTimeout__E)
ti_sysbios_knl_Clock_TimerProxy_getCurrentTick__E  $Tramp$TT$L$PI$$ti_sysbios_knl_Clock_TimerProxy_getCurrentTick__E
   1002eac5     000079c0     00006dd2   rom_sysbios.aem4f : rom_sysbios.obj (.text:ti_sysbios_knl_Clock_getTicksUntilInterrupt__E)
xdc_runtime_Memory_free__E  $Tramp$TT$L$PI$$xdc_runtime_Memory_free__E
   1002f81d     000079c8     00006d88   rom_sysbios.aem4f : rom_sysbios.obj (.text:_pthread_delete$45)
ti_sysbios_knl_Task_delete  $Tramp$TT$L$PI$$ti_sysbios_knl_Task_delete
   1002ece7     000079d0     00006d7c   rom_sysbios.aem4f : rom_sysbios.obj (.text:_pthread_delete$45)
ti_sysbios_knl_Semaphore_destruct  $Tramp$TT$L$PI$$ti_sysbios_knl_Semaphore_destruct
   1002e6fd     000079d8     00006d70   rom_sysbios.aem4f : rom_sysbios.obj (.text:_pthread_delete$45)
                             00007910   dpl_cc13x2.aem4f : SemaphoreP_tirtos.oem4f (.text:SemaphoreP_destruct)
ti_sysbios_knl_Semaphore_construct  $Tramp$TT$L$PI$$ti_sysbios_knl_Semaphore_construct
   1002ddc1     000079e0     00006d32   dpl_cc13x2.aem4f : SemaphoreP_tirtos.oem4f (.text:SemaphoreP_constructBinary)
ti_sysbios_knl_Semaphore_Params__init__S  $Tramp$TT$L$PI$$ti_sysbios_knl_Semaphore_Params__init__S
   1002ebe5     000079e8     00006d22   dpl_cc13x2.aem4f : SemaphoreP_tirtos.oem4f (.text:SemaphoreP_constructBinary)
                             00006d4c                    : SemaphoreP_tirtos.oem4f (.text:SemaphoreP_createBinary)
                             000075fa   usb1352.obj (.text:ti_sysbios_knl_Semaphore_Params_init)
xdc_runtime_Memory_alloc__E  $Tramp$TT$L$PI$$xdc_runtime_Memory_alloc__E
   1002f289     000079f0     00006cce   release_pem4f.oem4f (.text:ti_sysbios_rts_MemAlloc_alloc)
ti_sysbios_knl_Task_startup__E  $Tramp$TT$L$PI$$ti_sysbios_knl_Task_startup__E
   1002eceb     000079f8     00006bec   release_pem4f.oem4f (.text:ti_sysbios_BIOS_startFunc__I)
ti_sysbios_knl_Swi_startup__E  $Tramp$TT$L$PI$$ti_sysbios_knl_Swi_startup__E
   1002ec6b     00007a00     00006be8   release_pem4f.oem4f (.text:ti_sysbios_BIOS_startFunc__I)
ti_sysbios_hal_Hwi_startup__E  $Tramp$TT$L$PI$$ti_sysbios_hal_Hwi_startup__E
   1002ec31     00007a08     00006be4   release_pem4f.oem4f (.text:ti_sysbios_BIOS_startFunc__I)
ti_sysbios_family_arm_cc26xx_Timer_startup__E  $Tramp$TT$L$PI$$ti_sysbios_family_arm_cc26xx_Timer_startup__E
   1002dcf1     00007a10     00006be0   release_pem4f.oem4f (.text:ti_sysbios_BIOS_startFunc__I)
xdc_runtime_System_atexit__E  $Tramp$TT$L$PI$$xdc_runtime_System_atexit__E
   1002f559     00007a18     00006bd8   release_pem4f.oem4f (.text:ti_sysbios_BIOS_startFunc__I)
[...]
1002eb49  ti_sysbios_family_arm_m3_Hwi_Params__init__S                       
1002eb49  ti_sysbios_hal_Hwi_HwiProxy_Params__init__S                        
1002eb55  ti_sysbios_family_arm_m3_Hwi_disableFxn__E                         
1002eb61  ti_sysbios_family_arm_m3_Hwi_enableFxn__E                          
1002eb6d  ti_sysbios_gates_GateHwi_enter__E                                  
1002eb79  ti_sysbios_BIOS_RtsGateProxy_Params__init__S                       
1002eb79  ti_sysbios_gates_GateMutex_Params__init__S                         
1002eb79  ti_sysbios_heaps_HeapMem_Module_GateProxy_Params__init__S          
1002eb85  ti_sysbios_heaps_HeapTrack_Params__init__S                         
1002eb91  ti_sysbios_heaps_HeapTrack_isBlocking__E                           
1002eb9d  ti_sysbios_knl_Clock_Params__init__S                               
1002eba9  ti_sysbios_knl_Clock_getTimerHandle__E                             
1002ebb5  ti_sysbios_knl_Event_Params__init__S                               
1002ebc1  ti_sysbios_knl_Mailbox_Params__init__S                             
1002ebcd  ti_sysbios_knl_Queue_dequeue__E                                    
1002ebd9  ti_sysbios_knl_Queue_enqueue__E                                    
1002ebe5  ti_sysbios_knl_Semaphore_Params__init__S                           
1002ebf1  ti_sysbios_knl_Swi_Params__init__S                                 
1002ebfd  ti_sysbios_knl_Swi_self__E                                         
1002ec09  ti_sysbios_knl_Task_Params__init__S                                
1002ec15  ti_sysbios_hal_Hwi_Instance_finalize__E                            
1002ec1f  ti_sysbios_knl_Event_Instance_init__E                              
1002ec29  ti_sysbios_family_arm_m3_Hwi_doSwiRestore__I                       
1002ec31  ti_sysbios_family_arm_m3_Hwi_startup__E                            
1002ec31  ti_sysbios_hal_Hwi_HwiProxy_startup__E                             
1002ec31  ti_sysbios_hal_Hwi_HwiProxy_startup__E                             
1002ec31  ti_sysbios_hal_Hwi_startup__E                                      
1002ec31  ti_sysbios_hal_Hwi_startup__E                                      
1002ec39  ti_sysbios_knl_Idle_loop__E                                        
1002ec41  ti_sysbios_family_arm_m3_Hwi_doTaskRestore__I                      
1002ec47  HwiP_restore                                                       
1002ec47  ti_sysbios_family_arm_m3_Hwi_restoreFxn__E                         
1002ec4d  ti_sysbios_gates_GateHwi_leave__E                                  
1002ec53  ti_sysbios_gates_GateMutex_Instance_finalize__E                    
1002ec59  ti_sysbios_heaps_HeapMem_isBlocking__E                             
1002ec5f  ti_sysbios_knl_Queue_Instance_init__E                              
1002ec65  ti_sysbios_knl_Queue_elemClear__E                                  
1002ec6b  ti_sysbios_knl_Swi_startup__E                                      
1002ec71  ti_sysbios_knl_Task_enable__E                                      
1002ec77  ti_sysbios_BIOS_RtsGateProxy_enter__E                              
1002ec7b  ti_sysbios_BIOS_RtsGateProxy_leave__E                              
1002ec7f  ti_sysbios_family_arm_cc26xx_Timer_getExpiredTicks__E              
1002ec83  ti_sysbios_family_arm_cc26xx_Timer_getPeriod__E                    
1002ec87  ti_sysbios_family_arm_cc26xx_Timer_setPeriod__E                    
1002ec8b  ti_sysbios_family_arm_m3_Hwi_delete                                
1002ec8f  ti_sysbios_family_arm_m3_TaskSupport_Module__startupDone__S        
1002ec8f  ti_sysbios_knl_Task_SupportProxy_Module__startupDone__S            
1002ec93  ti_sysbios_gates_GateHwi_query__E                                  
1002ec93  xdc_runtime_Main_Module_GateProxy_query__E                         
1002ec93  xdc_runtime_System_Module_GateProxy_query__E                       
1002ec93  xdc_runtime_System_Module_GateProxy_query__E                       
1002ec97  ti_sysbios_gates_GateMutex_delete                                  
1002ec9b  ti_sysbios_BIOS_RtsGateProxy_query__E                              
1002ec9b  ti_sysbios_BIOS_RtsGateProxy_query__E                              
1002ec9b  ti_sysbios_gates_GateMutex_query__E                                
1002ec9b  ti_sysbios_heaps_HeapMem_Module_GateProxy_query__E                 
1002ec9b  ti_sysbios_heaps_HeapMem_Module_GateProxy_query__E                 
1002ec9f  ti_sysbios_hal_Hwi_HwiProxy_create                                 
1002eca3  ti_sysbios_hal_Hwi_HwiProxy_delete                                 
1002eca7  ti_sysbios_hal_Hwi_delete                                          
1002ecab  ti_sysbios_heaps_HeapMem_Module_GateProxy_enter__E                 
1002ecaf  ti_sysbios_heaps_HeapMem_Module_GateProxy_leave__E                 
1002ecb3  ti_sysbios_knl_Clock_TimerProxy_getExpiredTicks__E                 
1002ecb7  ti_sysbios_knl_Clock_TimerProxy_getPeriod__E                       
1002ecbb  ti_sysbios_knl_Clock_delete                                        
1002ecbf  ti_sysbios_knl_Clock_removeI__E                                    
1002ecc3  ti_sysbios_knl_Clock_setTimeout__E                                 
1002ecc7  ti_sysbios_knl_Event_delete                                        
1002eccb  ti_sysbios_knl_Mailbox_delete                                      
1002eccf  ti_sysbios_knl_Queue_delete                                        
1002ecd3  ti_sysbios_knl_Queue_head__E                                       
1002ecd7  ti_sysbios_knl_Queue_next__E                                       
1002ecdb  ti_sysbios_knl_Semaphore_delete                                    
1002ecdf  ti_sysbios_knl_Swi_delete                                          
1002ece3  ti_sysbios_knl_Swi_postInit__I                                     
1002ece7  ti_sysbios_knl_Task_delete                                         
1002eceb  ti_sysbios_knl_Task_startup__E                                     
1002ecf1  xdc_runtime_System_doPrint__I                                      
1002f055  xdc_runtime_Startup_startMods__I                                   
1002f15d  xdc_runtime_Text_putSite__E                                        
1002f1f7  xdc_runtime_Error_policySpin__E                                    
1002f1f9  xdc_runtime_Text_putMod__E                                         
1002f289  xdc_runtime_Memory_alloc__E                                        
1002f2f9  xdc_runtime_Core_createObject__I                                   
1002f367  xdc_runtime_Core_deleteObject__I                                   
1002f3c5  xdc_runtime_Text_putLab__E                                         
1002f421  xdc_runtime_Assert_raise__I                                        
1002f475  xdc_runtime_Startup_exec__E                                        
1002f4c9  xdc_runtime_Core_assignParams__I                                   
1002f511  xdc_runtime_Core_constructObject__I                                
1002f559  xdc_runtime_System_atexit__E                                       
1002f5a1  xdc_runtime_Text_xprintf__I                                        
1002f5e5  xdc_runtime_System_processAtExit__E                                
1002f625  xdc_runtime_System_putchar__I                                      
1002f659  xdc_runtime_Core_assignLabel__I                                    
1002f689  xdc_runtime_Text_printVisFxn__I                                    
1002f6b9  xdc_runtime_System_vprintf__E                                      
1002f6e5  xdc_runtime_Text_cordText__E                                       
1002f711  xdc_runtime_System_abort__E                                        
1002f739  xdc_runtime_Error_raiseX__E                                        
1002f759  xdc_runtime_Registry_findById__E                                   
1002f779  xdc_runtime_Error_check__E                                         
1002f795  xdc_runtime_Memory_valloc__E                                       
1002f7b1  xdc_runtime_System_exit__E                                         
1002f7cd  xdc_runtime_Text_ropeText__E                                       
1002f7e9  xdc_runtime_System_printf__E                                       
1002f803  xdc_runtime_Core_destructObject__I                                 
1002f81b  xdc_runtime_System_abortSpin__E                                    
1002f81d  xdc_runtime_Memory_free__E                                         
1002f831  xdc_runtime_Memory_getStats__E                                     
1002f845  xdc_runtime_SysCallback_abort__E                                   
1002f845  xdc_runtime_System_SupportProxy_abort__E                           
1002f859  xdc_runtime_SysCallback_exit__E                                    
1002f859  xdc_runtime_System_SupportProxy_exit__E                            
1002f86d  xdc_runtime_SysCallback_flush__E                                   
1002f86d  xdc_runtime_System_SupportProxy_flush__E                           
1002f86d  xdc_runtime_System_flush__E                                        
1002f881  xdc_runtime_SysCallback_putch__E                                   
1002f881  xdc_runtime_System_SupportProxy_putch__E                           
1002f895  xdc_runtime_SysCallback_ready__E                                   
1002f895  xdc_runtime_System_SupportProxy_ready__E                           
1002f8a9  xdc_runtime_Memory_getMaxDefaultTypeAlign__E                       
1002f8b9  xdc_runtime_System_vsnprintf__E                                    
1002f8c9  xdc_runtime_Timestamp_SupportProxy_get32__E                        
1002f8c9  xdc_runtime_Timestamp_SupportProxy_get32__E                        
1002f8c9  xdc_runtime_Timestamp_get32__E                                     
1002f8c9  xdc_runtime_Timestamp_get32__E                                     
1002f8d9  xdc_runtime_Memory_calloc__E                                       
1002f8e5  xdc_runtime_Startup_rtsDone__E                                     
1002f8f1  xdc_runtime_Memory_HeapProxy_alloc__E                              
1002f8fb  xdc_runtime_Memory_HeapProxy_free__E                               
1002f905  xdc_runtime_Memory_HeapProxy_getStats__E                           
1002f90f  xdc_runtime_Gate_leaveSystem__E                                    
1002f915  xdc_runtime_System_Module_startup__E                               
1002f91b  xdc_runtime_Gate_enterSystem__E                                    
1002f91f  xdc_runtime_SysCallback_Module__startupDone__S                     
1002f91f  xdc_runtime_System_SupportProxy_Module__startupDone__S             
1002f923  xdc_runtime_System_Module_GateProxy_enter__E                       
1002f927  xdc_runtime_System_Module_GateProxy_leave__E                       
1002f92b  xdc_runtime_System_printf_va__F                                    
1002f92f  xdc_runtime_System_exitSpin__E                                     
1002f931  ti_sysbios_family_arm_m3_Hwi_dispatch__I                           
1002fa11  ti_sysbios_family_arm_m3_Hwi_interruptsAreDisabledButShouldNotBe   
1002fa2d  ti_sysbios_family_arm_m3_TaskSupport_buildTaskStack                
1002fab9  ti_sysbios_family_arm_m3_Hwi_initStacks__E                         
1002fb11  ti_sysbios_family_arm_m3_Hwi_pendSV__I                             
1002fb35  ti_sysbios_family_arm_m3_Hwi_return                                
1002fb39  ti_sysbios_family_arm_m3_Hwi_excHandlerAsm__I                      
1002fb59  ti_sysbios_family_xxx_Hwi_switchAndRunFunc                         
1002fb77  ti_sysbios_family_arm_m3_TaskSupport_swap__E                       
1002fb77  ti_sysbios_knl_Task_SupportProxy_swap__E                           
1002fb77  ti_sysbios_knl_Task_SupportProxy_swap__E                           
1002fb83  ti_sysbios_knl_Task_swapReturn                                     
1002fb8f  ti_sysbios_family_arm_m3_TaskSupport_glue                          
1002fba0  ti_sysbios_knl_Task_Object__PARAMS__C                              
1002fbdc  ti_sysbios_knl_Mailbox_Object__PARAMS__C                           
1002fc10  ti_sysbios_family_arm_m3_Hwi_Object__PARAMS__C                     
1002fc40  ti_sysbios_hal_Hwi_Object__PARAMS__C                               
1002fc6c  ti_sysbios_knl_Swi_Object__PARAMS__C                               
1002fc94  ti_sysbios_heaps_HeapMem_Object__PARAMS__C                         
1002fcb8  ti_sysbios_knl_Clock_Object__PARAMS__C                             
1002fcdc  ti_sysbios_knl_Semaphore_Object__PARAMS__C                         
1002fd00  ti_sysbios_gates_GateHwi_Object__PARAMS__C                         
1002fd18  ti_sysbios_gates_GateMutex_Object__PARAMS__C                       
1002fd30  ti_sysbios_knl_Event_Object__PARAMS__C                             
1002fd48  ti_sysbios_knl_Queue_Object__PARAMS__C                             
1002fd80  ti_sysbios_heaps_HeapTrack_Object__PARAMS__C                       
1002fd9c  ti_sysbios_heaps_HeapTrack_Instance_State_trackQueue__O            
1002fda0  ti_sysbios_heaps_HeapTrack_Module__diagsEnabled__C                 
1002fda4  ti_sysbios_heaps_HeapTrack_Module__diagsIncluded__C                
1002fda8  ti_sysbios_heaps_HeapTrack_Module__diagsMask__C                    
1002fddb  strlen                                                             
20000000  ti_sysbios_family_arm_m3_Hwi_ramVectors                            
20000100  xdcRomConstPtr                                                     
20000104  xdcRomExternFuncPtr                                                
20000108  xdcRomStatePtr                                                     
20000110  __primary_heap_start__                                             
20001110  PowerCC26X2_module                                                 
20001110  __primary_heap_end__                                               
20001220  ROM_stateStruct                                                    
20001220  ti_sysbios_knl_Clock_Module__state__V                              
2000124c  ti_sysbios_family_arm_cc26xx_TimestampProvider_Module__state__V    
20001250  xdc_runtime_Startup_Module__state__V                               
20001258  xdc_runtime_Registry_Module__state__V                              
20001260  ti_sysbios_BIOS_Module__state__V                                   
20001284  ti_sysbios_knl_Swi_Module__state__V                                
200012a0  ti_sysbios_knl_Task_Module__state__V                               
200012e4  xdc_runtime_Memory_Module__state__V                                
200012e8  xdc_runtime_System_Module__state__V                                
200012f0  ti_sysbios_family_arm_m3_Hwi_Module__state__V                      
20001324  ti_sysbios_family_arm_cc26xx_Timer_Module__state__V                
200013b4  usb1352_rf_data_rate_table                                         
20001414  ti_sysbios_gates_GateMutex_Object__table__V                        
20001468  ti_sysbios_knl_Task_Object__table__V                               
200014b8  ti_sysbios_family_arm_cc26xx_Timer_Object__table__V                
20001500  RF_cmdPropRadioDivSetup                                            
20001530  ti_sysbios_knl_Swi_Module_State_0_readyQ__A                        
20001560  ti_sysbios_knl_Swi_Object__table__V                                
20001590  ti_sysbios_knl_Task_Module_State_0_readyQ__A                       
200015c0  RF_cmdPropRx                                                       
200015e4  ti_sysbios_knl_Clock_Object__table__V                              
20001604  xdc_runtime_Error_IgnoreBlock                                      
20001624  gpioCallbackFunctions                                              
20001640  gpioPinConfigs                                                     
2000165c  RF_cmdFs                                                           
20001674  RF_cmdPropTx                                                       
2000168c  pOverrides                                                         
200016a4  ti_sysbios_family_arm_m3_Hwi_Object__table__V                      
200016bc  ti_sysbios_heaps_HeapMem_Object__table__V                          
200016d4  pOverridesTx20                                                     
200016e8  pOverridesTxStd                                                    
200016fc  RF_prop                                                            
2000170c  amp_pin_config                                                     
2000171c  _lock                                                              
20001720  _unlock                                                            
20001724  pinUpperBound                                                      
20001728  pinLowerBound                                                      
2000172c  ti_sysbios_family_arm_m3_Hwi_Module__root__V                       
20001734  ti_sysbios_gates_GateHwi_Module__root__V                           
2000173c  ti_sysbios_gates_GateMutex_Module__root__V                         
20001744  ti_sysbios_hal_Hwi_Module__root__V                                 
2000174c  ti_sysbios_heaps_HeapMem_Module__root__V                           
20001754  ti_sysbios_knl_Clock_Module__root__V                               
2000175c  ti_sysbios_knl_Event_Module__root__V                               
20001764  ti_sysbios_knl_Mailbox_Module__root__V                             
2000176c  ti_sysbios_knl_Queue_Module__root__V                               
20001774  ti_sysbios_knl_Semaphore_Module__root__V                           
2000177c  ti_sysbios_knl_Swi_Module__root__V                                 
20001784  ti_sysbios_knl_Task_Module__root__V                                
2000178c  xdc_runtime_System_Module_State_0_atexitHandlers__A                
2000179a  ti_sysbios_family_arm_m3_Hwi_Module_State_0_excActive__A           
2000179c  main_func_sp                                                       
200017a0  ti_sysbios_family_arm_m3_Hwi_Module_State_0_excContext__A          
200017a4  ti_sysbios_family_arm_m3_Hwi_Module_State_0_excStack__A            
200017a8  ti_sysbios_knl_Task_Module_State_0_idleTask__A                     
200039a8  ti_sysbios_knl_Task_Instance_State_0_stack__A                      
20003dab  driverlib_release_0_55938                                          
20003dac  ti_sysbios_family_arm_m3_Hwi_dispatchTable                         
20003e84  spiCC26X2DMAObjects                                                
20004000  pinHandleTable                                                     
200042d4  udmaCC26XXObject                                                   
200043c0  ClockP_tickPeriod                                                  
200043c4  PowerCC26XX_swiKey                                                 
200043c8  PowerCC26XX_taskKey                                                
200043cc  readEntry                                                          
20013c00  __stack                                                            
20014000  __STACK_END                                                        
e000e000  ti_sysbios_family_arm_m3_Hwi_nvic                                  
ffffffff  __TI_pprof_out_hndl                                                
ffffffff  __TI_prof_data_size                                                
ffffffff  __TI_prof_data_start                                               
ffffffff  __binit__                                                          
ffffffff  __c_args__                                                         
ffffffff  binit                                                              
UNDEFED   SHT$$INIT_ARRAY$$Base                                              
UNDEFED   SHT$$INIT_ARRAY$$Limit                                             

[902 symbols]
